Component: ARM Compiler 5.05 update 2 (build 169) Tool: armlink [4d0f33]

==============================================================================

Section Cross References

    main.o(.text) refers to stm32f4xx_hal_rcc.o(.text) for HAL_RCC_OscConfig
    main.o(.text) refers to rt_cmsis.o(i.osKernelInitialize) for osKernelInitialize
    main.o(.text) refers to stm32f4xx_hal.o(.text) for HAL_Init
    main.o(.text) refers to accel_thread.o(.text) for start_ACCEL_thread
    main.o(.text) refers to keypad_thread.o(.text) for start_KEYPAD_thread
    main.o(.text) refers to temp_thread.o(.text) for start_TEMP_thread
    main.o(.text) refers to seg_thread.o(.text) for start_SEG_thread
    main.o(.text) refers to rt_cmsis.o(i.osKernelStart) for osKernelStart
    main.o(.text) refers to rt_cmsis.o(i.osDelay) for osDelay
    main.o(.text) refers to stm32f4xx_hal_tim.o(.text) for HAL_TIM_IRQHandler
    main.o(.text) refers to stm32f4xx_hal_gpio.o(.text) for HAL_GPIO_EXTI_IRQHandler
    main.o(.text) refers to rt_cmsis.o(i.osSignalSet) for osSignalSet
    main.o(.text) refers to rt_time.o(.data) for os_time
    main.o(.text) refers to keypad_thread.o(.bss) for HWTimer
    main.o(.text) refers to temp_thread.o(.bss) for TIM2_handle
    main.o(.text) refers to seg_thread.o(.bss) for TIM3_handle
    main.o(.text) refers to accel_thread.o(.data) for ACCEL_thread_ID
    main.o(.text) refers to keypad_thread.o(.data) for KEYPAD_thread_ID
    main.o(.text) refers to temp_thread.o(.data) for TEMP_thread_ID
    main.o(.text) refers to seg_thread.o(.data) for SEG_thread_ID
    thread_led.o(.text) refers to rt_cmsis.o(i.osThreadCreate) for osThreadCreate
    thread_led.o(.text) refers to rt_cmsis.o(i.osDelay) for osDelay
    thread_led.o(.text) refers to stm32f4xx_hal_gpio.o(.text) for HAL_GPIO_TogglePin
    thread_led.o(.text) refers to thread_led.o(.constdata) for os_thread_def_Thread_LED
    thread_led.o(.text) refers to thread_led.o(.data) for tid_Thread_LED
    thread_led.o(.text) refers to thread_led.o(.bss) for LED_configuration
    thread_led.o(.constdata) refers to thread_led.o(.text) for Thread_LED
    supporting_functions.o(.text) refers to printfb.o(i.__0printf$bare) for __2printf
    accel_thread.o(.text) refers to lis3dsh.o(.text) for LIS3DSH_Init
    accel_thread.o(.text) refers to stm32f4xx_hal_gpio.o(.text) for HAL_GPIO_Init
    accel_thread.o(.text) refers to stm32f4xx_hal_cortex.o(.text) for HAL_NVIC_SetPriority
    accel_thread.o(.text) refers to rt_cmsis.o(i.osThreadCreate) for osThreadCreate
    accel_thread.o(.text) refers to rt_cmsis.o(i.osSignalWait) for osSignalWait
    accel_thread.o(.text) refers to f2d.o(.text) for __aeabi_f2d
    accel_thread.o(.text) refers to dmul.o(.text) for __aeabi_dmul
    accel_thread.o(.text) refers to dadd.o(.text) for __aeabi_dadd
    accel_thread.o(.text) refers to d2f.o(.text) for __aeabi_d2f
    accel_thread.o(.text) refers to arm_fir_f32.o(.text) for arm_fir_f32
    accel_thread.o(.text) refers to sqrt_full.o(i.__hardfp_sqrt) for __hardfp_sqrt
    accel_thread.o(.text) refers to ddiv.o(.text) for __aeabi_ddiv
    accel_thread.o(.text) refers to atan.o(i.__hardfp_atan) for __hardfp_atan
    accel_thread.o(.text) refers to accel_thread.o(.constdata) for os_thread_def_ACCEL_thread
    accel_thread.o(.text) refers to accel_thread.o(.data) for ACCEL_thread_ID
    accel_thread.o(.text) refers to accel_thread.o(.bss) for xArray
    accel_thread.o(.constdata) refers to accel_thread.o(.text) for ACCEL_thread
    accel_thread.o(.data) refers to accel_thread.o(.bss) for firStateF32
    adc.o(.text) refers to memcpya.o(.text) for __aeabi_memcpy4
    adc.o(.text) refers to stm32f4xx_hal_adc.o(.text) for HAL_ADC_ConfigChannel
    adc.o(.text) refers to f2d.o(.text) for __aeabi_f2d
    adc.o(.text) refers to dadd.o(.text) for __aeabi_dsub
    adc.o(.text) refers to d2f.o(.text) for __aeabi_d2f
    adc.o(.text) refers to ddiv.o(.text) for __aeabi_ddiv
    adc.o(.text) refers to adc.o(.bss) for ADC1_Handle
    gpio.o(.text) refers to stm32f4xx_hal_gpio.o(.text) for HAL_GPIO_Init
    keypad.o(.text) refers to stm32f4xx_hal_gpio.o(.text) for HAL_GPIO_Init
    keypad.o(.text) refers to keypad.o(.data) for counter
    keypad_thread.o(.text) refers to gpio.o(.text) for displayValue
    keypad_thread.o(.text) refers to f2d.o(.text) for __aeabi_f2d
    keypad_thread.o(.text) refers to fabs.o(i.__hardfp_fabs) for __hardfp_fabs
    keypad_thread.o(.text) refers to d2f.o(.text) for __aeabi_d2f
    keypad_thread.o(.text) refers to stm32f4xx_hal_tim.o(.text) for HAL_TIM_PWM_ConfigChannel
    keypad_thread.o(.text) refers to keypad_thread.o(.data) for rollValue
    keypad_thread.o(.text) refers to seg_thread.o(.data) for mode
    keypad_thread.o(.text) refers to accel_thread.o(.data) for rollAngle
    keypad_thread.o(.text) refers to keypad_thread.o(.bss) for HWTimer
    keypad_thread.o(.text) refers to stm32f4xx_hal_cortex.o(.text) for HAL_NVIC_SetPriority
[...]
    .data                                    0x200000f0   Section       16  rtx_conf_cm.o(.data)
    .data                                    0x20000100   Section        4  system_stm32f4xx.o(.data)
    .data                                    0x20000104   Section        4  stm32f4xx_hal.o(.data)
    uwTick                                   0x20000104   Data           4  stm32f4xx_hal.o(.data)
    .data                                    0x20000108   Section        8  rt_cmsis.o(.data)
    .data                                    0x20000110   Section        4  rt_time.o(.data)
    .data                                    0x20000114   Section        8  rt_task.o(.data)
    .data                                    0x2000011c   Section        8  rt_system.o(.data)
    os_lock                                  0x2000011c   Data           1  rt_system.o(.data)
    os_psh_flag                              0x2000011d   Data           1  rt_system.o(.data)
    pend_flags                               0x2000011e   Data           1  rt_system.o(.data)
    .data                                    0x20000124   Section        1  hal_cm.o(.data)
    .data                                    0x20000128   Section        8  rt_robin.o(.data)
    .data                                    0x20000130   Section        4  stdout.o(.data)
    .data                                    0x20000134   Section        4  errno.o(.data)
    _errno                                   0x20000134   Data           4  errno.o(.data)
    .bss                                     0x20000138   Section      228  accel_thread.o(.bss)
    .bss                                     0x2000021c   Section       68  adc.o(.bss)
    .bss                                     0x20000260   Section       60  keypad_thread.o(.bss)
    .bss                                     0x2000029c   Section       60  temp_thread.o(.bss)
    .bss                                     0x200002d8   Section       60  seg_thread.o(.bss)
    .bss                                     0x20000314   Section       88  lis3dsh.o(.bss)
    .bss                                     0x20000370   Section    25616  rtx_conf_cm.o(.bss)
    .bss                                     0x20006780   Section       52  rt_task.o(.bss)
    .bss                                     0x200067b4   Section       48  rt_list.o(.bss)
    STACK                                    0x200067e8   Section     1024  startup_stm32f407xx.o(STACK)

    Global Symbols

    Symbol Name                              Value     Ov Type        Size  Object(Section)

    BuildAttributes$$THM_ISAv4$E$P$D$K$B$S$7EM$VFPi3$EXTD16$VFPS$VFMA$PE$A:L22UL41UL21$X:L11$S22US41US21$IEEE1$IW$USESV6$~STKCKD$USESV7$~SHL$OTIME$ROPI$IEEEX$EBA8$MICROLIB$REQ8$PRES8$EABIv2 0x00000000   Number         0  anon$$obj.o ABSOLUTE
    __ARM_use_no_argv                        0x00000000   Number         0  main.o ABSOLUTE
    __cpp_initialize__aeabi_                  - Undefined Weak Reference
    __cxa_finalize                            - Undefined Weak Reference
    _clock_init                               - Undefined Weak Reference
    _microlib_exit                            - Undefined Weak Reference
    __Vectors_Size                           0x00000188   Number         0  startup_stm32f407xx.o ABSOLUTE
    __RL_RTX_VER                             0x00000482   Number         0  rt_system.o ABSOLUTE
    __Vectors                                0x08000000   Data           4  startup_stm32f407xx.o(RESET)
    __Vectors_End                            0x08000188   Data           0  startup_stm32f407xx.o(RESET)
    __main                                   0x08000189   Thumb Code     0  entry.o(.ARM.Collect$$$$00000000)
    _main_stk                                0x08000189   Thumb Code     0  entry2.o(.ARM.Collect$$$$00000001)
    _main_scatterload                        0x0800018d   Thumb Code     0  entry5.o(.ARM.Collect$$$$00000004)
    __main_after_scatterload                 0x08000191   Thumb Code     0  entry5.o(.ARM.Collect$$$$00000004)
    __rt_final_cpp                           0x08000191   Thumb Code     0  entry10a.o(.ARM.Collect$$$$0000000D)
    __rt_final_exit                          0x08000191   Thumb Code     0  entry11a.o(.ARM.Collect$$$$0000000F)
    _main_clock                              0x08000191   Thumb Code     0  entry7b.o(.ARM.Collect$$$$00000008)
    _main_cpp_init                           0x08000191   Thumb Code     0  entry8b.o(.ARM.Collect$$$$0000000A)
    _main_init                               0x08000191   Thumb Code    18  rtx_conf_cm.o(.ARM.Collect$$$$000000FF)
    rt_set_PSP                               0x080001ad   Thumb Code     6  hal_cm4.o(.emb_text)
    rt_get_PSP                               0x080001b3   Thumb Code     6  hal_cm4.o(.emb_text)
    os_set_env                               0x080001b9   Thumb Code    24  hal_cm4.o(.emb_text)
    _alloc_box                               0x080001d5   Thumb Code    28  hal_cm4.o(.emb_text)
    _free_box                                0x080001f5   Thumb Code    28  hal_cm4.o(.emb_text)
    SVC_Handler                              0x08000215   Thumb Code   168  hal_cm4.o(.emb_text)
    PendSV_Handler                           0x080002cd   Thumb Code    96  hal_cm4.o(.emb_text)
    SysTick_Handler                          0x08000331   Thumb Code     8  hal_cm4.o(.emb_text)
    OS_Tick_Handler                          0x08000339   Thumb Code    12  hal_cm4.o(.emb_text)
    HAL_GetTick                              0x08000345   Thumb Code     6  main.o(.text)
    SystemClock_Config                       0x0800034b   Thumb Code   142  main.o(.text)
    main                                     0x080003d9   Thumb Code    54  main.o(.text)
    TIM4_IRQHandler                          0x0800040f   Thumb Code    10  main.o(.text)
    TIM2_IRQHandler                          0x08000419   Thumb Code    10  main.o(.text)
    TIM3_IRQHandler                          0x08000423   Thumb Code    10  main.o(.text)
    EXTI0_IRQHandler                         0x0800042d   Thumb Code    10  main.o(.text)
    HAL_GPIO_EXTI_Callback                   0x08000437   Thumb Code    20  main.o(.text)
    HAL_TIM_PeriodElapsedCallback            0x0800044b   Thumb Code    64  main.o(.text)
    ACCEL_thread_periph_init                 0x080004bd   Thumb Code   176  accel_thread.o(.text)
    start_ACCEL_thread                       0x0800056d   Thumb Code    18  accel_thread.o(.text)
    ACCEL_thread                             0x0800057f   Thumb Code   782  accel_thread.o(.text)
    ADC_Init                                 0x0800090d   Thumb Code   106  adc.o(.text)
    ADC_getValue                             0x08000977   Thumb Code   174  adc.o(.text)
    convertToFahrenheit                      0x08000a25   Thumb Code    34  adc.o(.text)
    GPIO_Init                                0x08000a71   Thumb Code   136  gpio.o(.text)
    displayValue                             0x08000af9   Thumb Code  1172  gpio.o(.text)
    resetDisplay                             0x08000f8d   Thumb Code    16  gpio.o(.text)
    initializeKeyPad                         0x08000fa1   Thumb Code    78  keypad.o(.text)
    KeyPadGetValue                           0x08000fef   Thumb Code   330  keypad.o(.text)
    setUpRollValue                           0x08001145   Thumb Code     6  keypad_thread.o(.text)
    setUpPitchValue                          0x0800114b   Thumb Code     6  keypad_thread.o(.text)
    keyPadInput                              0x08001151   Thumb Code   532  keypad_thread.o(.text)
    controlRollLED                           0x08001365   Thumb Code   146  keypad_thread.o(.text)
    controlPitchLED                          0x080013f7   Thumb Code   144  keypad_thread.o(.text)
    KEYPAD_thread_periph_init                0x08001487   Thumb Code   276  keypad_thread.o(.text)
    start_KEYPAD_thread                      0x0800159b   Thumb Code    18  keypad_thread.o(.text)
    KEYPAD_thread                            0x080015ad   Thumb Code    66  keypad_thread.o(.text)
    TEMP_thread_periph_init                  0x08001605   Thumb Code   118  temp_thread.o(.text)
    start_TEMP_thread                        0x0800167b   Thumb Code    18  temp_thread.o(.text)
    TEMP_thread                              0x0800168d   Thumb Code    38  temp_thread.o(.text)
    SEG_thread_periph_init                   0x080016c9   Thumb Code   118  seg_thread.o(.text)
    start_SEG_thread                         0x0800173f   Thumb Code    18  seg_thread.o(.text)
    SEG_thread                               0x08001751   Thumb Code   218  seg_thread.o(.text)
    SPI_ReceiveData                          0x08001859   Thumb Code    10  lis3dsh.o(.text)
    LIS3DSH_TIMEOUT_UserCallback             0x08001863   Thumb Code     4  lis3dsh.o(.text)
    SPI_SendData                             0x08001867   Thumb Code     6  lis3dsh.o(.text)
    LIS3DSH_Write                            0x080018d9   Thumb Code    62  lis3dsh.o(.text)
    LIS3DSH_Init                             0x08001917   Thumb Code   170  lis3dsh.o(.text)
    LIS3DSH_Read                             0x080019c1   Thumb Code    70  lis3dsh.o(.text)
    LIS3DSH_DataReadyInterruptConfig         0x08001a07   Thumb Code    42  lis3dsh.o(.text)
    LIS3DSH_LowpowerCmd                      0x08001a31   Thumb Code    40  lis3dsh.o(.text)
    LIS3DSH_DataRateCmd                      0x08001a59   Thumb Code    44  lis3dsh.o(.text)
    LIS3DSH_FullScaleCmd                     0x08001a85   Thumb Code    44  lis3dsh.o(.text)
    LIS3DSH_ReadACC                          0x08001ab1   Thumb Code   628  lis3dsh.o(.text)
    HAL_SPI_MspInit                          0x08001d25   Thumb Code   218  lis3dsh.o(.text)
    os_idle_demon                            0x08001e19   Thumb Code     4  rtx_conf_cm.o(.text)
    os_error                                 0x08001e1d   Thumb Code    34  rtx_conf_cm.o(.text)
    Reset_Handler                            0x08001e41   Thumb Code     8  startup_stm32f407xx.o(.text)
    NMI_Handler                              0x08001e49   Thumb Code     2  startup_stm32f407xx.o(.text)
    HardFault_Handler                        0x08001e4b   Thumb Code     2  startup_stm32f407xx.o(.text)
    MemManage_Handler                        0x08001e4d   Thumb Code     2  startup_stm32f407xx.o(.text)
    BusFault_Handler                         0x08001e4f   Thumb Code     2  startup_stm32f407xx.o(.text)
    UsageFault_Handler                       0x08001e51   Thumb Code     2  startup_stm32f407xx.o(.text)
    DebugMon_Handler                         0x08001e55   Thumb Code     2  startup_stm32f407xx.o(.text)
    ADC_IRQHandler                           0x08001e5b   Thumb Code     0  startup_stm32f407xx.o(.text)
    CAN1_RX0_IRQHandler                      0x08001e5b   Thumb Code     0  startup_stm32f407xx.o(.text)
    CAN1_RX1_IRQHandler                      0x08001e5b   Thumb Code     0  startup_stm32f407xx.o(.text)
    CAN1_SCE_IRQHandler                      0x08001e5b   Thumb Code     0  startup_stm32f407xx.o(.text)
    CAN1_TX_IRQHandler                       0x08001e5b   Thumb Code     0  startup_stm32f407xx.o(.text)
    CAN2_RX0_IRQHandler                      0x08001e5b   Thumb Code     0  startup_stm32f407xx.o(.text)
    CAN2_RX1_IRQHandler                      0x08001e5b   Thumb Code     0  startup_stm32f407xx.o(.text)
    CAN2_SCE_IRQHandler                      0x08001e5b   Thumb Code     0  startup_stm32f407xx.o(.text)
    CAN2_TX_IRQHandler                       0x08001e5b   Thumb Code     0  startup_stm32f407xx.o(.text)
    DCMI_IRQHandler                          0x08001e5b   Thumb Code     0  startup_stm32f407xx.o(.text)
    DMA1_Stream0_IRQHandler                  0x08001e5b   Thumb Code     0  startup_stm32f407xx.o(.text)
    DMA1_Stream1_IRQHandler                  0x08001e5b   Thumb Code     0  startup_stm32f407xx.o(.text)
    DMA1_Stream2_IRQHandler                  0x08001e5b   Thumb Code     0  startup_stm32f407xx.o(.text)
    DMA1_Stream3_IRQHandler                  0x08001e5b   Thumb Code     0  startup_stm32f407xx.o(.text)
    DMA1_Stream4_IRQHandler                  0x08001e5b   Thumb Code     0  startup_stm32f407xx.o(.text)
    DMA1_Stream5_IRQHandler                  0x08001e5b   Thumb Code     0  startup_stm32f407xx.o(.text)
    DMA1_Stream6_IRQHandler                  0x08001e5b   Thumb Code     0  startup_stm32f407xx.o(.text)
    DMA1_Stream7_IRQHandler                  0x08001e5b   Thumb Code     0  startup_stm32f407xx.o(.text)
    DMA2_Stream0_IRQHandler                  0x08001e5b   Thumb Code     0  startup_stm32f407xx.o(.text)
    DMA2_Stream1_IRQHandler                  0x08001e5b   Thumb Code     0  startup_stm32f407xx.o(.text)
    DMA2_Stream2_IRQHandler                  0x08001e5b   Thumb Code     0  startup_stm32f407xx.o(.text)
    DMA2_Stream3_IRQHandler                  0x08001e5b   Thumb Code     0  startup_stm32f407xx.o(.text)
    DMA2_Stream4_IRQHandler                  0x08001e5b   Thumb Code     0  startup_stm32f407xx.o(.text)
    DMA2_Stream5_IRQHandler                  0x08001e5b   Thumb Code     0  startup_stm32f407xx.o(.text)
    DMA2_Stream6_IRQHandler                  0x08001e5b   Thumb Code     0  startup_stm32f407xx.o(.text)
    DMA2_Stream7_IRQHandler                  0x08001e5b   Thumb Code     0  startup_stm32f407xx.o(.text)
    ETH_IRQHandler                           0x08001e5b   Thumb Code     0  startup_stm32f407xx.o(.text)
    ETH_WKUP_IRQHandler                      0x08001e5b   Thumb Code     0  startup_stm32f407xx.o(.text)
    EXTI15_10_IRQHandler                     0x08001e5b   Thumb Code     0  startup_stm32f407xx.o(.text)
    EXTI1_IRQHandler                         0x08001e5b   Thumb Code     0  startup_stm32f407xx.o(.text)
    EXTI2_IRQHandler                         0x08001e5b   Thumb Code     0  startup_stm32f407xx.o(.text)
    EXTI3_IRQHandler                         0x08001e5b   Thumb Code     0  startup_stm32f407xx.o(.text)
    EXTI4_IRQHandler                         0x08001e5b   Thumb Code     0  startup_stm32f407xx.o(.text)
    EXTI9_5_IRQHandler                       0x08001e5b   Thumb Code     0  startup_stm32f407xx.o(.text)
    FLASH_IRQHandler                         0x08001e5b   Thumb Code     0  startup_stm32f407xx.o(.text)
    FMC_IRQHandler                           0x08001e5b   Thumb Code     0  startup_stm32f407xx.o(.text)
    FPU_IRQHandler                           0x08001e5b   Thumb Code     0  startup_stm32f407xx.o(.text)
    HASH_RNG_IRQHandler                      0x08001e5b   Thumb Code     0  startup_stm32f407xx.o(.text)
    I2C1_ER_IRQHandler                       0x08001e5b   Thumb Code     0  startup_stm32f407xx.o(.text)
    I2C1_EV_IRQHandler                       0x08001e5b   Thumb Code     0  startup_stm32f407xx.o(.text)
    I2C2_ER_IRQHandler                       0x08001e5b   Thumb Code     0  startup_stm32f407xx.o(.text)
    I2C2_EV_IRQHandler                       0x08001e5b   Thumb Code     0  startup_stm32f407xx.o(.text)
    I2C3_ER_IRQHandler                       0x08001e5b   Thumb Code     0  startup_stm32f407xx.o(.text)
    I2C3_EV_IRQHandler                       0x08001e5b   Thumb Code     0  startup_stm32f407xx.o(.text)
    OTG_FS_IRQHandler                        0x08001e5b   Thumb Code     0  startup_stm32f407xx.o(.text)
    OTG_FS_WKUP_IRQHandler                   0x08001e5b   Thumb Code     0  startup_stm32f407xx.o(.text)
    OTG_HS_EP1_IN_IRQHandler                 0x08001e5b   Thumb Code     0  startup_stm32f407xx.o(.text)
    OTG_HS_EP1_OUT_IRQHandler                0x08001e5b   Thumb Code     0  startup_stm32f407xx.o(.text)
    OTG_HS_IRQHandler                        0x08001e5b   Thumb Code     0  startup_stm32f407xx.o(.text)
    OTG_HS_WKUP_IRQHandler                   0x08001e5b   Thumb Code     0  startup_stm32f407xx.o(.text)
    PVD_IRQHandler                           0x08001e5b   Thumb Code     0  startup_stm32f407xx.o(.text)
    RCC_IRQHandler                           0x08001e5b   Thumb Code     0  startup_stm32f407xx.o(.text)
    RTC_Alarm_IRQHandler                     0x08001e5b   Thumb Code     0  startup_stm32f407xx.o(.text)
    RTC_WKUP_IRQHandler                      0x08001e5b   Thumb Code     0  startup_stm32f407xx.o(.text)
    SDIO_IRQHandler                          0x08001e5b   Thumb Code     0  startup_stm32f407xx.o(.text)
    SPI1_IRQHandler                          0x08001e5b   Thumb Code     0  startup_stm32f407xx.o(.text)
    SPI2_IRQHandler                          0x08001e5b   Thumb Code     0  startup_stm32f407xx.o(.text)
    SPI3_IRQHandler                          0x08001e5b   Thumb Code     0  startup_stm32f407xx.o(.text)
    TAMP_STAMP_IRQHandler                    0x08001e5b   Thumb Code     0  startup_stm32f407xx.o(.text)
    TIM1_BRK_TIM9_IRQHandler                 0x08001e5b   Thumb Code     0  startup_stm32f407xx.o(.text)
    TIM1_CC_IRQHandler                       0x08001e5b   Thumb Code     0  startup_stm32f407xx.o(.text)
    TIM1_TRG_COM_TIM11_IRQHandler            0x08001e5b   Thumb Code     0  startup_stm32f407xx.o(.text)
    TIM1_UP_TIM10_IRQHandler                 0x08001e5b   Thumb Code     0  startup_stm32f407xx.o(.text)
    TIM5_IRQHandler                          0x08001e5b   Thumb Code     0  startup_stm32f407xx.o(.text)
    TIM6_DAC_IRQHandler                      0x08001e5b   Thumb Code     0  startup_stm32f407xx.o(.text)
    TIM7_IRQHandler                          0x08001e5b   Thumb Code     0  startup_stm32f407xx.o(.text)
    TIM8_BRK_TIM12_IRQHandler                0x08001e5b   Thumb Code     0  startup_stm32f407xx.o(.text)
    TIM8_CC_IRQHandler                       0x08001e5b   Thumb Code     0  startup_stm32f407xx.o(.text)
    TIM8_TRG_COM_TIM14_IRQHandler            0x08001e5b   Thumb Code     0  startup_stm32f407xx.o(.text)
    TIM8_UP_TIM13_IRQHandler                 0x08001e5b   Thumb Code     0  startup_stm32f407xx.o(.text)
    UART4_IRQHandler                         0x08001e5b   Thumb Code     0  startup_stm32f407xx.o(.text)
    UART5_IRQHandler                         0x08001e5b   Thumb Code     0  startup_stm32f407xx.o(.text)
    USART1_IRQHandler                        0x08001e5b   Thumb Code     0  startup_stm32f407xx.o(.text)
    USART2_IRQHandler                        0x08001e5b   Thumb Code     0  startup_stm32f407xx.o(.text)
    USART3_IRQHandler                        0x08001e5b   Thumb Code     0  startup_stm32f407xx.o(.text)
    USART6_IRQHandler                        0x08001e5b   Thumb Code     0  startup_stm32f407xx.o(.text)
    WWDG_IRQHandler                          0x08001e5b   Thumb Code     0  startup_stm32f407xx.o(.text)
    SystemInit                               0x08001e65   Thumb Code    82  system_stm32f4xx.o(.text)
    SystemCoreClockUpdate                    0x08001eb7   Thumb Code   174  system_stm32f4xx.o(.text)
    HAL_MspInit                              0x08001f85   Thumb Code    10  stm32f4xx_hal.o(.text)
    HAL_InitTick                             0x08001f8f   Thumb Code    36  stm32f4xx_hal.o(.text)
    HAL_Init                                 0x08001fb3   Thumb Code    54  stm32f4xx_hal.o(.text)
    HAL_MspDeInit                            0x08001fe9   Thumb Code    10  stm32f4xx_hal.o(.text)
    HAL_DeInit                               0x08001ff3   Thumb Code    64  stm32f4xx_hal.o(.text)
    HAL_IncTick                              0x08002033   Thumb Code    12  stm32f4xx_hal.o(.text)
    HAL_Delay                                0x08002045   Thumb Code    26  stm32f4xx_hal.o(.text)
    HAL_SuspendTick                          0x0800205f   Thumb Code    18  stm32f4xx_hal.o(.text)
    HAL_ResumeTick                           0x08002071   Thumb Code    18  stm32f4xx_hal.o(.text)
    HAL_GetHalVersion                        0x08002083   Thumb Code     4  stm32f4xx_hal.o(.text)
    HAL_GetREVID                             0x08002087   Thumb Code     8  stm32f4xx_hal.o(.text)
    HAL_GetDEVID                             0x0800208f   Thumb Code    10  stm32f4xx_hal.o(.text)
    HAL_DBGMCU_EnableDBGSleepMode            0x08002099   Thumb Code    14  stm32f4xx_hal.o(.text)
    HAL_DBGMCU_DisableDBGSleepMode           0x080020a7   Thumb Code    14  stm32f4xx_hal.o(.text)
    HAL_DBGMCU_EnableDBGStopMode             0x080020b5   Thumb Code    14  stm32f4xx_hal.o(.text)
    HAL_DBGMCU_DisableDBGStopMode            0x080020c3   Thumb Code    14  stm32f4xx_hal.o(.text)
    HAL_DBGMCU_EnableDBGStandbyMode          0x080020d1   Thumb Code    14  stm32f4xx_hal.o(.text)
    HAL_DBGMCU_DisableDBGStandbyMode         0x080020df   Thumb Code    14  stm32f4xx_hal.o(.text)
    HAL_EnableCompensationCell               0x080020ed   Thumb Code    22  stm32f4xx_hal.o(.text)
    HAL_DisableCompensationCell              0x08002103   Thumb Code    24  stm32f4xx_hal.o(.text)
    HAL_ADC_MspInit                          0x0800229f   Thumb Code     2  stm32f4xx_hal_adc.o(.text)
    HAL_ADC_Init                             0x080022a1   Thumb Code    74  stm32f4xx_hal_adc.o(.text)
    HAL_ADC_MspDeInit                        0x080022eb   Thumb Code     2  stm32f4xx_hal_adc.o(.text)
    HAL_ADC_DeInit                           0x080022ed   Thumb Code    34  stm32f4xx_hal_adc.o(.text)
    HAL_ADC_Start                            0x0800230f   Thumb Code   182  stm32f4xx_hal_adc.o(.text)
    HAL_ADC_Stop                             0x080023c5   Thumb Code    24  stm32f4xx_hal_adc.o(.text)
    HAL_ADC_PollForConversion                0x080023dd   Thumb Code   130  stm32f4xx_hal_adc.o(.text)
    HAL_ADC_PollForEvent                     0x0800245f   Thumb Code   104  stm32f4xx_hal_adc.o(.text)
    HAL_ADC_Start_IT                         0x080024c7   Thumb Code   232  stm32f4xx_hal_adc.o(.text)
    HAL_ADC_Stop_IT                          0x080025af   Thumb Code    48  stm32f4xx_hal_adc.o(.text)
    HAL_ADC_ErrorCallback                    0x080025df   Thumb Code     2  stm32f4xx_hal_adc.o(.text)
    HAL_ADC_LevelOutOfWindowCallback         0x080025e1   Thumb Code     2  stm32f4xx_hal_adc.o(.text)
    HAL_ADC_ConvCpltCallback                 0x080025e3   Thumb Code     2  stm32f4xx_hal_adc.o(.text)
    HAL_ADC_IRQHandler                       0x080025e5   Thumb Code   348  stm32f4xx_hal_adc.o(.text)
    HAL_ADC_ConvHalfCpltCallback             0x0800275d   Thumb Code     2  stm32f4xx_hal_adc.o(.text)
    HAL_ADC_Start_DMA                        0x08002791   Thumb Code   186  stm32f4xx_hal_adc.o(.text)
    HAL_ADC_Stop_DMA                         0x0800284b   Thumb Code    56  stm32f4xx_hal_adc.o(.text)
    HAL_ADC_GetValue                         0x08002883   Thumb Code     8  stm32f4xx_hal_adc.o(.text)
    HAL_ADC_ConfigChannel                    0x0800288b   Thumb Code   416  stm32f4xx_hal_adc.o(.text)
    HAL_ADC_AnalogWDGConfig                  0x08002a2b   Thumb Code   132  stm32f4xx_hal_adc.o(.text)
    HAL_ADC_GetState                         0x08002aaf   Thumb Code     8  stm32f4xx_hal_adc.o(.text)
    HAL_ADC_GetError                         0x08002ab7   Thumb Code     6  stm32f4xx_hal_adc.o(.text)
    HAL_ADCEx_InjectedStart                  0x08002ad1   Thumb Code   230  stm32f4xx_hal_adc_ex.o(.text)
    HAL_ADCEx_InjectedStart_IT               0x08002bb7   Thumb Code   258  stm32f4xx_hal_adc_ex.o(.text)
    HAL_ADCEx_InjectedStop                   0x08002cb9   Thumb Code    24  stm32f4xx_hal_adc_ex.o(.text)
    HAL_ADCEx_InjectedPollForConversion      0x08002cd1   Thumb Code    90  stm32f4xx_hal_adc_ex.o(.text)
    HAL_ADCEx_InjectedStop_IT                0x08002d2b   Thumb Code    48  stm32f4xx_hal_adc_ex.o(.text)
    HAL_ADCEx_InjectedGetValue               0x08002d5b   Thumb Code    70  stm32f4xx_hal_adc_ex.o(.text)
    HAL_ADCEx_MultiModeStart_DMA             0x08002def   Thumb Code   206  stm32f4xx_hal_adc_ex.o(.text)
    HAL_ADCEx_MultiModeStop_DMA              0x08002ebd   Thumb Code   116  stm32f4xx_hal_adc_ex.o(.text)
    HAL_ADCEx_MultiModeGetValue              0x08002f31   Thumb Code     8  stm32f4xx_hal_adc_ex.o(.text)
    HAL_ADCEx_InjectedConvCpltCallback       0x08002f39   Thumb Code     2  stm32f4xx_hal_adc_ex.o(.text)
    HAL_ADCEx_InjectedConfigChannel          0x08002f3b   Thumb Code   552  stm32f4xx_hal_adc_ex.o(.text)
    HAL_ADCEx_MultiModeConfigChannel         0x08003163   Thumb Code   130  stm32f4xx_hal_adc_ex.o(.text)
    HAL_NVIC_SetPriorityGrouping             0x08003211   Thumb Code    36  stm32f4xx_hal_cortex.o(.text)
    HAL_NVIC_SetPriority                     0x08003235   Thumb Code   124  stm32f4xx_hal_cortex.o(.text)
    HAL_NVIC_EnableIRQ                       0x080032b1   Thumb Code    32  stm32f4xx_hal_cortex.o(.text)
    HAL_NVIC_DisableIRQ                      0x080032d1   Thumb Code    30  stm32f4xx_hal_cortex.o(.text)
    HAL_NVIC_SystemReset                     0x080032ef   Thumb Code    64  stm32f4xx_hal_cortex.o(.text)
    HAL_SYSTICK_Config                       0x0800332f   Thumb Code    52  stm32f4xx_hal_cortex.o(.text)
    HAL_MPU_ConfigRegion                     0x08003363   Thumb Code    90  stm32f4xx_hal_cortex.o(.text)
    HAL_NVIC_GetPriorityGrouping             0x080033bd   Thumb Code     8  stm32f4xx_hal_cortex.o(.text)
    HAL_NVIC_GetPriority                     0x080033c5   Thumb Code   138  stm32f4xx_hal_cortex.o(.text)
    HAL_NVIC_SetPendingIRQ                   0x0800344f   Thumb Code    32  stm32f4xx_hal_cortex.o(.text)
    HAL_NVIC_GetPendingIRQ                   0x0800346f   Thumb Code    46  stm32f4xx_hal_cortex.o(.text)
    HAL_NVIC_ClearPendingIRQ                 0x0800349d   Thumb Code    30  stm32f4xx_hal_cortex.o(.text)
    HAL_NVIC_GetActive                       0x080034bb   Thumb Code    46  stm32f4xx_hal_cortex.o(.text)
    HAL_SYSTICK_CLKSourceConfig              0x080034e9   Thumb Code    40  stm32f4xx_hal_cortex.o(.text)
    HAL_SYSTICK_Callback                     0x08003511   Thumb Code    10  stm32f4xx_hal_cortex.o(.text)
    HAL_SYSTICK_IRQHandler                   0x0800351b   Thumb Code     8  stm32f4xx_hal_cortex.o(.text)
    HAL_DMA_Init                             0x08003573   Thumb Code   128  stm32f4xx_hal_dma.o(.text)
    HAL_DMA_DeInit                           0x080035f3   Thumb Code   100  stm32f4xx_hal_dma.o(.text)
    HAL_DMA_Start                            0x08003683   Thumb Code    82  stm32f4xx_hal_dma.o(.text)
    HAL_DMA_Start_IT                         0x080036d5   Thumb Code   106  stm32f4xx_hal_dma.o(.text)
    HAL_DMA_Abort                            0x0800373f   Thumb Code    94  stm32f4xx_hal_dma.o(.text)
    HAL_DMA_PollForTransfer                  0x0800379d   Thumb Code   412  stm32f4xx_hal_dma.o(.text)
    HAL_DMA_IRQHandler                       0x08003939   Thumb Code   530  stm32f4xx_hal_dma.o(.text)
    HAL_DMA_GetState                         0x08003b4b   Thumb Code     8  stm32f4xx_hal_dma.o(.text)
    HAL_DMA_GetError                         0x08003b53   Thumb Code     6  stm32f4xx_hal_dma.o(.text)
    HAL_GPIO_Init                            0x08003b5d   Thumb Code   476  stm32f4xx_hal_gpio.o(.text)
    HAL_GPIO_DeInit                          0x08003d39   Thumb Code   326  stm32f4xx_hal_gpio.o(.text)
    HAL_GPIO_ReadPin                         0x08003e7f   Thumb Code    16  stm32f4xx_hal_gpio.o(.text)
    HAL_GPIO_WritePin                        0x08003e8f   Thumb Code    12  stm32f4xx_hal_gpio.o(.text)
    HAL_GPIO_TogglePin                       0x08003e9b   Thumb Code     8  stm32f4xx_hal_gpio.o(.text)
    HAL_GPIO_LockPin                         0x08003ea3   Thumb Code    46  stm32f4xx_hal_gpio.o(.text)
    HAL_GPIO_EXTI_IRQHandler                 0x08003edb   Thumb Code    28  stm32f4xx_hal_gpio.o(.text)
    HAL_RCC_OscConfig                        0x08003f2b   Thumb Code  1032  stm32f4xx_hal_rcc.o(.text)
    HAL_RCC_ClockConfig                      0x08004333   Thumb Code   680  stm32f4xx_hal_rcc.o(.text)
    HAL_RCC_MCOConfig                        0x080045db   Thumb Code   178  stm32f4xx_hal_rcc.o(.text)
    HAL_RCC_EnableCSS                        0x0800468d   Thumb Code     8  stm32f4xx_hal_rcc.o(.text)
    HAL_RCC_DisableCSS                       0x08004695   Thumb Code     8  stm32f4xx_hal_rcc.o(.text)
    HAL_RCC_GetSysClockFreq                  0x0800469d   Thumb Code   198  stm32f4xx_hal_rcc.o(.text)
    HAL_RCC_GetHCLKFreq                      0x08004763   Thumb Code    42  stm32f4xx_hal_rcc.o(.text)
    HAL_RCC_GetPCLK1Freq                     0x0800478d   Thumb Code    36  stm32f4xx_hal_rcc.o(.text)
    HAL_RCC_GetPCLK2Freq                     0x080047b1   Thumb Code    36  stm32f4xx_hal_rcc.o(.text)
    HAL_RCC_GetOscConfig                     0x080047d5   Thumb Code   296  stm32f4xx_hal_rcc.o(.text)
    HAL_RCC_GetClockConfig                   0x080048fd   Thumb Code    58  stm32f4xx_hal_rcc.o(.text)
    HAL_RCC_CSSCallback                      0x08004937   Thumb Code    10  stm32f4xx_hal_rcc.o(.text)
    HAL_RCC_NMI_IRQHandler                   0x08004941   Thumb Code    30  stm32f4xx_hal_rcc.o(.text)
    HAL_SPI_Init                             0x08004977   Thumb Code   136  stm32f4xx_hal_spi.o(.text)
    HAL_SPI_MspDeInit                        0x080049ff   Thumb Code     2  stm32f4xx_hal_spi.o(.text)
    HAL_SPI_DeInit                           0x08004a01   Thumb Code    48  stm32f4xx_hal_spi.o(.text)
    HAL_SPI_Transmit                         0x08004b45   Thumb Code   450  stm32f4xx_hal_spi.o(.text)
    HAL_SPI_TransmitReceive                  0x08004d07   Thumb Code   850  stm32f4xx_hal_spi.o(.text)
    HAL_SPI_Receive                          0x08005059   Thumb Code   572  stm32f4xx_hal_spi.o(.text)
    HAL_SPI_ErrorCallback                    0x08005295   Thumb Code     2  stm32f4xx_hal_spi.o(.text)
    HAL_SPI_TxCpltCallback                   0x08005297   Thumb Code     2  stm32f4xx_hal_spi.o(.text)
    HAL_SPI_TxRxCpltCallback                 0x08005299   Thumb Code     2  stm32f4xx_hal_spi.o(.text)
    HAL_SPI_Transmit_IT                      0x08005389   Thumb Code   198  stm32f4xx_hal_spi.o(.text)
    HAL_SPI_RxCpltCallback                   0x0800544f   Thumb Code     2  stm32f4xx_hal_spi.o(.text)
    HAL_SPI_TransmitReceive_IT               0x08005577   Thumb Code   192  stm32f4xx_hal_spi.o(.text)
    HAL_SPI_Receive_IT                       0x08005689   Thumb Code   222  stm32f4xx_hal_spi.o(.text)
    HAL_SPI_TxHalfCpltCallback               0x08005817   Thumb Code     2  stm32f4xx_hal_spi.o(.text)
    HAL_SPI_Transmit_DMA                     0x08005827   Thumb Code   218  stm32f4xx_hal_spi.o(.text)
    HAL_SPI_RxHalfCpltCallback               0x08005a79   Thumb Code     2  stm32f4xx_hal_spi.o(.text)
    HAL_SPI_TxRxHalfCpltCallback             0x08005ac1   Thumb Code     2  stm32f4xx_hal_spi.o(.text)
    HAL_SPI_TransmitReceive_DMA              0x08005ad1   Thumb Code   324  stm32f4xx_hal_spi.o(.text)
    HAL_SPI_Receive_DMA                      0x08005c15   Thumb Code   288  stm32f4xx_hal_spi.o(.text)
    HAL_SPI_DMAPause                         0x08005d35   Thumb Code    62  stm32f4xx_hal_spi.o(.text)
    HAL_SPI_DMAResume                        0x08005d73   Thumb Code    62  stm32f4xx_hal_spi.o(.text)
    HAL_SPI_DMAStop                          0x08005db1   Thumb Code    58  stm32f4xx_hal_spi.o(.text)
    HAL_SPI_IRQHandler                       0x08005deb   Thumb Code   262  stm32f4xx_hal_spi.o(.text)
    HAL_SPI_GetState                         0x08005ef1   Thumb Code     8  stm32f4xx_hal_spi.o(.text)
    HAL_SPI_GetError                         0x08005ef9   Thumb Code     6  stm32f4xx_hal_spi.o(.text)
    TIM_Base_SetConfig                       0x08005f0d   Thumb Code   184  stm32f4xx_hal_tim.o(.text)
    HAL_TIM_Base_MspInit                     0x08005fc5   Thumb Code     2  stm32f4xx_hal_tim.o(.text)
    HAL_TIM_Base_Init                        0x08005fc7   Thumb Code    52  stm32f4xx_hal_tim.o(.text)
    HAL_TIM_Base_MspDeInit                   0x08005ffb   Thumb Code     2  stm32f4xx_hal_tim.o(.text)
    HAL_TIM_Base_DeInit                      0x08005ffd   Thumb Code    70  stm32f4xx_hal_tim.o(.text)
    HAL_TIM_Base_Start                       0x08006043   Thumb Code    30  stm32f4xx_hal_tim.o(.text)
    HAL_TIM_Base_Stop                        0x08006061   Thumb Code    56  stm32f4xx_hal_tim.o(.text)
    HAL_TIM_Base_Start_IT                    0x08006099   Thumb Code    30  stm32f4xx_hal_tim.o(.text)
    HAL_TIM_Base_Stop_IT                     0x080060b7   Thumb Code    56  stm32f4xx_hal_tim.o(.text)
    HAL_TIM_ErrorCallback                    0x080060ef   Thumb Code     2  stm32f4xx_hal_tim.o(.text)
    TIM_DMAError                             0x080060f1   Thumb Code    20  stm32f4xx_hal_tim.o(.text)
    HAL_TIM_Base_Start_DMA                   0x0800611b   Thumb Code    98  stm32f4xx_hal_tim.o(.text)
    HAL_TIM_Base_Stop_DMA                    0x0800617d   Thumb Code    62  stm32f4xx_hal_tim.o(.text)
    HAL_TIM_OC_MspInit                       0x080061bb   Thumb Code     2  stm32f4xx_hal_tim.o(.text)
    HAL_TIM_OC_Init                          0x080061bd   Thumb Code    52  stm32f4xx_hal_tim.o(.text)
    HAL_TIM_OC_MspDeInit                     0x080061f1   Thumb Code     2  stm32f4xx_hal_tim.o(.text)
    HAL_TIM_OC_DeInit                        0x080061f3   Thumb Code    70  stm32f4xx_hal_tim.o(.text)
    TIM_CCxChannelCmd                        0x08006239   Thumb Code    28  stm32f4xx_hal_tim.o(.text)
    HAL_TIM_OC_Start                         0x08006255   Thumb Code    68  stm32f4xx_hal_tim.o(.text)
    HAL_TIM_OC_Stop                          0x08006299   Thumb Code   170  stm32f4xx_hal_tim.o(.text)
    HAL_TIM_OC_Start_IT                      0x08006343   Thumb Code   144  stm32f4xx_hal_tim.o(.text)
    HAL_TIM_OC_Stop_IT                       0x080063d3   Thumb Code   196  stm32f4xx_hal_tim.o(.text)
    HAL_TIM_PWM_PulseFinishedCallback        0x08006497   Thumb Code     2  stm32f4xx_hal_tim.o(.text)
    TIM_DMADelayPulseCplt                    0x08006499   Thumb Code    70  stm32f4xx_hal_tim.o(.text)
    HAL_TIM_OC_Start_DMA                     0x080064df   Thumb Code   312  stm32f4xx_hal_tim.o(.text)
    HAL_TIM_OC_Stop_DMA                      0x08006617   Thumb Code   202  stm32f4xx_hal_tim.o(.text)
    HAL_TIM_PWM_MspInit                      0x080066e1   Thumb Code     2  stm32f4xx_hal_tim.o(.text)
    HAL_TIM_PWM_Init                         0x080066e3   Thumb Code    52  stm32f4xx_hal_tim.o(.text)
    HAL_TIM_PWM_MspDeInit                    0x08006717   Thumb Code     2  stm32f4xx_hal_tim.o(.text)
    HAL_TIM_PWM_DeInit                       0x08006719   Thumb Code    70  stm32f4xx_hal_tim.o(.text)
    HAL_TIM_PWM_Start                        0x0800675f   Thumb Code    78  stm32f4xx_hal_tim.o(.text)
    HAL_TIM_PWM_Stop                         0x080067ad   Thumb Code   126  stm32f4xx_hal_tim.o(.text)
    HAL_TIM_PWM_Start_IT                     0x0800682b   Thumb Code   144  stm32f4xx_hal_tim.o(.text)
    HAL_TIM_PWM_Stop_IT                      0x080068bb   Thumb Code   196  stm32f4xx_hal_tim.o(.text)
    HAL_TIM_PWM_Start_DMA                    0x0800697f   Thumb Code   312  stm32f4xx_hal_tim.o(.text)
    HAL_TIM_PWM_Stop_DMA                     0x08006ab7   Thumb Code   202  stm32f4xx_hal_tim.o(.text)
    HAL_TIM_IC_MspInit                       0x08006b81   Thumb Code     2  stm32f4xx_hal_tim.o(.text)
    HAL_TIM_IC_Init                          0x08006b83   Thumb Code    62  stm32f4xx_hal_tim.o(.text)
    HAL_TIM_IC_MspDeInit                     0x08006bc1   Thumb Code     2  stm32f4xx_hal_tim.o(.text)
    HAL_TIM_IC_DeInit                        0x08006bc3   Thumb Code    70  stm32f4xx_hal_tim.o(.text)
    HAL_TIM_IC_Start                         0x08006c09   Thumb Code    32  stm32f4xx_hal_tim.o(.text)
    HAL_TIM_IC_Stop                          0x08006c29   Thumb Code    58  stm32f4xx_hal_tim.o(.text)
    HAL_TIM_IC_Start_IT                      0x08006c63   Thumb Code   108  stm32f4xx_hal_tim.o(.text)
    HAL_TIM_IC_Stop_IT                       0x08006ccf   Thumb Code   134  stm32f4xx_hal_tim.o(.text)
    HAL_TIM_IC_CaptureCallback               0x08006d55   Thumb Code     2  stm32f4xx_hal_tim.o(.text)
    TIM_DMACaptureCplt                       0x08006d57   Thumb Code    70  stm32f4xx_hal_tim.o(.text)
    HAL_TIM_IC_Start_DMA                     0x08006d9d   Thumb Code   276  stm32f4xx_hal_tim.o(.text)
    HAL_TIM_IC_Stop_DMA                      0x08006eb1   Thumb Code   140  stm32f4xx_hal_tim.o(.text)
    HAL_TIM_OnePulse_MspInit                 0x08006f3d   Thumb Code     2  stm32f4xx_hal_tim.o(.text)
    HAL_TIM_OnePulse_Init                    0x08006f3f   Thumb Code    76  stm32f4xx_hal_tim.o(.text)
    HAL_TIM_OnePulse_MspDeInit               0x08006f8b   Thumb Code     2  stm32f4xx_hal_tim.o(.text)
    HAL_TIM_OnePulse_DeInit                  0x08006f8d   Thumb Code    70  stm32f4xx_hal_tim.o(.text)
    HAL_TIM_OnePulse_Start                   0x08006fd3   Thumb Code    66  stm32f4xx_hal_tim.o(.text)
    HAL_TIM_OnePulse_Stop                    0x08007015   Thumb Code   130  stm32f4xx_hal_tim.o(.text)
    HAL_TIM_OnePulse_Start_IT                0x08007097   Thumb Code    90  stm32f4xx_hal_tim.o(.text)
    HAL_TIM_OnePulse_Stop_IT                 0x080070f1   Thumb Code   154  stm32f4xx_hal_tim.o(.text)
    HAL_TIM_Encoder_MspInit                  0x0800718b   Thumb Code     2  stm32f4xx_hal_tim.o(.text)
    HAL_TIM_Encoder_Init                     0x0800718d   Thumb Code   180  stm32f4xx_hal_tim.o(.text)
    HAL_TIM_Encoder_MspDeInit                0x08007241   Thumb Code     2  stm32f4xx_hal_tim.o(.text)
    HAL_TIM_Encoder_DeInit                   0x08007243   Thumb Code    70  stm32f4xx_hal_tim.o(.text)
    HAL_TIM_Encoder_Start                    0x08007289   Thumb Code    78  stm32f4xx_hal_tim.o(.text)
    HAL_TIM_Encoder_Stop                     0x080072d7   Thumb Code   104  stm32f4xx_hal_tim.o(.text)
    HAL_TIM_Encoder_Start_IT                 0x0800733f   Thumb Code   126  stm32f4xx_hal_tim.o(.text)
    HAL_TIM_Encoder_Stop_IT                  0x080073bd   Thumb Code   160  stm32f4xx_hal_tim.o(.text)
    HAL_TIM_Encoder_Start_DMA                0x0800745d   Thumb Code   328  stm32f4xx_hal_tim.o(.text)
    HAL_TIM_Encoder_Stop_DMA                 0x080075a5   Thumb Code   152  stm32f4xx_hal_tim.o(.text)
    HAL_TIM_TriggerCallback                  0x0800763d   Thumb Code     2  stm32f4xx_hal_tim.o(.text)
    HAL_TIM_OC_DelayElapsedCallback          0x0800763f   Thumb Code     2  stm32f4xx_hal_tim.o(.text)
    HAL_TIM_IRQHandler                       0x08007641   Thumb Code   406  stm32f4xx_hal_tim.o(.text)
    TIM_OC2_SetConfig                        0x080078a9   Thumb Code   112  stm32f4xx_hal_tim.o(.text)
    HAL_TIM_OC_ConfigChannel                 0x0800797f   Thumb Code   116  stm32f4xx_hal_tim.o(.text)
    TIM_TI1_SetConfig                        0x08007aad   Thumb Code   122  stm32f4xx_hal_tim.o(.text)
    HAL_TIM_IC_ConfigChannel                 0x08007b27   Thumb Code   224  stm32f4xx_hal_tim.o(.text)
    HAL_TIM_PWM_ConfigChannel                0x08007c07   Thumb Code   294  stm32f4xx_hal_tim.o(.text)
    HAL_TIM_OnePulse_ConfigChannel           0x08007d2d   Thumb Code   286  stm32f4xx_hal_tim.o(.text)
    HAL_TIM_DMABurst_WriteStart              0x08007e5f   Thumb Code   366  stm32f4xx_hal_tim.o(.text)
    HAL_TIM_DMABurst_WriteStop               0x08007fcd   Thumb Code   128  stm32f4xx_hal_tim.o(.text)
    HAL_TIM_DMABurst_ReadStart               0x0800804d   Thumb Code   366  stm32f4xx_hal_tim.o(.text)
    HAL_TIM_DMABurst_ReadStop                0x080081bb   Thumb Code   128  stm32f4xx_hal_tim.o(.text)
    HAL_TIM_GenerateEvent                    0x0800823b   Thumb Code    54  stm32f4xx_hal_tim.o(.text)
    HAL_TIM_ConfigOCrefClear                 0x08008289   Thumb Code   252  stm32f4xx_hal_tim.o(.text)
    HAL_TIM_ConfigClockSource                0x080083ef   Thumb Code   306  stm32f4xx_hal_tim.o(.text)
    HAL_TIM_ConfigTI1Input                   0x08008521   Thumb Code    24  stm32f4xx_hal_tim.o(.text)
    HAL_TIM_SlaveConfigSynchronization       0x080085dd   Thumb Code    86  stm32f4xx_hal_tim.o(.text)
    HAL_TIM_SlaveConfigSynchronization_IT    0x08008633   Thumb Code    86  stm32f4xx_hal_tim.o(.text)
    HAL_TIM_ReadCapturedValue                0x08008689   Thumb Code    84  stm32f4xx_hal_tim.o(.text)
    HAL_TIM_Base_GetState                    0x080086dd   Thumb Code     8  stm32f4xx_hal_tim.o(.text)
    HAL_TIM_OC_GetState                      0x080086e5   Thumb Code     8  stm32f4xx_hal_tim.o(.text)
    HAL_TIM_PWM_GetState                     0x080086ed   Thumb Code     8  stm32f4xx_hal_tim.o(.text)
    HAL_TIM_IC_GetState                      0x080086f5   Thumb Code     8  stm32f4xx_hal_tim.o(.text)
    HAL_TIM_OnePulse_GetState                0x080086fd   Thumb Code     8  stm32f4xx_hal_tim.o(.text)
    HAL_TIM_Encoder_GetState                 0x08008705   Thumb Code     8  stm32f4xx_hal_tim.o(.text)
    HAL_TIMEx_HallSensor_MspInit             0x0800870d   Thumb Code     2  stm32f4xx_hal_tim_ex.o(.text)
    HAL_TIMEx_HallSensor_Init                0x0800870f   Thumb Code   196  stm32f4xx_hal_tim_ex.o(.text)
    HAL_TIMEx_HallSensor_MspDeInit           0x080087d3   Thumb Code     2  stm32f4xx_hal_tim_ex.o(.text)
    HAL_TIMEx_HallSensor_DeInit              0x080087d5   Thumb Code    70  stm32f4xx_hal_tim_ex.o(.text)
    HAL_TIMEx_HallSensor_Start               0x0800881b   Thumb Code    30  stm32f4xx_hal_tim_ex.o(.text)
    HAL_TIMEx_HallSensor_Stop                0x08008839   Thumb Code    56  stm32f4xx_hal_tim_ex.o(.text)
    HAL_TIMEx_HallSensor_Start_IT            0x08008871   Thumb Code    42  stm32f4xx_hal_tim_ex.o(.text)
    HAL_TIMEx_HallSensor_Stop_IT             0x0800889b   Thumb Code    68  stm32f4xx_hal_tim_ex.o(.text)
    HAL_TIMEx_HallSensor_Start_DMA           0x080088df   Thumb Code   106  stm32f4xx_hal_tim_ex.o(.text)
    HAL_TIMEx_HallSensor_Stop_DMA            0x08008949   Thumb Code    68  stm32f4xx_hal_tim_ex.o(.text)
    HAL_TIMEx_OCN_Start                      0x080089a9   Thumb Code    44  stm32f4xx_hal_tim_ex.o(.text)
    HAL_TIMEx_OCN_Stop                       0x080089d5   Thumb Code    96  stm32f4xx_hal_tim_ex.o(.text)
    HAL_TIMEx_OCN_Start_IT                   0x08008a35   Thumb Code   132  stm32f4xx_hal_tim_ex.o(.text)
    HAL_TIMEx_OCN_Stop_IT                    0x08008ab9   Thumb Code   196  stm32f4xx_hal_tim_ex.o(.text)
    HAL_TIMEx_OCN_Start_DMA                  0x08008b7d   Thumb Code   272  stm32f4xx_hal_tim_ex.o(.text)
    HAL_TIMEx_OCN_Stop_DMA                   0x08008c8d   Thumb Code   192  stm32f4xx_hal_tim_ex.o(.text)
    HAL_TIMEx_PWMN_Start                     0x08008d4d   Thumb Code    44  stm32f4xx_hal_tim_ex.o(.text)
    HAL_TIMEx_PWMN_Stop                      0x08008d79   Thumb Code    96  stm32f4xx_hal_tim_ex.o(.text)
    HAL_TIMEx_PWMN_Start_IT                  0x08008dd9   Thumb Code   132  stm32f4xx_hal_tim_ex.o(.text)
    HAL_TIMEx_PWMN_Stop_IT                   0x08008e5d   Thumb Code   196  stm32f4xx_hal_tim_ex.o(.text)
    HAL_TIMEx_PWMN_Start_DMA                 0x08008f21   Thumb Code   272  stm32f4xx_hal_tim_ex.o(.text)
    HAL_TIMEx_PWMN_Stop_DMA                  0x08009031   Thumb Code   178  stm32f4xx_hal_tim_ex.o(.text)
    HAL_TIMEx_OnePulseN_Start                0x080090e3   Thumb Code    32  stm32f4xx_hal_tim_ex.o(.text)
    HAL_TIMEx_OnePulseN_Stop                 0x08009103   Thumb Code    96  stm32f4xx_hal_tim_ex.o(.text)
    HAL_TIMEx_OnePulseN_Start_IT             0x08009163   Thumb Code    56  stm32f4xx_hal_tim_ex.o(.text)
    HAL_TIMEx_OnePulseN_Stop_IT              0x0800919b   Thumb Code   120  stm32f4xx_hal_tim_ex.o(.text)
    HAL_TIMEx_ConfigCommutationEvent         0x08009213   Thumb Code   110  stm32f4xx_hal_tim_ex.o(.text)
    HAL_TIMEx_ConfigCommutationEvent_IT      0x08009281   Thumb Code   122  stm32f4xx_hal_tim_ex.o(.text)
    HAL_TIMEx_CommutationCallback            0x080092fb   Thumb Code     2  stm32f4xx_hal_tim_ex.o(.text)
    TIMEx_DMACommutationCplt                 0x080092fd   Thumb Code    20  stm32f4xx_hal_tim_ex.o(.text)
    HAL_TIMEx_ConfigCommutationEvent_DMA     0x08009311   Thumb Code   146  stm32f4xx_hal_tim_ex.o(.text)
    HAL_TIMEx_MasterConfigSynchronization    0x080093a3   Thumb Code    98  stm32f4xx_hal_tim_ex.o(.text)
    HAL_TIMEx_ConfigBreakDeadTime            0x08009405   Thumb Code    80  stm32f4xx_hal_tim_ex.o(.text)
    HAL_TIMEx_RemapConfig                    0x08009455   Thumb Code    48  stm32f4xx_hal_tim_ex.o(.text)
    HAL_TIMEx_BreakCallback                  0x08009485   Thumb Code     2  stm32f4xx_hal_tim_ex.o(.text)
    HAL_TIMEx_HallSensor_GetState            0x08009487   Thumb Code     8  stm32f4xx_hal_tim_ex.o(.text)
    arm_fir_f32                              0x08009495   Thumb Code  1330  arm_fir_f32.o(.text)
    __aeabi_memcpy                           0x080099c7   Thumb Code    36  memcpya.o(.text)
    __aeabi_memcpy4                          0x080099c7   Thumb Code     0  memcpya.o(.text)
    __aeabi_memcpy8                          0x080099c7   Thumb Code     0  memcpya.o(.text)
    __aeabi_dadd                             0x080099eb   Thumb Code   322  dadd.o(.text)
    __aeabi_dsub                             0x08009b2d   Thumb Code     6  dadd.o(.text)
    __aeabi_drsub                            0x08009b33   Thumb Code     6  dadd.o(.text)
    __aeabi_dmul                             0x08009b39   Thumb Code   228  dmul.o(.text)
    __aeabi_ddiv                             0x08009c1d   Thumb Code   222  ddiv.o(.text)
    __aeabi_f2d                              0x08009cfb   Thumb Code    38  f2d.o(.text)
    __aeabi_d2f                              0x08009d21   Thumb Code    56  d2f.o(.text)
    __aeabi_llsl                             0x08009d59   Thumb Code    30  llshl.o(.text)
    _ll_shift_l                              0x08009d59   Thumb Code     0  llshl.o(.text)
    __aeabi_llsr                             0x08009d77   Thumb Code    32  llushr.o(.text)
    _ll_ushift_r                             0x08009d77   Thumb Code     0  llushr.o(.text)
    __aeabi_lasr                             0x08009d97   Thumb Code    36  llsshr.o(.text)
    _ll_sshift_r                             0x08009d97   Thumb Code     0  llsshr.o(.text)
    __I$use$fp                               0x08009dbb   Thumb Code     0  iusefp.o(.text)
    _float_round                             0x08009dbb   Thumb Code    18  fepilogue.o(.text)
    _float_epilogue                          0x08009dcd   Thumb Code    92  fepilogue.o(.text)
    _double_round                            0x08009e29   Thumb Code    30  depilogue.o(.text)
    _double_epilogue                         0x08009e47   Thumb Code   156  depilogue.o(.text)
    _dsqrt                                   0x08009ee3   Thumb Code   162  dsqrt.o(.text)
    __scatterload                            0x08009f85   Thumb Code    28  init.o(.text)
    __scatterload_rt2                        0x08009f85   Thumb Code     0  init.o(.text)
    __I$use$semihosting$fputc                0x08009fa9   Thumb Code     0  iusesemip.o(.text)
    __decompress                             0x08009fa9   Thumb Code     0  __dczerorl2.o(.text)
    __decompress1                            0x08009fa9   Thumb Code    86  __dczerorl2.o(.text)
    __semihosting_library_function           0x08009fa9   Thumb Code     0  semi.o(.text)
    SVC_Count                                0x0800a000   Data           4  svc_table.o(SVC_TABLE)
    SVC_Table                                0x0800a004   Data           0  svc_table.o(SVC_TABLE)
    __0printf$bare                           0x0800a005   Thumb Code     8  printfb.o(i.__0printf$bare)
    __1printf$bare                           0x0800a005   Thumb Code     0  printfb.o(i.__0printf$bare)
    __2printf                                0x0800a005   Thumb Code     0  printfb.o(i.__0printf$bare)
    __ARM_fpclassify                         0x0800a015   Thumb Code    48  fpclassify.o(i.__ARM_fpclassify)
    __hardfp_atan                            0x0800a049   Thumb Code   622  atan.o(i.__hardfp_atan)
    __hardfp_fabs                            0x0800a321   Thumb Code    20  fabs.o(i.__hardfp_fabs)
    __hardfp_sqrt                            0x0800a335   Thumb Code   122  sqrt_full.o(i.__hardfp_sqrt)
    __kernel_poly                            0x0800a3af   Thumb Code   248  poly.o(i.__kernel_poly)
    __mathlib_dbl_infnan                     0x0800a4a7   Thumb Code    20  dunder.o(i.__mathlib_dbl_infnan)
    __mathlib_dbl_underflow                  0x0800a4c1   Thumb Code    24  dunder.o(i.__mathlib_dbl_underflow)
    __scatterload_copy                       0x0800a4e1   Thumb Code    14  handlers.o(i.__scatterload_copy)
    __scatterload_null                       0x0800a4ef   Thumb Code     2  handlers.o(i.__scatterload_null)
    __scatterload_zeroinit                   0x0800a4f1   Thumb Code    14  handlers.o(i.__scatterload_zeroinit)
    __set_errno                              0x0800a501   Thumb Code     6  errno.o(i.__set_errno)
    _init_box                                0x0800a50d   Thumb Code    70  rt_membox.o(i._init_box)
    dbg_init                                 0x0800a575   Thumb Code    34  hal_cm.o(i.dbg_init)
    dbg_task_notify                          0x0800a5a5   Thumb Code    32  hal_cm.o(i.dbg_task_notify)
    dbg_task_switch                          0x0800a5c5   Thumb Code    16  hal_cm.o(i.dbg_task_switch)
    fabs                                     0x0800a5d5   Thumb Code    24  fabs.o(i.fabs)
    fputc                                    0x0800a5ed   Thumb Code    18  fputc.o(i.fputc)
    isrMessageGet                            0x0800a5ff   Thumb Code    42  rt_cmsis.o(i.isrMessageGet)
    isrMessagePut                            0x0800a629   Thumb Code    44  rt_cmsis.o(i.isrMessagePut)
    isrSignalSet                             0x0800a655   Thumb Code    36  rt_cmsis.o(i.isrSignalSet)
    isr_evt_set                              0x0800a679   Thumb Code    34  rt_event.o(i.isr_evt_set)
    isr_mbx_receive                          0x0800a6a1   Thumb Code    86  rt_mailbox.o(i.isr_mbx_receive)
    isr_mbx_send                             0x0800a6f7   Thumb Code    14  rt_mailbox.o(i.isr_mbx_send)
    osDelay                                  0x0800a705   Thumb Code    18  rt_cmsis.o(i.osDelay)
    osKernelInitialize                       0x0800a71d   Thumb Code    30  rt_cmsis.o(i.osKernelInitialize)
    osKernelStart                            0x0800a741   Thumb Code    98  rt_cmsis.o(i.osKernelStart)
    osMessageGet                             0x0800a7ad   Thumb Code    18  rt_cmsis.o(i.osMessageGet)
    osSignalSet                              0x0800a7c5   Thumb Code    18  rt_cmsis.o(i.osSignalSet)
    osSignalWait                             0x0800a7dd   Thumb Code    18  rt_cmsis.o(i.osSignalWait)
    osThreadCreate                           0x0800a7f5   Thumb Code    36  rt_cmsis.o(i.osThreadCreate)
    osThreadExit                             0x0800a821   Thumb Code    14  rt_cmsis.o(i.osThreadExit)
    osTimerCall                              0x0800a839   Thumb Code     8  rt_cmsis.o(i.osTimerCall)
    osTimerThread                            0x0800a845   Thumb Code    38  rt_cmsis.o(i.osTimerThread)
    os_tick_init                             0x0800a871   Thumb Code    32  rt_system.o(i.os_tick_init)
    os_tick_irqack                           0x0800a899   Thumb Code     2  rt_system.o(i.os_tick_irqack)
    rt_alloc_box                             0x0800a89b   Thumb Code    26  rt_membox.o(i.rt_alloc_box)
    rt_alloc_mem                             0x0800a8b5   Thumb Code    62  rt_memory.o(i.rt_alloc_mem)
    rt_block                                 0x0800a8f5   Thumb Code    48  rt_task.o(i.rt_block)
    rt_chk_robin                             0x0800a92d   Thumb Code    60  rt_robin.o(i.rt_chk_robin)
    rt_dec_dly                               0x0800a975   Thumb Code   102  rt_list.o(i.rt_dec_dly)
    rt_dispatch                              0x0800a9e5   Thumb Code    60  rt_task.o(i.rt_dispatch)
    rt_dly_wait                              0x0800aa29   Thumb Code     6  rt_time.o(i.rt_dly_wait)
    rt_evt_psh                               0x0800aa31   Thumb Code    76  rt_event.o(i.rt_evt_psh)
    rt_evt_set                               0x0800aa81   Thumb Code    88  rt_event.o(i.rt_evt_set)
    rt_evt_wait                              0x0800aadd   Thumb Code    56  rt_event.o(i.rt_evt_wait)
    rt_free_box                              0x0800ab19   Thumb Code    44  rt_membox.o(i.rt_free_box)
    rt_free_mem                              0x0800ab45   Thumb Code    40  rt_memory.o(i.rt_free_mem)
    rt_get_first                             0x0800ab6d   Thumb Code    40  rt_list.o(i.rt_get_first)
    rt_init_mem                              0x0800abe5   Thumb Code    26  rt_memory.o(i.rt_init_mem)
    rt_init_robin                            0x0800ac01   Thumb Code    14  rt_robin.o(i.rt_init_robin)
    rt_init_stack                            0x0800ac19   Thumb Code   118  hal_cm.o(i.rt_init_stack)
    rt_mbx_check                             0x0800ac99   Thumb Code     8  rt_mailbox.o(i.rt_mbx_check)
    rt_mbx_init                              0x0800aca1   Thumb Code    26  rt_mailbox.o(i.rt_mbx_init)
    rt_mbx_psh                               0x0800acbd   Thumb Code   236  rt_mailbox.o(i.rt_mbx_psh)
    rt_mbx_wait                              0x0800adad   Thumb Code   174  rt_mailbox.o(i.rt_mbx_wait)
    rt_pop_req                               0x0800aea5   Thumb Code   112  rt_system.o(i.rt_pop_req)
    rt_psh_req                               0x0800af21   Thumb Code    22  rt_system.o(i.rt_psh_req)
    rt_psq_enq                               0x0800af41   Thumb Code    88  rt_list.o(i.rt_psq_enq)
    rt_put_dly                               0x0800af9d   Thumb Code    68  rt_list.o(i.rt_put_dly)
    rt_put_prio                              0x0800afe5   Thumb Code    54  rt_list.o(i.rt_put_prio)
    rt_put_rdy_first                         0x0800b01d   Thumb Code    14  rt_list.o(i.rt_put_rdy_first)
    rt_resort_prio                           0x0800b031   Thumb Code    46  rt_list.o(i.rt_resort_prio)
    rt_ret_val                               0x0800b075   Thumb Code    12  hal_cm.o(i.rt_ret_val)
    rt_ret_val2                              0x0800b081   Thumb Code    16  hal_cm.o(i.rt_ret_val2)
    rt_rmv_dly                               0x0800b091   Thumb Code    40  rt_list.o(i.rt_rmv_dly)
    rt_rmv_list                              0x0800b0b9   Thumb Code    44  rt_list.o(i.rt_rmv_list)
    rt_sem_psh                               0x0800b0e9   Thumb Code    48  rt_semaphore.o(i.rt_sem_psh)
    rt_stk_check                             0x0800b11d   Thumb Code    28  rt_system.o(i.rt_stk_check)
    rt_switch_req                            0x0800b141   Thumb Code    30  rt_task.o(i.rt_switch_req)
    rt_sys_init                              0x0800b169   Thumb Code   138  rt_task.o(i.rt_sys_init)
    rt_sys_start                             0x0800b235   Thumb Code   110  rt_task.o(i.rt_sys_start)
    rt_systick                               0x0800b2ad   Thumb Code    50  rt_system.o(i.rt_systick)
    rt_tsk_create                            0x0800b335   Thumb Code   118  rt_task.o(i.rt_tsk_create)
    rt_tsk_delete                            0x0800b3bd   Thumb Code   352  rt_task.o(i.rt_tsk_delete)
    rt_tsk_prio                              0x0800b539   Thumb Code   108  rt_task.o(i.rt_tsk_prio)
    rt_tsk_self                              0x0800b5b5   Thumb Code    12  rt_task.o(i.rt_tsk_self)
    svcDelay                                 0x0800b5c5   Thumb Code    18  rt_cmsis.o(i.svcDelay)
    svcKernelInitialize                      0x0800b5d9   Thumb Code    80  rt_cmsis.o(i.svcKernelInitialize)
    svcKernelStart                           0x0800b649   Thumb Code    62  rt_cmsis.o(i.svcKernelStart)
    svcMessageCreate                         0x0800b691   Thumb Code    36  rt_cmsis.o(i.svcMessageCreate)
    svcMessageGet                            0x0800b6b5   Thumb Code    58  rt_cmsis.o(i.svcMessageGet)
    svcSignalSet                             0x0800b6ef   Thumb Code    36  rt_cmsis.o(i.svcSignalSet)
    svcSignalWait                            0x0800b715   Thumb Code    80  rt_cmsis.o(i.svcSignalWait)
    svcThreadCreate                          0x0800b769   Thumb Code    96  rt_cmsis.o(i.svcThreadCreate)
    svcThreadGetId                           0x0800b7d5   Thumb Code    22  rt_cmsis.o(i.svcThreadGetId)
    svcThreadTerminate                       0x0800b7f1   Thumb Code    50  rt_cmsis.o(i.svcThreadTerminate)
    svcTimerCall                             0x0800b829   Thumb Code    24  rt_cmsis.o(i.svcTimerCall)
    sysTimerTick                             0x0800b841   Thumb Code    84  rt_cmsis.o(i.sysTimerTick)
    os_thread_def_ACCEL_thread               0x0800b89c   Data          16  accel_thread.o(.constdata)
    os_thread_def_KEYPAD_thread              0x0800b8ac   Data          16  keypad_thread.o(.constdata)
    os_thread_def_TEMP_thread                0x0800b8bc   Data          16  temp_thread.o(.constdata)
    os_thread_def_SEG_thread                 0x0800b8cc   Data          16  seg_thread.o(.constdata)
    os_maxtaskrun                            0x0800b8dc   Data           2  rtx_conf_cm.o(.constdata)
    os_stackinfo                             0x0800b8e0   Data           4  rtx_conf_cm.o(.constdata)
    os_rrobin                                0x0800b8e4   Data           4  rtx_conf_cm.o(.constdata)
    os_tickfreq                              0x0800b8e8   Data           4  rtx_conf_cm.o(.constdata)
    os_tickus_i                              0x0800b8ec   Data           2  rtx_conf_cm.o(.constdata)
    os_tickus_f                              0x0800b8ee   Data           2  rtx_conf_cm.o(.constdata)
    os_trv                                   0x0800b8f0   Data           4  rtx_conf_cm.o(.constdata)
    os_flags                                 0x0800b8f4   Data           1  rtx_conf_cm.o(.constdata)
    CMSIS_RTOS_API_Version                   0x0800b8f8   Data           4  rtx_conf_cm.o(.constdata)
    CMSIS_RTOS_RTX_Version                   0x0800b8fc   Data           4  rtx_conf_cm.o(.constdata)
    os_clockrate                             0x0800b900   Data           4  rtx_conf_cm.o(.constdata)
    os_timernum                              0x0800b904   Data           4  rtx_conf_cm.o(.constdata)
    mp_tcb_size                              0x0800b908   Data           2  rtx_conf_cm.o(.constdata)
    mp_stk_size                              0x0800b90c   Data           4  rtx_conf_cm.o(.constdata)
    os_stack_sz                              0x0800b910   Data           4  rtx_conf_cm.o(.constdata)
    os_fifo_size                             0x0800b914   Data           1  rtx_conf_cm.o(.constdata)
    os_thread_def_osTimerThread              0x0800b918   Data          16  rtx_conf_cm.o(.constdata)
    os_messageQ_def_osTimerMessageQ          0x0800b928   Data           8  rtx_conf_cm.o(.constdata)
    mp_tmr_size                              0x0800b930   Data           2  rtx_conf_cm.o(.constdata)
    os_thread_def_main                       0x0800b934   Data          16  rtx_conf_cm.o(.constdata)
    AHBPrescTable                            0x0800b944   Data          16  system_stm32f4xx.o(.constdata)
    APBAHBPrescTable                         0x0800b95c   Data          16  stm32f4xx_hal_rcc.o(.constdata)
    Region$$Table$$Base                      0x0800ba08   Number         0  anon$$obj.o(Region$$Table)
    Region$$Table$$Limit                     0x0800ba28   Number         0  anon$$obj.o(Region$$Table)
    ACCEL_thread_ID                          0x20000000   Data           4  accel_thread.o(.data)
    blockSize                                0x20000004   Data           4  accel_thread.o(.data)
    coefficients                             0x20000008   Data          20  accel_thread.o(.data)
    coefficientsy                            0x2000001c   Data          20  accel_thread.o(.data)
    coefficientsz                            0x20000030   Data          20  accel_thread.o(.data)
    s                                        0x20000044   Data          12  accel_thread.o(.data)
    sy                                       0x20000050   Data          12  accel_thread.o(.data)
    sz                                       0x2000005c   Data          12  accel_thread.o(.data)
    invalidCount                             0x20000068   Data           4  accel_thread.o(.data)
    xCalibrated                              0x2000006c   Data           4  accel_thread.o(.data)
    yCalibrated                              0x20000070   Data           4  accel_thread.o(.data)
    zCalibrated                              0x20000074   Data           4  accel_thread.o(.data)
    xOutputArray                             0x20000078   Data           4  accel_thread.o(.data)
    yOutputArray                             0x2000007c   Data           4  accel_thread.o(.data)
    zOutputArray                             0x20000080   Data           4  accel_thread.o(.data)
    rollAngle                                0x20000084   Data           4  accel_thread.o(.data)
    pitchAngle                               0x20000088   Data           4  accel_thread.o(.data)
    counter                                  0x2000008c   Data           4  keypad.o(.data)
    debouncingFlag                           0x20000090   Data           4  keypad.o(.data)
    debouncingValue                          0x20000094   Data           4  keypad.o(.data)
    KEYPAD_thread_ID                         0x20000098   Data           4  keypad_thread.o(.data)
    pressedCounter                           0x2000009c   Data           4  keypad_thread.o(.data)
    pressedValue                             0x200000a0   Data           4  keypad_thread.o(.data)
    multiplier                               0x200000a4   Data           4  keypad_thread.o(.data)
    current                                  0x200000a8   Data           4  keypad_thread.o(.data)
    roll                                     0x200000ac   Data           4  keypad_thread.o(.data)
    pitch                                    0x200000b0   Data           4  keypad_thread.o(.data)
    position                                 0x200000b4   Data           4  keypad_thread.o(.data)
    state                                    0x200000b8   Data           4  keypad_thread.o(.data)
    angle                                    0x200000bc   Data           4  keypad_thread.o(.data)
    rollValue                                0x200000c0   Data           4  keypad_thread.o(.data)
    pitchValue                               0x200000c4   Data           4  keypad_thread.o(.data)
    keypadValuesSet                          0x200000c8   Data           4  keypad_thread.o(.data)
    gravity                                  0x200000cc   Data           4  keypad_thread.o(.data)
    TEMP_thread_ID                           0x200000d0   Data           4  temp_thread.o(.data)
    temp                                     0x200000d4   Data           4  temp_thread.o(.data)
    SEG_thread_ID                            0x200000d8   Data           4  seg_thread.o(.data)
    alarm                                    0x200000dc   Data           4  seg_thread.o(.data)
    segmentPosition                          0x200000e0   Data           4  seg_thread.o(.data)
    toggle                                   0x200000e4   Data           4  seg_thread.o(.data)
    mode                                     0x200000e8   Data           4  seg_thread.o(.data)
    LIS3DSHTimeout                           0x200000ec   Data           4  lis3dsh.o(.data)
    osThreadId_osTimerThread                 0x200000f0   Data           4  rtx_conf_cm.o(.data)
    osMessageQId_osTimerMessageQ             0x200000f4   Data           4  rtx_conf_cm.o(.data)
    os_tmr                                   0x200000f8   Data           4  rtx_conf_cm.o(.data)
    m_tmr                                    0x200000fc   Data           4  rtx_conf_cm.o(.data)
    SystemCoreClock                          0x20000100   Data           4  system_stm32f4xx.o(.data)
    os_initialized                           0x20000108   Data           1  rt_cmsis.o(.data)
    os_running                               0x20000109   Data           1  rt_cmsis.o(.data)
    os_timer_head                            0x2000010c   Data           4  rt_cmsis.o(.data)
    os_time                                  0x20000110   Data           4  rt_time.o(.data)
    os_tsk                                   0x20000114   Data           8  rt_task.o(.data)
    os_tick_irqn                             0x20000120   Data           4  rt_system.o(.data)
    dbg_msg                                  0x20000124   Data           1  hal_cm.o(.data)
    os_robin                                 0x20000128   Data           8  rt_robin.o(.data)
    __stdout                                 0x20000130   Data           4  stdout.o(.data)
    firStateF32                              0x20000138   Data          56  accel_thread.o(.bss)
    firStateF32y                             0x20000170   Data          56  accel_thread.o(.bss)
    firStateF32z                             0x200001a8   Data          56  accel_thread.o(.bss)
    xArray                                   0x200001e0   Data          20  accel_thread.o(.bss)
    yArray                                   0x200001f4   Data          20  accel_thread.o(.bss)
    zArray                                   0x20000208   Data          20  accel_thread.o(.bss)
    ADC1_Handle                              0x2000021c   Data          68  adc.o(.bss)
    HWTimer                                  0x20000260   Data          60  keypad_thread.o(.bss)
    TIM2_handle                              0x2000029c   Data          60  temp_thread.o(.bss)
    TIM3_handle                              0x200002d8   Data          60  seg_thread.o(.bss)
    SpiHandle                                0x20000314   Data          88  lis3dsh.o(.bss)
    mp_tcb                                   0x20000370   Data         376  rtx_conf_cm.o(.bss)
    mp_stk                                   0x200004e8   Data        4816  rtx_conf_cm.o(.bss)
    os_stack_mem                             0x200017b8   Data       20232  rtx_conf_cm.o(.bss)
    os_fifo                                  0x200066c0   Data         132  rtx_conf_cm.o(.bss)
    os_active_TCB                            0x20006744   Data          28  rtx_conf_cm.o(.bss)
    os_messageQ_q_osTimerMessageQ            0x20006760   Data          32  rtx_conf_cm.o(.bss)
    os_idle_TCB                              0x20006780   Data          52  rt_task.o(.bss)
    os_rdy                                   0x200067b4   Data          24  rt_list.o(.bss)
    os_dly                                   0x200067cc   Data          24  rt_list.o(.bss)
    __initial_sp                             0x20006be8   Data           0  startup_stm32f407xx.o(STACK)



==============================================================================

Memory Map of the image

  Image Entry point : 0x08000189

  Load Region LR_IROM1 (Base: 0x08000000, Size: 0x0000bb60, Max: 0x00100000, ABSOLUTE, COMPRESSED[0x0000ba78])

    Execution Region ER_IROM1 (Base: 0x08000000, Size: 0x0000ba28, Max: 0x00100000, ABSOLUTE)

    Base Addr    Size         Type   Attr      Idx    E Section Name        Object

    0x08000000   0x00000188   Data   RO          485    RESET               startup_stm32f407xx.o
    0x08000188   0x00000000   Code   RO         2206  * .ARM.Collect$$$$00000000  mc_w.l(entry.o)
    0x08000188   0x00000004   Code   RO         2503    .ARM.Collect$$$$00000001  mc_w.l(entry2.o)
    0x0800018c   0x00000004   Code   RO         2506    .ARM.Collect$$$$00000004  mc_w.l(entry5.o)
    0x08000190   0x00000000   Code   RO         2508    .ARM.Collect$$$$00000008  mc_w.l(entry7b.o)
    0x08000190   0x00000000   Code   RO         2510    .ARM.Collect$$$$0000000A  mc_w.l(entry8b.o)
    0x08000190   0x00000000   Code   RO         2511    .ARM.Collect$$$$0000000D  mc_w.l(entry10a.o)
    0x08000190   0x00000000   Code   RO         2513    .ARM.Collect$$$$0000000F  mc_w.l(entry11a.o)
    0x08000190   0x00000018   Code   RO          454    .ARM.Collect$$$$000000FF  rtx_conf_cm.o
    0x080001a8   0x00000004   Code   RO         2504    .ARM.Collect$$$$00002712  mc_w.l(entry2.o)
    0x080001ac   0x00000198   Code   RO         2161    .emb_text           RTX_CM4.lib(hal_cm4.o)
    0x08000344   0x00000178   Code   RO            4    .text               main.o
    0x080004bc   0x00000450   Code   RO          223    .text               accel_thread.o
    0x0800090c   0x00000164   Code   RO          255    .text               adc.o
    0x08000a70   0x00000530   Code   RO          285    .text               gpio.o
    0x08000fa0   0x000001a4   Code   RO          310    .text               keypad.o
    0x08001144   0x000004c0   Code   RO          340    .text               keypad_thread.o
    0x08001604   0x000000c4   Code   RO          370    .text               temp_thread.o
    0x080016c8   0x00000190   Code   RO          399    .text               seg_thread.o
    0x08001858   0x000005c0   Code   RO          429    .text               lis3dsh.o
    0x08001e18   0x00000026   Code   RO          455    .text               rtx_conf_cm.o
    0x08001e3e   0x00000002   PAD
    0x08001e40   0x00000024   Code   RO          486    .text               startup_stm32f407xx.o
    0x08001e64   0x00000120   Code   RO          493    .text               system_stm32f4xx.o
    0x08001f84   0x000001b0   Code   RO          524    .text               stm32f4xx_hal.o
    0x08002134   0x0000099c   Code   RO          550    .text               stm32f4xx_hal_adc.o
    0x08002ad0   0x00000720   Code   RO          574    .text               stm32f4xx_hal_adc_ex.o
    0x080031f0   0x00000354   Code   RO          598    .text               stm32f4xx_hal_cortex.o
    0x08003544   0x00000618   Code   RO          626    .text               stm32f4xx_hal_dma.o
    0x08003b5c   0x000003cc   Code   RO          675    .text               stm32f4xx_hal_gpio.o
    0x08003f28   0x00000a4c   Code   RO          747    .text               stm32f4xx_hal_rcc.o
    0x08004974   0x00001598   Code   RO          798    .text               stm32f4xx_hal_spi.o
    0x08005f0c   0x00002800   Code   RO          822    .text               stm32f4xx_hal_tim.o
    0x0800870c   0x00000d88   Code   RO          846    .text               stm32f4xx_hal_tim_ex.o
    0x08009494   0x00000532   Code   RO          918    .text               arm_cortexM4lf_math.lib(arm_fir_f32.o)
    0x080099c6   0x00000024   Code   RO         2211    .text               mc_w.l(memcpya.o)
    0x080099ea   0x0000014e   Code   RO         2475    .text               mf_w.l(dadd.o)
    0x08009b38   0x000000e4   Code   RO         2477    .text               mf_w.l(dmul.o)
    0x08009c1c   0x000000de   Code   RO         2479    .text               mf_w.l(ddiv.o)
    0x08009cfa   0x00000026   Code   RO         2481    .text               mf_w.l(f2d.o)
    0x08009d20   0x00000038   Code   RO         2483    .text               mf_w.l(d2f.o)
    0x08009d58   0x0000001e   Code   RO         2520    .text               mc_w.l(llshl.o)
    0x08009d76   0x00000020   Code   RO         2522    .text               mc_w.l(llushr.o)
    0x08009d96   0x00000024   Code   RO         2524    .text               mc_w.l(llsshr.o)
    0x08009dba   0x00000000   Code   RO         2533    .text               mc_w.l(iusefp.o)
    0x08009dba   0x0000006e   Code   RO         2534    .text               mf_w.l(fepilogue.o)
    0x08009e28   0x000000ba   Code   RO         2536    .text               mf_w.l(depilogue.o)
    0x08009ee2   0x000000a2   Code   RO         2540    .text               mf_w.l(dsqrt.o)
    0x08009f84   0x00000024   Code   RO         2548    .text               mc_w.l(init.o)
    0x08009fa8   0x00000000   Code   RO         2550    .text               mc_w.l(semi.o)
    0x08009fa8   0x00000000   Code   RO         2551    .text               mc_w.l(iusesemip.o)
    0x08009fa8   0x00000056   Code   RO         2560    .text               mc_w.l(__dczerorl2.o)
    0x08009ffe   0x00000002   PAD
    0x0800a000   0x00000004   Code   RO         2171    SVC_TABLE           RTX_CM4.lib(svc_table.o)
    0x0800a004   0x00000010   Code   RO         2216    i.__0printf$bare    mc_w.l(printfb.o)
    0x0800a014   0x00000030   Code   RO         2499    i.__ARM_fpclassify  m_wm.l(fpclassify.o)
    0x0800a044   0x00000004   PAD
    0x0800a048   0x000002d8   Code   RO         2174    i.__hardfp_atan     m_wm.l(atan.o)
    0x0800a320   0x00000014   Code   RO         2188    i.__hardfp_fabs     m_wm.l(fabs.o)
    0x0800a334   0x0000007a   Code   RO         2194    i.__hardfp_sqrt     m_wm.l(sqrt_full.o)
    0x0800a3ae   0x000000f8   Code   RO         2501    i.__kernel_poly     m_wm.l(poly.o)
    0x0800a4a6   0x00000014   Code   RO         2486    i.__mathlib_dbl_infnan  m_wm.l(dunder.o)
    0x0800a4ba   0x00000006   PAD
    0x0800a4c0   0x00000020   Code   RO         2491    i.__mathlib_dbl_underflow  m_wm.l(dunder.o)
    0x0800a4e0   0x0000000e   Code   RO         2554    i.__scatterload_copy  mc_w.l(handlers.o)
    0x0800a4ee   0x00000002   Code   RO         2555    i.__scatterload_null  mc_w.l(handlers.o)
    0x0800a4f0   0x0000000e   Code   RO         2556    i.__scatterload_zeroinit  mc_w.l(handlers.o)
    0x0800a4fe   0x00000002   PAD
    0x0800a500   0x0000000c   Code   RO         2528    i.__set_errno       mc_w.l(errno.o)
    0x0800a50c   0x00000046   Code   RO         2034    i._init_box         RTX_CM4.lib(rt_membox.o)
    0x0800a552   0x00000022   Code   RO         2223    i._printf_core      mc_w.l(printfb.o)
    0x0800a574   0x00000030   Code   RO         2087    i.dbg_init          RTX_CM4.lib(hal_cm.o)
    0x0800a5a4   0x00000020   Code   RO         2088    i.dbg_task_notify   RTX_CM4.lib(hal_cm.o)
    0x0800a5c4   0x00000010   Code   RO         2089    i.dbg_task_switch   RTX_CM4.lib(hal_cm.o)
    0x0800a5d4   0x00000018   Code   RO         2190    i.fabs              m_wm.l(fabs.o)
    0x0800a5ec   0x00000012   Code   RO         2515    i.fputc             mc_w.l(fputc.o)
    0x0800a5fe   0x0000002a   Code   RO          964    i.isrMessageGet     RTX_CM4.lib(rt_cmsis.o)
    0x0800a628   0x0000002c   Code   RO          965    i.isrMessagePut     RTX_CM4.lib(rt_cmsis.o)
    0x0800a654   0x00000024   Code   RO          967    i.isrSignalSet      RTX_CM4.lib(rt_cmsis.o)
    0x0800a678   0x00000028   Code   RO         1791    i.isr_evt_set       RTX_CM4.lib(rt_event.o)
    0x0800a6a0   0x00000056   Code   RO         1913    i.isr_mbx_receive   RTX_CM4.lib(rt_mailbox.o)
    0x0800a6f6   0x0000000e   Code   RO         1914    i.isr_mbx_send      RTX_CM4.lib(rt_mailbox.o)
    0x0800a704   0x00000018   Code   RO          968    i.osDelay           RTX_CM4.lib(rt_cmsis.o)
    0x0800a71c   0x00000024   Code   RO          969    i.osKernelInitialize  RTX_CM4.lib(rt_cmsis.o)
    0x0800a740   0x0000006c   Code   RO          971    i.osKernelStart     RTX_CM4.lib(rt_cmsis.o)
    0x0800a7ac   0x00000018   Code   RO          980    i.osMessageGet      RTX_CM4.lib(rt_cmsis.o)
    0x0800a7c4   0x00000018   Code   RO          995    i.osSignalSet       RTX_CM4.lib(rt_cmsis.o)
    0x0800a7dc   0x00000018   Code   RO          996    i.osSignalWait      RTX_CM4.lib(rt_cmsis.o)
    0x0800a7f4   0x0000002c   Code   RO          997    i.osThreadCreate    RTX_CM4.lib(rt_cmsis.o)
    0x0800a820   0x00000018   Code   RO          998    i.osThreadExit      RTX_CM4.lib(rt_cmsis.o)
    0x0800a838   0x0000000c   Code   RO         1004    i.osTimerCall       RTX_CM4.lib(rt_cmsis.o)
    0x0800a844   0x0000002c   Code   RO         1009    i.osTimerThread     RTX_CM4.lib(rt_cmsis.o)
    0x0800a870   0x00000028   Code   RO         1701    i.os_tick_init      RTX_CM4.lib(rt_system.o)
    0x0800a898   0x00000002   Code   RO         1702    i.os_tick_irqack    RTX_CM4.lib(rt_system.o)
    0x0800a89a   0x0000001a   Code   RO         2035    i.rt_alloc_box      RTX_CM4.lib(rt_membox.o)
    0x0800a8b4   0x0000003e   Code   RO         2063    i.rt_alloc_mem      RTX_CM4.lib(rt_memory.o)
    0x0800a8f2   0x00000002   PAD
    0x0800a8f4   0x00000038   Code   RO         1616    i.rt_block          RTX_CM4.lib(rt_task.o)
    0x0800a92c   0x00000048   Code   RO         2140    i.rt_chk_robin      RTX_CM4.lib(rt_robin.o)
    0x0800a974   0x00000070   Code   RO         1837    i.rt_dec_dly        RTX_CM4.lib(rt_list.o)
    0x0800a9e4   0x00000044   Code   RO         1617    i.rt_dispatch       RTX_CM4.lib(rt_task.o)
    0x0800aa28   0x00000006   Code   RO         1583    i.rt_dly_wait       RTX_CM4.lib(rt_time.o)
    0x0800aa2e   0x00000002   PAD
    0x0800aa30   0x00000050   Code   RO         1794    i.rt_evt_psh        RTX_CM4.lib(rt_event.o)
    0x0800aa80   0x0000005c   Code   RO         1795    i.rt_evt_set        RTX_CM4.lib(rt_event.o)
    0x0800aadc   0x0000003c   Code   RO         1796    i.rt_evt_wait       RTX_CM4.lib(rt_event.o)
    0x0800ab18   0x0000002c   Code   RO         2036    i.rt_free_box       RTX_CM4.lib(rt_membox.o)
    0x0800ab44   0x00000028   Code   RO         2064    i.rt_free_mem       RTX_CM4.lib(rt_memory.o)
    0x0800ab6c   0x00000028   Code   RO         1838    i.rt_get_first      RTX_CM4.lib(rt_list.o)
    0x0800ab94   0x00000008   Code   RO         1014    i.rt_id2obj         RTX_CM4.lib(rt_cmsis.o)
    0x0800ab9c   0x00000048   Code   RO         1618    i.rt_init_context   RTX_CM4.lib(rt_task.o)
    0x0800abe4   0x0000001a   Code   RO         2065    i.rt_init_mem       RTX_CM4.lib(rt_memory.o)
    0x0800abfe   0x00000002   PAD
    0x0800ac00   0x00000018   Code   RO         2141    i.rt_init_robin     RTX_CM4.lib(rt_robin.o)
    0x0800ac18   0x00000080   Code   RO         2090    i.rt_init_stack     RTX_CM4.lib(hal_cm.o)
    0x0800ac98   0x00000008   Code   RO         1915    i.rt_mbx_check      RTX_CM4.lib(rt_mailbox.o)
    0x0800aca0   0x0000001a   Code   RO         1916    i.rt_mbx_init       RTX_CM4.lib(rt_mailbox.o)
    0x0800acba   0x00000002   PAD
    0x0800acbc   0x000000f0   Code   RO         1917    i.rt_mbx_psh        RTX_CM4.lib(rt_mailbox.o)
    0x0800adac   0x000000b4   Code   RO         1919    i.rt_mbx_wait       RTX_CM4.lib(rt_mailbox.o)
    0x0800ae60   0x00000044   Code   RO         1015    i.rt_ms2tick        RTX_CM4.lib(rt_cmsis.o)
    0x0800aea4   0x0000007c   Code   RO         1705    i.rt_pop_req        RTX_CM4.lib(rt_system.o)
    0x0800af20   0x00000020   Code   RO         1706    i.rt_psh_req        RTX_CM4.lib(rt_system.o)
    0x0800af40   0x0000005c   Code   RO         1840    i.rt_psq_enq        RTX_CM4.lib(rt_list.o)
    0x0800af9c   0x00000048   Code   RO         1841    i.rt_put_dly        RTX_CM4.lib(rt_list.o)
    0x0800afe4   0x00000036   Code   RO         1842    i.rt_put_prio       RTX_CM4.lib(rt_list.o)
    0x0800b01a   0x00000002   PAD
    0x0800b01c   0x00000014   Code   RO         1843    i.rt_put_rdy_first  RTX_CM4.lib(rt_list.o)
    0x0800b030   0x00000034   Code   RO         1844    i.rt_resort_prio    RTX_CM4.lib(rt_list.o)
    0x0800b064   0x00000010   Code   RO         2091    i.rt_ret_regs       RTX_CM4.lib(hal_cm.o)
    0x0800b074   0x0000000c   Code   RO         2092    i.rt_ret_val        RTX_CM4.lib(hal_cm.o)
    0x0800b080   0x00000010   Code   RO         2093    i.rt_ret_val2       RTX_CM4.lib(hal_cm.o)
    0x0800b090   0x00000028   Code   RO         1845    i.rt_rmv_dly        RTX_CM4.lib(rt_list.o)
    0x0800b0b8   0x00000030   Code   RO         1846    i.rt_rmv_list       RTX_CM4.lib(rt_list.o)
    0x0800b0e8   0x00000034   Code   RO         1964    i.rt_sem_psh        RTX_CM4.lib(rt_semaphore.o)
    0x0800b11c   0x00000024   Code   RO         1708    i.rt_stk_check      RTX_CM4.lib(rt_system.o)
    0x0800b140   0x00000028   Code   RO         1619    i.rt_switch_req     RTX_CM4.lib(rt_task.o)
    0x0800b168   0x000000cc   Code   RO         1620    i.rt_sys_init       RTX_CM4.lib(rt_task.o)
    0x0800b234   0x00000078   Code   RO         1621    i.rt_sys_start      RTX_CM4.lib(rt_task.o)
    0x0800b2ac   0x00000040   Code   RO         1710    i.rt_systick        RTX_CM4.lib(rt_system.o)
    0x0800b2ec   0x00000012   Code   RO         1016    i.rt_tid2ptcb       RTX_CM4.lib(rt_cmsis.o)
    0x0800b2fe   0x00000002   PAD
    0x0800b300   0x00000034   Code   RO         1017    i.rt_timer_insert   RTX_CM4.lib(rt_cmsis.o)
    0x0800b334   0x00000088   Code   RO         1622    i.rt_tsk_create     RTX_CM4.lib(rt_task.o)
    0x0800b3bc   0x0000017c   Code   RO         1623    i.rt_tsk_delete     RTX_CM4.lib(rt_task.o)
    0x0800b538   0x0000007c   Code   RO         1625    i.rt_tsk_prio       RTX_CM4.lib(rt_task.o)
    0x0800b5b4   0x00000010   Code   RO         1626    i.rt_tsk_self       RTX_CM4.lib(rt_task.o)
    0x0800b5c4   0x00000012   Code   RO         1019    i.svcDelay          RTX_CM4.lib(rt_cmsis.o)
    0x0800b5d6   0x00000002   PAD
    0x0800b5d8   0x00000070   Code   RO         1020    i.svcKernelInitialize  RTX_CM4.lib(rt_cmsis.o)
    0x0800b648   0x00000048   Code   RO         1022    i.svcKernelStart    RTX_CM4.lib(rt_cmsis.o)
    0x0800b690   0x00000024   Code   RO         1025    i.svcMessageCreate  RTX_CM4.lib(rt_cmsis.o)
    0x0800b6b4   0x0000003a   Code   RO         1026    i.svcMessageGet     RTX_CM4.lib(rt_cmsis.o)
    0x0800b6ee   0x00000024   Code   RO         1038    i.svcSignalSet      RTX_CM4.lib(rt_cmsis.o)
    0x0800b712   0x00000002   PAD
    0x0800b714   0x00000054   Code   RO         1039    i.svcSignalWait     RTX_CM4.lib(rt_cmsis.o)
    0x0800b768   0x0000006c   Code   RO         1040    i.svcThreadCreate   RTX_CM4.lib(rt_cmsis.o)
    0x0800b7d4   0x0000001c   Code   RO         1041    i.svcThreadGetId    RTX_CM4.lib(rt_cmsis.o)
    0x0800b7f0   0x00000038   Code   RO         1044    i.svcThreadTerminate  RTX_CM4.lib(rt_cmsis.o)
    0x0800b828   0x00000018   Code   RO         1046    i.svcTimerCall      RTX_CM4.lib(rt_cmsis.o)
    0x0800b840   0x0000005c   Code   RO         1055    i.sysTimerTick      RTX_CM4.lib(rt_cmsis.o)
    0x0800b89c   0x00000010   Data   RO          225    .constdata          accel_thread.o
    0x0800b8ac   0x00000010   Data   RO          342    .constdata          keypad_thread.o
    0x0800b8bc   0x00000010   Data   RO          372    .constdata          temp_thread.o
    0x0800b8cc   0x00000010   Data   RO          401    .constdata          seg_thread.o
    0x0800b8dc   0x00000068   Data   RO          457    .constdata          rtx_conf_cm.o
    0x0800b944   0x00000010   Data   RO          494    .constdata          system_stm32f4xx.o
    0x0800b954   0x00000008   Data   RO          627    .constdata          stm32f4xx_hal_dma.o
    0x0800b95c   0x00000010   Data   RO          748    .constdata          stm32f4xx_hal_rcc.o
    0x0800b96c   0x00000004   PAD
    0x0800b970   0x00000098   Data   RO         2177    .constdata          m_wm.l(atan.o)
    0x0800ba08   0x00000020   Data   RO         2552    Region$$Table       anon$$obj.o


    Execution Region RW_IRAM1 (Base: 0x20000000, Size: 0x00006be8, Max: 0x00020000, ABSOLUTE, COMPRESSED[0x00000050])

    Base Addr    Size         Type   Attr      Idx    E Section Name        Object

    0x20000000   0x0000008c   Data   RW          226    .data               accel_thread.o
    0x2000008c   0x0000000c   Data   RW          311    .data               keypad.o
    0x20000098   0x00000038   Data   RW          343    .data               keypad_thread.o
    0x200000d0   0x00000008   Data   RW          373    .data               temp_thread.o
    0x200000d8   0x00000014   Data   RW          402    .data               seg_thread.o
    0x200000ec   0x00000004   Data   RW          431    .data               lis3dsh.o
    0x200000f0   0x00000010   Data   RW          458    .data               rtx_conf_cm.o
    0x20000100   0x00000004   Data   RW          495    .data               system_stm32f4xx.o
    0x20000104   0x00000004   Data   RW          525    .data               stm32f4xx_hal.o
    0x20000108   0x00000008   Data   RW         1058    .data               RTX_CM4.lib(rt_cmsis.o)
    0x20000110   0x00000004   Data   RW         1587    .data               RTX_CM4.lib(rt_time.o)
    0x20000114   0x00000008   Data   RW         1628    .data               RTX_CM4.lib(rt_task.o)
    0x2000011c   0x00000008   Data   RW         1713    .data               RTX_CM4.lib(rt_system.o)
    0x20000124   0x00000001   Data   RW         2094    .data               RTX_CM4.lib(hal_cm.o)
    0x20000125   0x00000003   PAD
    0x20000128   0x00000008   Data   RW         2142    .data               RTX_CM4.lib(rt_robin.o)
    0x20000130   0x00000004   Data   RW         2517    .data               mc_w.l(stdout.o)
    0x20000134   0x00000004   Data   RW         2529    .data               mc_w.l(errno.o)
    0x20000138   0x000000e4   Zero   RW          224    .bss                accel_thread.o
    0x2000021c   0x00000044   Zero   RW          256    .bss                adc.o
    0x20000260   0x0000003c   Zero   RW          341    .bss                keypad_thread.o
    0x2000029c   0x0000003c   Zero   RW          371    .bss                temp_thread.o
    0x200002d8   0x0000003c   Zero   RW          400    .bss                seg_thread.o
    0x20000314   0x00000058   Zero   RW          430    .bss                lis3dsh.o
    0x2000036c   0x00000004   PAD
    0x20000370   0x00006410   Zero   RW          456    .bss                rtx_conf_cm.o
    0x20006780   0x00000034   Zero   RW         1627    .bss                RTX_CM4.lib(rt_task.o)
    0x200067b4   0x00000030   Zero   RW         1847    .bss                RTX_CM4.lib(rt_list.o)
    0x200067e4   0x00000004   PAD
    0x200067e8   0x00000400   Zero   RW          483    STACK               startup_stm32f407xx.o


==============================================================================

Image component sizes


      Code (inc. data)   RO Data    RW Data    ZI Data      Debug   Object Name

      1104        128         16        140        228      11359   accel_thread.o
       356         42          0          0         68       1778   adc.o
      1328         16          0          0          0       2073   gpio.o
       420         12          0         12          0       1775   keypad.o
      1216         86         16         56         60       4339   keypad_thread.o
      1472        120          0          4         88       5057   lis3dsh.o
       376         50          0          0          0     419198   main.o
        62          6        104         16      25616       7742   rtx_conf_cm.o
       400         46         16         20         60       2450   seg_thread.o
        36          8        392          0       1024        900   startup_stm32f407xx.o
       432         26          0          4          0       5158   stm32f4xx_hal.o
      2460         70          0          0          0       7715   stm32f4xx_hal_adc.o
      1824         40          0          0          0       5834   stm32f4xx_hal_adc_ex.o
       852         22          0          0          0      35667   stm32f4xx_hal_cortex.o
      1560         16          8          0          0       5156   stm32f4xx_hal_dma.o
       972         50          0          0          0       3975   stm32f4xx_hal_gpio.o
      2636         66         16          0          0       5910   stm32f4xx_hal_rcc.o
      5528         54          0          0          0      13424   stm32f4xx_hal_spi.o
     10240        152          0          0          0      31166   stm32f4xx_hal_tim.o
      3464         26          0          0          0      11966   stm32f4xx_hal_tim_ex.o
       288         32         16          4          0       1787   system_stm32f4xx.o
       196         22         16          8         60       1984   temp_thread.o

    ----------------------------------------------------------------------
     37224       1090        636        264      27208     586413   Object Totals
         0          0         32          0          0          0   (incl. Generated)
         2          0          4          0          4          0   (incl. Padding)

    ----------------------------------------------------------------------

      Code (inc. data)   RO Data    RW Data    ZI Data      Debug   Library Member Name

       268         24          0          1          0       4524   hal_cm.o
       408         34          0          0          0        824   hal_cm4.o
      1356        160          0          8          0      39206   rt_cmsis.o
       272         18          0          0          0       2842   rt_event.o
       530         34          0          0         48       8685   rt_list.o
       554         10          0          0          0       4237   rt_mailbox.o
       140          0          0          0          0       2069   rt_membox.o
       128          0          0          0          0       2451   rt_memory.o
        96         22          0          8          0       1254   rt_robin.o
        52          4          0          0          0        621   rt_semaphore.o
       298         52          0          8          0       6511   rt_system.o
      1216        174          0          8         52      10129   rt_task.o
         6          0          0          4          0        700   rt_time.o
         4          4          0          0          0        208   svc_table.o
      1330          6          0          0          0      20070   arm_fir_f32.o
       728        106        152          0          0        228   atan.o
        52          8          0          0          0        248   dunder.o
        44          0          0          0          0        248   fabs.o
        48          0          0          0          0        124   fpclassify.o
       248          0          0          0          0        152   poly.o
       122          0          0          0          0        148   sqrt_full.o
        86          0          0          0          0          0   __dczerorl2.o
         0          0          0          0          0          0   entry.o
         0          0          0          0          0          0   entry10a.o
         0          0          0          0          0          0   entry11a.o
         8          4          0          0          0          0   entry2.o
         4          0          0          0          0          0   entry5.o
         0          0          0          0          0          0   entry7b.o
         0          0          0          0          0          0   entry8b.o
        12          6          0          4          0         68   errno.o
        18          0          0          0          0         80   fputc.o
        30          0          0          0          0          0   handlers.o
        36          8          0          0          0         68   init.o
         0          0          0          0          0          0   iusefp.o
         0          0          0          0          0          0   iusesemip.o
        30          0          0          0          0         68   llshl.o
        36          0          0          0          0         68   llsshr.o
        32          0          0          0          0         68   llushr.o
        36          0          0          0          0         68   memcpya.o
        50          8          0          0          0        152   printfb.o
         0          0          0          0          0          0   semi.o
         0          0          0          4          0          0   stdout.o
        56          0          0          0          0         88   d2f.o
       334          0          0          0          0        148   dadd.o
       222          0          0          0          0        100   ddiv.o
       186          0          0          0          0        176   depilogue.o
       228          0          0          0          0         96   dmul.o
       162          0          0          0          0        100   dsqrt.o
        38          0          0          0          0         68   f2d.o
       110          0          0          0          0        168   fepilogue.o

    ----------------------------------------------------------------------
      9644        682        152         48        104     107063   Library Totals
        30          0          0          3          4          0   (incl. Padding)

    ----------------------------------------------------------------------

      Code (inc. data)   RO Data    RW Data    ZI Data      Debug   Library Name

      5328        536          0         37        100      84261   RTX_CM4.lib
      1330          6          0          0          0      20070   arm_cortexM4lf_math.lib
      1242        114        152          0          0       1148   m_wm.l
       378         26          0          8          0        640   mc_w.l
      1336          0          0          0          0        944   mf_w.l

    ----------------------------------------------------------------------
      9644        682        152         48        104     107063   Library Totals

    ----------------------------------------------------------------------

==============================================================================


      Code (inc. data)   RO Data    RW Data    ZI Data      Debug   

     46868       1772        788        312      27312     679432   Grand Totals
     46868       1772        788         80      27312     679432   ELF Image Totals (compressed)
     46868       1772        788         80          0          0   ROM Totals

==============================================================================

    Total RO  Size (Code + RO Data)                47656 (  46.54kB)
    Total RW  Size (RW Data + ZI Data)             27624 (  26.98kB)
    Total ROM Size (Code + RO Data + RW Data)      47736 (  46.62kB)

==============================================================================

