Component: ARM Compiler 5.06 update 4 (build 422) Tool: armlink [4d35d2]

==============================================================================

Section Cross References

    main.o(i.SystemClock_Config) refers to stm32f4xx_hal_rcc.o(i.HAL_RCC_OscConfig) for HAL_RCC_OscConfig
    main.o(i.SystemClock_Config) refers to stm32f4xx_hal_rcc.o(i.HAL_RCC_ClockConfig) for HAL_RCC_ClockConfig
    main.o(i.SystemClock_Config) refers to stm32f4xx_hal_rcc.o(i.HAL_RCC_GetHCLKFreq) for HAL_RCC_GetHCLKFreq
    main.o(i.SystemClock_Config) refers to stm32f4xx_hal_cortex.o(i.HAL_SYSTICK_Config) for HAL_SYSTICK_Config
    main.o(i.SystemClock_Config) refers to stm32f4xx_hal_cortex.o(i.HAL_SYSTICK_CLKSourceConfig) for HAL_SYSTICK_CLKSourceConfig
    main.o(i.SystemClock_Config) refers to stm32f4xx_hal_cortex.o(i.HAL_NVIC_SetPriority) for HAL_NVIC_SetPriority
    main.o(i.main) refers to stm32f4xx_hal.o(i.HAL_Init) for HAL_Init
    main.o(i.main) refers to main.o(i.SystemClock_Config) for SystemClock_Config
    main.o(i.main) refers to timer.o(i.TIM_Initialize) for TIM_Initialize
    main.o(i.main) refers to dac.o(i.DAC_Initialize) for DAC_Initialize
    main.o(i.main) refers to dac.o(i.DMA_Initialize) for DMA_Initialize
    main.o(i.main) refers to uart.o(i.UART_Initialize) for UART_Initialize
    main.o(i.main) refers to gpio.o(i.GPIO_Initialize) for GPIO_Initialize
    main.o(i.main) refers to accelerometer.o(i.cmpAngle) for cmpAngle
    main.o(i.main) refers to accelerometer.o(i.getAngle) for getAngle
    main.o(i.main) refers to accelerometer.o(i.getACC) for getACC
    main.o(i.main) refers to stm32f4xx_hal_gpio.o(i.HAL_GPIO_WritePin) for HAL_GPIO_WritePin
    main.o(i.main) refers to uart.o(i.UART_Transmit_Arr) for UART_Transmit_Arr
    main.o(i.main) refers to uart.o(i.UART_Receive) for UART_Receive
    main.o(i.main) refers to uart.o(i.data_pitch) for data_pitch
    main.o(i.main) refers to dac.o(i.DAC_Set) for DAC_Set
    main.o(i.main) refers to main.o(.data) for tx_count
    main.o(i.main) refers to main.o(.bss) for buffer
    stm32f4xx_it.o(i.DMA1_Stream5_IRQHandler) refers to stm32f4xx_hal_dma.o(i.HAL_DMA_IRQHandler) for HAL_DMA_IRQHandler
    stm32f4xx_it.o(i.DMA1_Stream5_IRQHandler) refers to dac.o(.bss) for dac_handle
    stm32f4xx_it.o(i.EXTI0_IRQHandler) refers to stm32f4xx_hal_gpio.o(i.HAL_GPIO_EXTI_IRQHandler) for HAL_GPIO_EXTI_IRQHandler
    stm32f4xx_it.o(i.HAL_DAC_ConvCpltCallbackCh1) refers to dac.o(.data) for dac_flag
    stm32f4xx_it.o(i.HAL_GPIO_EXTI_Callback) refers to accelerometer.o(i.ACC_Initialize) for ACC_Initialize
    stm32f4xx_it.o(i.HAL_GPIO_EXTI_Callback) refers to main.o(.data) for button_flag
    stm32f4xx_it.o(i.HAL_TIM_PeriodElapsedCallback) refers to timer.o(.bss) for timer_uart
    stm32f4xx_it.o(i.HAL_TIM_PeriodElapsedCallback) refers to main.o(.data) for tx_count
    stm32f4xx_it.o(i.SysTick_Handler) refers to stm32f4xx_hal.o(i.HAL_IncTick) for HAL_IncTick
    stm32f4xx_it.o(i.TIM3_IRQHandler) refers to stm32f4xx_hal_tim.o(i.HAL_TIM_IRQHandler) for HAL_TIM_IRQHandler
    stm32f4xx_it.o(i.TIM3_IRQHandler) refers to timer.o(.bss) for timer_uart
    timer.o(i.TIM_Initialize) refers to stm32f4xx_hal_tim.o(i.HAL_TIM_Base_Init) for HAL_TIM_Base_Init
    timer.o(i.TIM_Initialize) refers to error_func.o(i.Error_Handler) for Error_Handler
    timer.o(i.TIM_Initialize) refers to stm32f4xx_hal_tim_ex.o(i.HAL_TIMEx_MasterConfigSynchronization) for HAL_TIMEx_MasterConfigSynchronization
    timer.o(i.TIM_Initialize) refers to stm32f4xx_hal_tim.o(i.HAL_TIM_Base_Start_IT) for HAL_TIM_Base_Start_IT
    timer.o(i.TIM_Initialize) refers to stm32f4xx_hal_cortex.o(i.HAL_NVIC_SetPriority) for HAL_NVIC_SetPriority
    timer.o(i.TIM_Initialize) refers to stm32f4xx_hal_cortex.o(i.HAL_NVIC_EnableIRQ) for HAL_NVIC_EnableIRQ
    timer.o(i.TIM_Initialize) refers to timer.o(.bss) for timer_dac
    dac.o(i.DAC_Initialize) refers to stm32f4xx_hal_dac.o(i.HAL_DAC_Init) for HAL_DAC_Init
    dac.o(i.DAC_Initialize) refers to error_func.o(i.Error_Handler) for Error_Handler
    dac.o(i.DAC_Initialize) refers to stm32f4xx_hal_dac.o(i.HAL_DAC_ConfigChannel) for HAL_DAC_ConfigChannel
    dac.o(i.DAC_Initialize) refers to dac.o(.bss) for dac_handle
    dac.o(i.DAC_Set) refers to stm32f4xx_hal_dac.o(i.HAL_DAC_Start_DMA) for HAL_DAC_Start_DMA
    dac.o(i.DAC_Set) refers to error_func.o(i.Error_Handler) for Error_Handler
    dac.o(i.DAC_Set) refers to stm32f4xx_hal_dac.o(i.HAL_DAC_GetValue) for HAL_DAC_GetValue
    dac.o(i.DAC_Set) refers to f2d.o(.text) for __aeabi_f2d
    dac.o(i.DAC_Set) refers to printfa.o(i.__0printf) for __2printf
    dac.o(i.DAC_Set) refers to stm32f4xx_hal_dac.o(i.HAL_DAC_Stop_DMA) for HAL_DAC_Stop_DMA
    dac.o(i.DAC_Set) refers to dac.o(.data) for angle
    dac.o(i.DAC_Set) refers to dac.o(.bss) for dac_handle
    dac.o(i.DMA_Initialize) refers to stm32f4xx_hal_dma.o(i.HAL_DMA_Init) for HAL_DMA_Init
    dac.o(i.DMA_Initialize) refers to error_func.o(i.Error_Handler) for Error_Handler
[...]
    D:\Keil_v5\ARM\PACK\Keil\STM32F4xx_DFP\2.8.0\Drivers\STM32F4xx_HAL_Driver\Src\stm32f4xx_hal_tim_ex.c 0x00000000   Number         0  stm32f4xx_hal_tim_ex.o ABSOLUTE
    D:\Keil_v5\ARM\PACK\Keil\STM32F4xx_DFP\2.8.0\Drivers\STM32F4xx_HAL_Driver\Src\stm32f4xx_hal_uart.c 0x00000000   Number         0  stm32f4xx_hal_uart.o ABSOLUTE
    D:\Keil_v5\ARM\PACK\Keil\STM32F4xx_DFP\2.8.0\Drivers\STM32F4xx_HAL_Driver\Src\stm32f4xx_hal_usart.c 0x00000000   Number         0  stm32f4xx_hal_usart.o ABSOLUTE
    D:\Keil_v5\ARM\PACK\Keil\STM32F4xx_DFP\2.8.0\Drivers\STM32F4xx_HAL_Driver\Src\stm32f4xx_ll_fsmc.c 0x00000000   Number         0  stm32f4xx_ll_fsmc.o ABSOLUTE
    D:\\Keil_v5\\ARM\\PACK\\Keil\\STM32F4xx_DFP\\2.8.0\\Drivers\\STM32F4xx_HAL_Driver\\Src\\stm32f4xx_hal.c 0x00000000   Number         0  stm32f4xx_hal.o ABSOLUTE
    D:\\Keil_v5\\ARM\\PACK\\Keil\\STM32F4xx_DFP\\2.8.0\\Drivers\\STM32F4xx_HAL_Driver\\Src\\stm32f4xx_hal_adc.c 0x00000000   Number         0  stm32f4xx_hal_adc.o ABSOLUTE
    D:\\Keil_v5\\ARM\\PACK\\Keil\\STM32F4xx_DFP\\2.8.0\\Drivers\\STM32F4xx_HAL_Driver\\Src\\stm32f4xx_hal_adc_ex.c 0x00000000   Number         0  stm32f4xx_hal_adc_ex.o ABSOLUTE
    D:\\Keil_v5\\ARM\\PACK\\Keil\\STM32F4xx_DFP\\2.8.0\\Drivers\\STM32F4xx_HAL_Driver\\Src\\stm32f4xx_hal_cortex.c 0x00000000   Number         0  stm32f4xx_hal_cortex.o ABSOLUTE
    D:\\Keil_v5\\ARM\\PACK\\Keil\\STM32F4xx_DFP\\2.8.0\\Drivers\\STM32F4xx_HAL_Driver\\Src\\stm32f4xx_hal_dac.c 0x00000000   Number         0  stm32f4xx_hal_dac.o ABSOLUTE
    D:\\Keil_v5\\ARM\\PACK\\Keil\\STM32F4xx_DFP\\2.8.0\\Drivers\\STM32F4xx_HAL_Driver\\Src\\stm32f4xx_hal_dac_ex.c 0x00000000   Number         0  stm32f4xx_hal_dac_ex.o ABSOLUTE
    D:\\Keil_v5\\ARM\\PACK\\Keil\\STM32F4xx_DFP\\2.8.0\\Drivers\\STM32F4xx_HAL_Driver\\Src\\stm32f4xx_hal_dma.c 0x00000000   Number         0  stm32f4xx_hal_dma.o ABSOLUTE
    D:\\Keil_v5\\ARM\\PACK\\Keil\\STM32F4xx_DFP\\2.8.0\\Drivers\\STM32F4xx_HAL_Driver\\Src\\stm32f4xx_hal_dma_ex.c 0x00000000   Number         0  stm32f4xx_hal_dma_ex.o ABSOLUTE
    D:\\Keil_v5\\ARM\\PACK\\Keil\\STM32F4xx_DFP\\2.8.0\\Drivers\\STM32F4xx_HAL_Driver\\Src\\stm32f4xx_hal_flash.c 0x00000000   Number         0  stm32f4xx_hal_flash.o ABSOLUTE
    D:\\Keil_v5\\ARM\\PACK\\Keil\\STM32F4xx_DFP\\2.8.0\\Drivers\\STM32F4xx_HAL_Driver\\Src\\stm32f4xx_hal_flash_ex.c 0x00000000   Number         0  stm32f4xx_hal_flash_ex.o ABSOLUTE
    D:\\Keil_v5\\ARM\\PACK\\Keil\\STM32F4xx_DFP\\2.8.0\\Drivers\\STM32F4xx_HAL_Driver\\Src\\stm32f4xx_hal_gpio.c 0x00000000   Number         0  stm32f4xx_hal_gpio.o ABSOLUTE
    D:\\Keil_v5\\ARM\\PACK\\Keil\\STM32F4xx_DFP\\2.8.0\\Drivers\\STM32F4xx_HAL_Driver\\Src\\stm32f4xx_hal_i2c.c 0x00000000   Number         0  stm32f4xx_hal_i2c.o ABSOLUTE
    D:\\Keil_v5\\ARM\\PACK\\Keil\\STM32F4xx_DFP\\2.8.0\\Drivers\\STM32F4xx_HAL_Driver\\Src\\stm32f4xx_hal_i2s.c 0x00000000   Number         0  stm32f4xx_hal_i2s.o ABSOLUTE
    D:\\Keil_v5\\ARM\\PACK\\Keil\\STM32F4xx_DFP\\2.8.0\\Drivers\\STM32F4xx_HAL_Driver\\Src\\stm32f4xx_hal_i2s_ex.c 0x00000000   Number         0  stm32f4xx_hal_i2s_ex.o ABSOLUTE
    D:\\Keil_v5\\ARM\\PACK\\Keil\\STM32F4xx_DFP\\2.8.0\\Drivers\\STM32F4xx_HAL_Driver\\Src\\stm32f4xx_hal_pwr.c 0x00000000   Number         0  stm32f4xx_hal_pwr.o ABSOLUTE
    D:\\Keil_v5\\ARM\\PACK\\Keil\\STM32F4xx_DFP\\2.8.0\\Drivers\\STM32F4xx_HAL_Driver\\Src\\stm32f4xx_hal_pwr_ex.c 0x00000000   Number         0  stm32f4xx_hal_pwr_ex.o ABSOLUTE
    D:\\Keil_v5\\ARM\\PACK\\Keil\\STM32F4xx_DFP\\2.8.0\\Drivers\\STM32F4xx_HAL_Driver\\Src\\stm32f4xx_hal_rcc.c 0x00000000   Number         0  stm32f4xx_hal_rcc.o ABSOLUTE
    D:\\Keil_v5\\ARM\\PACK\\Keil\\STM32F4xx_DFP\\2.8.0\\Drivers\\STM32F4xx_HAL_Driver\\Src\\stm32f4xx_hal_rcc_ex.c 0x00000000   Number         0  stm32f4xx_hal_rcc_ex.o ABSOLUTE
    D:\\Keil_v5\\ARM\\PACK\\Keil\\STM32F4xx_DFP\\2.8.0\\Drivers\\STM32F4xx_HAL_Driver\\Src\\stm32f4xx_hal_rtc.c 0x00000000   Number         0  stm32f4xx_hal_rtc.o ABSOLUTE
    D:\\Keil_v5\\ARM\\PACK\\Keil\\STM32F4xx_DFP\\2.8.0\\Drivers\\STM32F4xx_HAL_Driver\\Src\\stm32f4xx_hal_rtc_ex.c 0x00000000   Number         0  stm32f4xx_hal_rtc_ex.o ABSOLUTE
    D:\\Keil_v5\\ARM\\PACK\\Keil\\STM32F4xx_DFP\\2.8.0\\Drivers\\STM32F4xx_HAL_Driver\\Src\\stm32f4xx_hal_spi.c 0x00000000   Number         0  stm32f4xx_hal_spi.o ABSOLUTE
    D:\\Keil_v5\\ARM\\PACK\\Keil\\STM32F4xx_DFP\\2.8.0\\Drivers\\STM32F4xx_HAL_Driver\\Src\\stm32f4xx_hal_sram.c 0x00000000   Number         0  stm32f4xx_hal_sram.o ABSOLUTE
    D:\\Keil_v5\\ARM\\PACK\\Keil\\STM32F4xx_DFP\\2.8.0\\Drivers\\STM32F4xx_HAL_Driver\\Src\\stm32f4xx_hal_tim.c 0x00000000   Number         0  stm32f4xx_hal_tim.o ABSOLUTE
    D:\\Keil_v5\\ARM\\PACK\\Keil\\STM32F4xx_DFP\\2.8.0\\Drivers\\STM32F4xx_HAL_Driver\\Src\\stm32f4xx_hal_tim_ex.c 0x00000000   Number         0  stm32f4xx_hal_tim_ex.o ABSOLUTE
    D:\\Keil_v5\\ARM\\PACK\\Keil\\STM32F4xx_DFP\\2.8.0\\Drivers\\STM32F4xx_HAL_Driver\\Src\\stm32f4xx_hal_uart.c 0x00000000   Number         0  stm32f4xx_hal_uart.o ABSOLUTE
    D:\\Keil_v5\\ARM\\PACK\\Keil\\STM32F4xx_DFP\\2.8.0\\Drivers\\STM32F4xx_HAL_Driver\\Src\\stm32f4xx_hal_usart.c 0x00000000   Number         0  stm32f4xx_hal_usart.o ABSOLUTE
    D:\\Keil_v5\\ARM\\PACK\\Keil\\STM32F4xx_DFP\\2.8.0\\Drivers\\STM32F4xx_HAL_Driver\\Src\\stm32f4xx_ll_fsmc.c 0x00000000   Number         0  stm32f4xx_ll_fsmc.o ABSOLUTE
    RTE\Device\STM32F407VGTx\startup_stm32f407xx.s 0x00000000   Number         0  startup_stm32f407xx.o ABSOLUTE
    RTE\Device\STM32F407VGTx\system_stm32f4xx.c 0x00000000   Number         0  system_stm32f4xx.o ABSOLUTE
    RTE\\Device\\STM32F407VGTx\\system_stm32f4xx.c 0x00000000   Number         0  system_stm32f4xx.o ABSOLUTE
    SRC\\accelerometer.c                     0x00000000   Number         0  accelerometer.o ABSOLUTE
    SRC\\dac.c                               0x00000000   Number         0  dac.o ABSOLUTE
    SRC\\error_func.c                        0x00000000   Number         0  error_func.o ABSOLUTE
    SRC\\flash.c                             0x00000000   Number         0  flash.o ABSOLUTE
    SRC\\gpio.c                              0x00000000   Number         0  gpio.o ABSOLUTE
    SRC\\main.c                              0x00000000   Number         0  main.o ABSOLUTE
    SRC\\stm32f4xx_it.c                      0x00000000   Number         0  stm32f4xx_it.o ABSOLUTE
    SRC\\timer.c                             0x00000000   Number         0  timer.o ABSOLUTE
    SRC\\uart.c                              0x00000000   Number         0  uart.o ABSOLUTE
    SRC\accelerometer.c                      0x00000000   Number         0  accelerometer.o ABSOLUTE
    SRC\dac.c                                0x00000000   Number         0  dac.o ABSOLUTE
    SRC\error_func.c                         0x00000000   Number         0  error_func.o ABSOLUTE
    SRC\flash.c                              0x00000000   Number         0  flash.o ABSOLUTE
    SRC\gpio.c                               0x00000000   Number         0  gpio.o ABSOLUTE
    SRC\main.c                               0x00000000   Number         0  main.o ABSOLUTE
    SRC\stm32f4xx_it.c                       0x00000000   Number         0  stm32f4xx_it.o ABSOLUTE
    SRC\timer.c                              0x00000000   Number         0  timer.o ABSOLUTE
    SRC\uart.c                               0x00000000   Number         0  uart.o ABSOLUTE
    cdcmple.s                                0x00000000   Number         0  cdcmple.o ABSOLUTE
    cdrcmple.s                               0x00000000   Number         0  cdrcmple.o ABSOLUTE
    dc.s                                     0x00000000   Number         0  dc.o ABSOLUTE
    handlers.s                               0x00000000   Number         0  handlers.o ABSOLUTE
    init.s                                   0x00000000   Number         0  init.o ABSOLUTE
    RESET                                    0x08000000   Section      392  startup_stm32f407xx.o(RESET)
    .ARM.Collect$$$$00000000                 0x08000188   Section        0  entry.o(.ARM.Collect$$$$00000000)
    .ARM.Collect$$$$00000001                 0x08000188   Section        4  entry2.o(.ARM.Collect$$$$00000001)
    .ARM.Collect$$$$00000004                 0x0800018c   Section        4  entry5.o(.ARM.Collect$$$$00000004)
    .ARM.Collect$$$$00000008                 0x08000190   Section        0  entry7b.o(.ARM.Collect$$$$00000008)
    .ARM.Collect$$$$0000000A                 0x08000190   Section        0  entry8b.o(.ARM.Collect$$$$0000000A)
    .ARM.Collect$$$$0000000B                 0x08000190   Section        8  entry9a.o(.ARM.Collect$$$$0000000B)
    .ARM.Collect$$$$0000000D                 0x08000198   Section        0  entry10a.o(.ARM.Collect$$$$0000000D)
    .ARM.Collect$$$$0000000F                 0x08000198   Section        0  entry11a.o(.ARM.Collect$$$$0000000F)
    .ARM.Collect$$$$00002712                 0x08000198   Section        4  entry2.o(.ARM.Collect$$$$00002712)
    __lit__00000000                          0x08000198   Data           4  entry2.o(.ARM.Collect$$$$00002712)
    .text                                    0x0800019c   Section       36  startup_stm32f407xx.o(.text)
    $v0                                      0x0800019c   Number         0  startup_stm32f407xx.o(.text)
    .text                                    0x080001c0   Section        0  memcpya.o(.text)
    .text                                    0x080001e4   Section        0  dadd.o(.text)
    .text                                    0x08000332   Section        0  dmul.o(.text)
    .text                                    0x08000416   Section        0  ddiv.o(.text)
    .text                                    0x080004f4   Section        0  f2d.o(.text)
    .text                                    0x0800051a   Section        0  d2f.o(.text)
    .text                                    0x08000552   Section        0  uidiv.o(.text)
    .text                                    0x0800057e   Section        0  uldiv.o(.text)
    .text                                    0x080005e0   Section        0  llshl.o(.text)
    .text                                    0x080005fe   Section        0  llsshr.o(.text)
    .text                                    0x08000622   Section        0  fepilogue.o(.text)
    .text                                    0x08000622   Section        0  iusefp.o(.text)
    .text                                    0x08000690   Section        0  depilogue.o(.text)
    .text                                    0x0800074a   Section        0  dscalb.o(.text)
    .text                                    0x08000778   Section        0  dsqrt.o(.text)
    .text                                    0x0800081a   Section        0  dflti.o(.text)
    .text                                    0x0800083c   Section        0  dfixul.o(.text)
    .text                                    0x0800086c   Section       48  cdrcmple.o(.text)
    .text                                    0x0800089c   Section       36  init.o(.text)
    .text                                    0x080008c0   Section        0  llushr.o(.text)
    i.ACC_Initialize                         0x080008e0   Section        0  accelerometer.o(i.ACC_Initialize)
    i.BusFault_Handler                       0x08000922   Section        0  stm32f4xx_it.o(i.BusFault_Handler)
    i.DAC_DMAConvCpltCh1                     0x08000926   Section        0  stm32f4xx_hal_dac.o(i.DAC_DMAConvCpltCh1)
    DAC_DMAConvCpltCh1                       0x08000927   Thumb Code    18  stm32f4xx_hal_dac.o(i.DAC_DMAConvCpltCh1)
    i.DAC_DMAConvCpltCh2                     0x08000938   Section        0  stm32f4xx_hal_dac_ex.o(i.DAC_DMAConvCpltCh2)
    i.DAC_DMAErrorCh1                        0x0800094a   Section        0  stm32f4xx_hal_dac.o(i.DAC_DMAErrorCh1)
    DAC_DMAErrorCh1                          0x0800094b   Thumb Code    26  stm32f4xx_hal_dac.o(i.DAC_DMAErrorCh1)
    i.DAC_DMAErrorCh2                        0x08000964   Section        0  stm32f4xx_hal_dac_ex.o(i.DAC_DMAErrorCh2)
    i.DAC_DMAHalfConvCpltCh1                 0x0800097e   Section        0  stm32f4xx_hal_dac.o(i.DAC_DMAHalfConvCpltCh1)
    DAC_DMAHalfConvCpltCh1                   0x0800097f   Thumb Code    14  stm32f4xx_hal_dac.o(i.DAC_DMAHalfConvCpltCh1)
    i.DAC_DMAHalfConvCpltCh2                 0x0800098c   Section        0  stm32f4xx_hal_dac_ex.o(i.DAC_DMAHalfConvCpltCh2)
    i.DAC_Initialize                         0x0800099c   Section        0  dac.o(i.DAC_Initialize)
    i.DAC_Set                                0x080009fc   Section        0  dac.o(i.DAC_Set)
    i.DMA1_Stream5_IRQHandler                0x08000ac8   Section        0  stm32f4xx_it.o(i.DMA1_Stream5_IRQHandler)
    i.DMA_CalcBaseAndBitshift                0x08000ad8   Section        0  stm32f4xx_hal_dma.o(i.DMA_CalcBaseAndBitshift)
    DMA_CalcBaseAndBitshift                  0x08000ad9   Thumb Code    46  stm32f4xx_hal_dma.o(i.DMA_CalcBaseAndBitshift)
    i.DMA_Initialize                         0x08000b0c   Section        0  dac.o(i.DMA_Initialize)
    i.DMA_SetConfig                          0x08000ba8   Section        0  stm32f4xx_hal_dma.o(i.DMA_SetConfig)
    DMA_SetConfig                            0x08000ba9   Thumb Code    44  stm32f4xx_hal_dma.o(i.DMA_SetConfig)
    i.DebugMon_Handler                       0x08000bd4   Section        0  stm32f4xx_it.o(i.DebugMon_Handler)
    i.EXTI0_IRQHandler                       0x08000bd6   Section        0  stm32f4xx_it.o(i.EXTI0_IRQHandler)
    i.Error_Handler                          0x08000be0   Section        0  error_func.o(i.Error_Handler)
    i.GPIO_Initialize                        0x08000e8c   Section        0  gpio.o(i.GPIO_Initialize)
    i.HAL_DACEx_ConvCpltCallbackCh2          0x08000fc8   Section        0  stm32f4xx_hal_dac_ex.o(i.HAL_DACEx_ConvCpltCallbackCh2)
    i.HAL_DACEx_ConvHalfCpltCallbackCh2      0x08000fca   Section        0  stm32f4xx_hal_dac_ex.o(i.HAL_DACEx_ConvHalfCpltCallbackCh2)
    i.HAL_DACEx_ErrorCallbackCh2             0x08000fcc   Section        0  stm32f4xx_hal_dac_ex.o(i.HAL_DACEx_ErrorCallbackCh2)
    i.HAL_DAC_ConfigChannel                  0x08000fce   Section        0  stm32f4xx_hal_dac.o(i.HAL_DAC_ConfigChannel)
    i.HAL_DAC_ConvCpltCallbackCh1            0x08001028   Section        0  stm32f4xx_it.o(i.HAL_DAC_ConvCpltCallbackCh1)
    i.HAL_DAC_ConvHalfCpltCallbackCh1        0x08001034   Section        0  stm32f4xx_hal_dac.o(i.HAL_DAC_ConvHalfCpltCallbackCh1)
    i.HAL_DAC_ErrorCallbackCh1               0x08001036   Section        0  stm32f4xx_hal_dac.o(i.HAL_DAC_ErrorCallbackCh1)
    i.HAL_DAC_GetValue                       0x08001038   Section        0  stm32f4xx_hal_dac.o(i.HAL_DAC_GetValue)
    i.HAL_DAC_Init                           0x08001048   Section        0  stm32f4xx_hal_dac.o(i.HAL_DAC_Init)
    i.HAL_DAC_MspInit                        0x08001070   Section        0  stm32f4xx_hal_dac.o(i.HAL_DAC_MspInit)
    i.HAL_DAC_Start_DMA                      0x08001074   Section        0  stm32f4xx_hal_dac.o(i.HAL_DAC_Start_DMA)
    i.HAL_DAC_Stop_DMA                       0x08001194   Section        0  stm32f4xx_hal_dac.o(i.HAL_DAC_Stop_DMA)
    i.HAL_DMA_Abort                          0x080011de   Section        0  stm32f4xx_hal_dma.o(i.HAL_DMA_Abort)
    i.HAL_DMA_IRQHandler                     0x0800123c   Section        0  stm32f4xx_hal_dma.o(i.HAL_DMA_IRQHandler)
    i.HAL_DMA_Init                           0x08001454   Section        0  stm32f4xx_hal_dma.o(i.HAL_DMA_Init)
    i.HAL_DMA_Start_IT                       0x080014d8   Section        0  stm32f4xx_hal_dma.o(i.HAL_DMA_Start_IT)
    i.HAL_Delay                              0x08001542   Section        0  stm32f4xx_hal.o(i.HAL_Delay)
    i.HAL_GPIO_EXTI_Callback                 0x0800155c   Section        0  stm32f4xx_it.o(i.HAL_GPIO_EXTI_Callback)
    i.HAL_GPIO_EXTI_IRQHandler               0x08001580   Section        0  stm32f4xx_hal_gpio.o(i.HAL_GPIO_EXTI_IRQHandler)
    i.HAL_GPIO_Init                          0x0800159c   Section        0  stm32f4xx_hal_gpio.o(i.HAL_GPIO_Init)
    i.HAL_GPIO_WritePin                      0x080017a8   Section        0  stm32f4xx_hal_gpio.o(i.HAL_GPIO_WritePin)
    i.HAL_GetTick                            0x080017b4   Section        0  stm32f4xx_hal.o(i.HAL_GetTick)
    i.HAL_IncTick                            0x080017c0   Section        0  stm32f4xx_hal.o(i.HAL_IncTick)
    i.HAL_Init                               0x080017d0   Section        0  stm32f4xx_hal.o(i.HAL_Init)
    i.HAL_InitTick                           0x0800180c   Section        0  stm32f4xx_hal.o(i.HAL_InitTick)
    i.HAL_MspInit                            0x08001830   Section        0  stm32f4xx_hal.o(i.HAL_MspInit)
    i.HAL_NVIC_EnableIRQ                     0x0800183a   Section        0  stm32f4xx_hal_cortex.o(i.HAL_NVIC_EnableIRQ)
    i.HAL_NVIC_SetPriority                   0x0800185a   Section        0  stm32f4xx_hal_cortex.o(i.HAL_NVIC_SetPriority)
    i.HAL_NVIC_SetPriorityGrouping           0x080018d8   Section        0  stm32f4xx_hal_cortex.o(i.HAL_NVIC_SetPriorityGrouping)
    i.HAL_RCC_ClockConfig                    0x08001900   Section        0  stm32f4xx_hal_rcc.o(i.HAL_RCC_ClockConfig)
    i.HAL_RCC_GetHCLKFreq                    0x08001bb0   Section        0  stm32f4xx_hal_rcc.o(i.HAL_RCC_GetHCLKFreq)
    i.HAL_RCC_GetPCLK1Freq                   0x08001be8   Section        0  stm32f4xx_hal_rcc.o(i.HAL_RCC_GetPCLK1Freq)
    i.HAL_RCC_GetPCLK2Freq                   0x08001c14   Section        0  stm32f4xx_hal_rcc.o(i.HAL_RCC_GetPCLK2Freq)
    i.HAL_RCC_GetSysClockFreq                0x08001c40   Section        0  stm32f4xx_hal_rcc.o(i.HAL_RCC_GetSysClockFreq)
    i.HAL_RCC_OscConfig                      0x08001cf4   Section        0  stm32f4xx_hal_rcc.o(i.HAL_RCC_OscConfig)
    i.HAL_SPI_DeInit                         0x080020fc   Section        0  stm32f4xx_hal_spi.o(i.HAL_SPI_DeInit)
    i.HAL_SPI_Init                           0x0800212c   Section        0  stm32f4xx_hal_spi.o(i.HAL_SPI_Init)
    i.HAL_SPI_MspDeInit                      0x080021b4   Section        0  stm32f4xx_hal_spi.o(i.HAL_SPI_MspDeInit)
    i.HAL_SPI_MspInit                        0x080021b8   Section        0  lis3dsh.o(i.HAL_SPI_MspInit)
    i.HAL_SYSTICK_CLKSourceConfig            0x080022a4   Section        0  stm32f4xx_hal_cortex.o(i.HAL_SYSTICK_CLKSourceConfig)
    i.HAL_SYSTICK_Config                     0x080022cc   Section        0  stm32f4xx_hal_cortex.o(i.HAL_SYSTICK_Config)
    i.HAL_TIMEx_BreakCallback                0x08002300   Section        0  stm32f4xx_hal_tim_ex.o(i.HAL_TIMEx_BreakCallback)
    i.HAL_TIMEx_CommutationCallback          0x08002302   Section        0  stm32f4xx_hal_tim_ex.o(i.HAL_TIMEx_CommutationCallback)
    i.HAL_TIMEx_MasterConfigSynchronization  0x08002304   Section        0  stm32f4xx_hal_tim_ex.o(i.HAL_TIMEx_MasterConfigSynchronization)
    i.HAL_TIM_Base_Init                      0x08002366   Section        0  stm32f4xx_hal_tim.o(i.HAL_TIM_Base_Init)
    i.HAL_TIM_Base_MspInit                   0x0800239a   Section        0  stm32f4xx_hal_tim.o(i.HAL_TIM_Base_MspInit)
    i.HAL_TIM_Base_Start_IT                  0x0800239c   Section        0  stm32f4xx_hal_tim.o(i.HAL_TIM_Base_Start_IT)
    i.HAL_TIM_IC_CaptureCallback             0x080023ba   Section        0  stm32f4xx_hal_tim.o(i.HAL_TIM_IC_CaptureCallback)
    i.HAL_TIM_IRQHandler                     0x080023bc   Section        0  stm32f4xx_hal_tim.o(i.HAL_TIM_IRQHandler)
    i.HAL_TIM_OC_DelayElapsedCallback        0x08002552   Section        0  stm32f4xx_hal_tim.o(i.HAL_TIM_OC_DelayElapsedCallback)
    i.HAL_TIM_PWM_PulseFinishedCallback      0x08002554   Section        0  stm32f4xx_hal_tim.o(i.HAL_TIM_PWM_PulseFinishedCallback)
    i.HAL_TIM_PeriodElapsedCallback          0x08002558   Section        0  stm32f4xx_it.o(i.HAL_TIM_PeriodElapsedCallback)
    i.HAL_TIM_TriggerCallback                0x0800257c   Section        0  stm32f4xx_hal_tim.o(i.HAL_TIM_TriggerCallback)
    i.HAL_UART_Init                          0x0800257e   Section        0  stm32f4xx_hal_uart.o(i.HAL_UART_Init)
    i.HAL_UART_MspInit                       0x080025ec   Section        0  stm32f4xx_hal_uart.o(i.HAL_UART_MspInit)
    i.HAL_UART_Receive                       0x080025ee   Section        0  stm32f4xx_hal_uart.o(i.HAL_UART_Receive)
    i.HAL_UART_Transmit                      0x080026e6   Section        0  stm32f4xx_hal_uart.o(i.HAL_UART_Transmit)
    i.HardFault_Handler                      0x080027d6   Section        0  stm32f4xx_it.o(i.HardFault_Handler)
    i.ITM_SendChar                           0x080027dc   Section        0  retarget_io.o(i.ITM_SendChar)
    i.LIS3DSH_DataReadyInterruptConfig       0x0800280c   Section        0  lis3dsh.o(i.LIS3DSH_DataReadyInterruptConfig)
    i.LIS3DSH_Init                           0x08002838   Section        0  lis3dsh.o(i.LIS3DSH_Init)
    i.LIS3DSH_Read                           0x08002914   Section        0  lis3dsh.o(i.LIS3DSH_Read)
    i.LIS3DSH_ReadACC                        0x08002960   Section        0  lis3dsh.o(i.LIS3DSH_ReadACC)
    i.LIS3DSH_SendByte                       0x08002ba4   Section        0  lis3dsh.o(i.LIS3DSH_SendByte)
    LIS3DSH_SendByte                         0x08002ba5   Thumb Code   108  lis3dsh.o(i.LIS3DSH_SendByte)
    i.LIS3DSH_TIMEOUT_UserCallback           0x08002c18   Section        0  lis3dsh.o(i.LIS3DSH_TIMEOUT_UserCallback)
    i.LIS3DSH_Write                          0x08002c1c   Section        0  lis3dsh.o(i.LIS3DSH_Write)
    i.MemManage_Handler                      0x08002c60   Section        0  stm32f4xx_it.o(i.MemManage_Handler)
    i.NMI_Handler                            0x08002c64   Section        0  stm32f4xx_it.o(i.NMI_Handler)
    i.PendSV_Handler                         0x08002c66   Section        0  stm32f4xx_it.o(i.PendSV_Handler)
    i.SPI_ReceiveData                        0x08002c68   Section        0  lis3dsh.o(i.SPI_ReceiveData)
    i.SPI_SendData                           0x08002c72   Section        0  lis3dsh.o(i.SPI_SendData)
    i.SVC_Handler                            0x08002c78   Section        0  stm32f4xx_it.o(i.SVC_Handler)
    i.SysTick_Handler                        0x08002c7a   Section        0  stm32f4xx_it.o(i.SysTick_Handler)
    i.SystemClock_Config                     0x08002c84   Section        0  main.o(i.SystemClock_Config)
    SystemClock_Config                       0x08002c85   Thumb Code   176  main.o(i.SystemClock_Config)
    i.SystemInit                             0x08002d3c   Section        0  system_stm32f4xx.o(i.SystemInit)
    i.TIM3_IRQHandler                        0x08002da0   Section        0  stm32f4xx_it.o(i.TIM3_IRQHandler)
    i.TIM_Base_SetConfig                     0x08002db0   Section        0  stm32f4xx_hal_tim.o(i.TIM_Base_SetConfig)
    i.TIM_Initialize                         0x08002e94   Section        0  timer.o(i.TIM_Initialize)
    i.UART_Initialize                        0x08002f7c   Section        0  uart.o(i.UART_Initialize)
    i.UART_Receive                           0x08002ff8   Section        0  uart.o(i.UART_Receive)
    i.UART_SetConfig                         0x08003064   Section        0  stm32f4xx_hal_uart.o(i.UART_SetConfig)
    UART_SetConfig                           0x08003065   Thumb Code   538  stm32f4xx_hal_uart.o(i.UART_SetConfig)
    i.UART_Transmit                          0x08003288   Section        0  uart.o(i.UART_Transmit)
    i.UART_Transmit_Arr                      0x08003350   Section        0  uart.o(i.UART_Transmit_Arr)
    i.UART_WaitOnFlagUntilTimeout            0x0800337e   Section        0  stm32f4xx_hal_uart.o(i.UART_WaitOnFlagUntilTimeout)
    UART_WaitOnFlagUntilTimeout              0x0800337f   Thumb Code   250  stm32f4xx_hal_uart.o(i.UART_WaitOnFlagUntilTimeout)
    i.UsageFault_Handler                     0x08003478   Section        0  stm32f4xx_it.o(i.UsageFault_Handler)
    i.__0printf                              0x0800347c   Section        0  printfa.o(i.__0printf)
    i.__ARM_fpclassify                       0x0800349c   Section        0  fpclassify.o(i.__ARM_fpclassify)
    i.__NVIC_GetPriorityGrouping             0x080034cc   Section        0  stm32f4xx_hal_cortex.o(i.__NVIC_GetPriorityGrouping)
    __NVIC_GetPriorityGrouping               0x080034cd   Thumb Code    10  stm32f4xx_hal_cortex.o(i.__NVIC_GetPriorityGrouping)
    i.__NVIC_SetPriority                     0x080034dc   Section        0  stm32f4xx_hal_cortex.o(i.__NVIC_SetPriority)
    __NVIC_SetPriority                       0x080034dd   Thumb Code    32  stm32f4xx_hal_cortex.o(i.__NVIC_SetPriority)
    i.__hardfp_atan                          0x08003508   Section        0  atan.o(i.__hardfp_atan)
    i.__hardfp_atan2                         0x080037e0   Section        0  atan2.o(i.__hardfp_atan2)
    i.__hardfp_pow                           0x080039d0   Section        0  pow.o(i.__hardfp_pow)
    i.__hardfp_sqrt                          0x08004620   Section        0  sqrt.o(i.__hardfp_sqrt)
    i.__kernel_poly                          0x0800469a   Section        0  poly.o(i.__kernel_poly)
    i.__mathlib_dbl_divzero                  0x08004798   Section        0  dunder.o(i.__mathlib_dbl_divzero)
    i.__mathlib_dbl_infnan                   0x080047c8   Section        0  dunder.o(i.__mathlib_dbl_infnan)
    i.__mathlib_dbl_infnan2                  0x080047dc   Section        0  dunder.o(i.__mathlib_dbl_infnan2)
    i.__mathlib_dbl_invalid                  0x080047f0   Section        0  dunder.o(i.__mathlib_dbl_invalid)
    i.__mathlib_dbl_overflow                 0x08004810   Section        0  dunder.o(i.__mathlib_dbl_overflow)
    i.__mathlib_dbl_underflow                0x08004830   Section        0  dunder.o(i.__mathlib_dbl_underflow)
    i.__scatterload_copy                     0x08004850   Section       14  handlers.o(i.__scatterload_copy)
    i.__scatterload_null                     0x0800485e   Section        2  handlers.o(i.__scatterload_null)
    i.__scatterload_zeroinit                 0x08004860   Section       14  handlers.o(i.__scatterload_zeroinit)
    i.__set_errno                            0x08004870   Section        0  errno.o(i.__set_errno)
    i._fp_digits                             0x0800487c   Section        0  printfa.o(i._fp_digits)
    _fp_digits                               0x0800487d   Thumb Code   366  printfa.o(i._fp_digits)
    i._printf_core                           0x08004a00   Section        0  printfa.o(i._printf_core)
    _printf_core                             0x08004a01   Thumb Code  1744  printfa.o(i._printf_core)
    i._printf_post_padding                   0x080050dc   Section        0  printfa.o(i._printf_post_padding)
    _printf_post_padding                     0x080050dd   Thumb Code    36  printfa.o(i._printf_post_padding)
    i._printf_pre_padding                    0x08005100   Section        0  printfa.o(i._printf_pre_padding)
    _printf_pre_padding                      0x08005101   Thumb Code    46  printfa.o(i._printf_pre_padding)
    i.atan                                   0x0800512e   Section        0  atan.o(i.atan)
    i.cmpACC                                 0x08005140   Section        0  accelerometer.o(i.cmpACC)
    i.cmpAngle                               0x08005154   Section        0  accelerometer.o(i.cmpAngle)
    i.complConvert                           0x08005174   Section        0  uart.o(i.complConvert)
    i.data16to8_L                            0x0800518a   Section        0  uart.o(i.data16to8_L)
    i.data16to8_R                            0x08005190   Section        0  uart.o(i.data16to8_R)
    i.dataFormat                             0x08005198   Section        0  uart.o(i.dataFormat)
    i.data_pitch                             0x08005270   Section        0  uart.o(i.data_pitch)
    i.fabs                                   0x0800527c   Section        0  fabs.o(i.fabs)
    i.fputc                                  0x08005294   Section        0  retarget_io.o(i.fputc)
    i.getACC                                 0x080052b4   Section        0  accelerometer.o(i.getACC)
    i.getAngle                               0x080052c8   Section        0  accelerometer.o(i.getAngle)
    i.main                                   0x080052d8   Section        0  main.o(i.main)
    i.parseAxis                              0x08005478   Section        0  accelerometer.o(i.parseAxis)
    i.pitch_cmp                              0x08005498   Section        0  accelerometer.o(i.pitch_cmp)
    i.rangeConvert                           0x080055ac   Section        0  accelerometer.o(i.rangeConvert)
    i.readData                               0x080055c0   Section        0  accelerometer.o(i.readData)
    i.roll_cmp                               0x080055cc   Section        0  accelerometer.o(i.roll_cmp)
    i.sqrt                                   0x080056e0   Section        0  sqrt.o(i.sqrt)
    i.stdout_putchar                         0x0800574e   Section        0  retarget_io.o(i.stdout_putchar)
    stdout_putchar                           0x0800574f   Thumb Code    12  retarget_io.o(i.stdout_putchar)
    .constdata                               0x0800575a   Section        8  stm32f4xx_hal_dma.o(.constdata)
    flagBitshiftOffset                       0x0800575a   Data           8  stm32f4xx_hal_dma.o(.constdata)
    .constdata                               0x08005762   Section       16  stm32f4xx_hal_rcc.o(.constdata)
    .constdata                               0x08005778   Section      136  pow.o(.constdata)
    bp                                       0x08005778   Data          16  pow.o(.constdata)
    dp_h                                     0x08005788   Data          16  pow.o(.constdata)
    dp_l                                     0x08005798   Data          16  pow.o(.constdata)
    L                                        0x080057a8   Data          48  pow.o(.constdata)
    P                                        0x080057d8   Data          40  pow.o(.constdata)
    .constdata                               0x08005800   Section      152  atan.o(.constdata)
    atanhi                                   0x08005800   Data          32  atan.o(.constdata)
    atanlo                                   0x08005820   Data          32  atan.o(.constdata)
    aTodd                                    0x08005840   Data          40  atan.o(.constdata)
    aTeven                                   0x08005868   Data          48  atan.o(.constdata)
    .constdata                               0x08005898   Section        8  qnan.o(.constdata)
    .data                                    0x20000000   Section       16  main.o(.data)
    .data                                    0x20000010   Section        5  dac.o(.data)
    .data                                    0x20000018   Section        8  accelerometer.o(.data)
    .data                                    0x20000020   Section        4  lis3dsh.o(.data)
    .data                                    0x20000024   Section        4  stm32f4xx_hal.o(.data)
    uwTick                                   0x20000024   Data           4  stm32f4xx_hal.o(.data)
    .data                                    0x20000028   Section        4  system_stm32f4xx.o(.data)
    .data                                    0x2000002c   Section        4  stdout.o(.data)
    .data                                    0x20000030   Section        4  errno.o(.data)
    _errno                                   0x20000030   Data           4  errno.o(.data)
    .bss                                     0x20000034   Section     3000  main.o(.bss)
    .bss                                     0x20000bec   Section      120  timer.o(.bss)
    .bss                                     0x20000c64   Section      108  dac.o(.bss)
    .bss                                     0x20000cd0   Section       24  accelerometer.o(.bss)
    .bss                                     0x20000ce8   Section     3068  uart.o(.bss)
    .bss                                     0x200018e4   Section       88  lis3dsh.o(.bss)
    STACK                                    0x20001940   Section     1024  startup_stm32f407xx.o(STACK)

    Global Symbols

    Symbol Name                              Value     Ov Type        Size  Object(Section)

    BuildAttributes$$THM_ISAv4$E$P$D$K$B$S$7EM$VFPi3$EXTD16$VFPS$VFMA$PE$A:L22UL41UL21$X:L11$S22US41US21$IEEE1$IW$USESV6$~STKCKD$USESV7$~SHL$OTIME$ROPI$IEEEX$EBA8$MICROLIB$REQ8$PRES8$EABIv2 0x00000000   Number         0  anon$$obj.o ABSOLUTE
    __ARM_use_no_argv                        0x00000000   Number         0  main.o ABSOLUTE
    _printf_a                                0x00000000   Number         0  stubs.o ABSOLUTE
    _printf_c                                0x00000000   Number         0  stubs.o ABSOLUTE
    _printf_charcount                        0x00000000   Number         0  stubs.o ABSOLUTE
    _printf_d                                0x00000000   Number         0  stubs.o ABSOLUTE
    _printf_e                                0x00000000   Number         0  stubs.o ABSOLUTE
    _printf_f                                0x00000000   Number         0  stubs.o ABSOLUTE
    _printf_flags                            0x00000000   Number         0  stubs.o ABSOLUTE
    _printf_fp_dec                           0x00000000   Number         0  stubs.o ABSOLUTE
    _printf_fp_hex                           0x00000000   Number         0  stubs.o ABSOLUTE
    _printf_g                                0x00000000   Number         0  stubs.o ABSOLUTE
    _printf_i                                0x00000000   Number         0  stubs.o ABSOLUTE
    _printf_int_dec                          0x00000000   Number         0  stubs.o ABSOLUTE
    _printf_l                                0x00000000   Number         0  stubs.o ABSOLUTE
    _printf_lc                               0x00000000   Number         0  stubs.o ABSOLUTE
    _printf_ll                               0x00000000   Number         0  stubs.o ABSOLUTE
    _printf_lld                              0x00000000   Number         0  stubs.o ABSOLUTE
    _printf_lli                              0x00000000   Number         0  stubs.o ABSOLUTE
    _printf_llo                              0x00000000   Number         0  stubs.o ABSOLUTE
    _printf_llu                              0x00000000   Number         0  stubs.o ABSOLUTE
    _printf_llx                              0x00000000   Number         0  stubs.o ABSOLUTE
    _printf_longlong_dec                     0x00000000   Number         0  stubs.o ABSOLUTE
    _printf_longlong_hex                     0x00000000   Number         0  stubs.o ABSOLUTE
    _printf_longlong_oct                     0x00000000   Number         0  stubs.o ABSOLUTE
    _printf_ls                               0x00000000   Number         0  stubs.o ABSOLUTE
    _printf_mbtowc                           0x00000000   Number         0  stubs.o ABSOLUTE
    _printf_n                                0x00000000   Number         0  stubs.o ABSOLUTE
    _printf_o                                0x00000000   Number         0  stubs.o ABSOLUTE
    _printf_p                                0x00000000   Number         0  stubs.o ABSOLUTE
    _printf_percent                          0x00000000   Number         0  stubs.o ABSOLUTE
    _printf_pre_padding                      0x00000000   Number         0  stubs.o ABSOLUTE
    _printf_return_value                     0x00000000   Number         0  stubs.o ABSOLUTE
    _printf_s                                0x00000000   Number         0  stubs.o ABSOLUTE
    _printf_sizespec                         0x00000000   Number         0  stubs.o ABSOLUTE
    _printf_str                              0x00000000   Number         0  stubs.o ABSOLUTE
    _printf_truncate_signed                  0x00000000   Number         0  stubs.o ABSOLUTE
    _printf_truncate_unsigned                0x00000000   Number         0  stubs.o ABSOLUTE
    _printf_u                                0x00000000   Number         0  stubs.o ABSOLUTE
    _printf_wc                               0x00000000   Number         0  stubs.o ABSOLUTE
    _printf_wctomb                           0x00000000   Number         0  stubs.o ABSOLUTE
    _printf_widthprec                        0x00000000   Number         0  stubs.o ABSOLUTE
    _printf_x                                0x00000000   Number         0  stubs.o ABSOLUTE
    __cpp_initialize__aeabi_                  - Undefined Weak Reference
    __cxa_finalize                            - Undefined Weak Reference
    __decompress                              - Undefined Weak Reference
    _clock_init                               - Undefined Weak Reference
    _microlib_exit                            - Undefined Weak Reference
    __Vectors_Size                           0x00000188   Number         0  startup_stm32f407xx.o ABSOLUTE
    __Vectors                                0x08000000   Data           4  startup_stm32f407xx.o(RESET)
    __Vectors_End                            0x08000188   Data           0  startup_stm32f407xx.o(RESET)
    __main                                   0x08000189   Thumb Code     0  entry.o(.ARM.Collect$$$$00000000)
    _main_stk                                0x08000189   Thumb Code     0  entry2.o(.ARM.Collect$$$$00000001)
    _main_scatterload                        0x0800018d   Thumb Code     0  entry5.o(.ARM.Collect$$$$00000004)
    __main_after_scatterload                 0x08000191   Thumb Code     0  entry5.o(.ARM.Collect$$$$00000004)
    _main_clock                              0x08000191   Thumb Code     0  entry7b.o(.ARM.Collect$$$$00000008)
    _main_cpp_init                           0x08000191   Thumb Code     0  entry8b.o(.ARM.Collect$$$$0000000A)
    _main_init                               0x08000191   Thumb Code     0  entry9a.o(.ARM.Collect$$$$0000000B)
    __rt_final_cpp                           0x08000199   Thumb Code     0  entry10a.o(.ARM.Collect$$$$0000000D)
    __rt_final_exit                          0x08000199   Thumb Code     0  entry11a.o(.ARM.Collect$$$$0000000F)
    Reset_Handler                            0x0800019d   Thumb Code     8  startup_stm32f407xx.o(.text)
    ADC_IRQHandler                           0x080001b7   Thumb Code     0  startup_stm32f407xx.o(.text)
    CAN1_RX0_IRQHandler                      0x080001b7   Thumb Code     0  startup_stm32f407xx.o(.text)
    CAN1_RX1_IRQHandler                      0x080001b7   Thumb Code     0  startup_stm32f407xx.o(.text)
    CAN1_SCE_IRQHandler                      0x080001b7   Thumb Code     0  startup_stm32f407xx.o(.text)
    CAN1_TX_IRQHandler                       0x080001b7   Thumb Code     0  startup_stm32f407xx.o(.text)
    CAN2_RX0_IRQHandler                      0x080001b7   Thumb Code     0  startup_stm32f407xx.o(.text)
    CAN2_RX1_IRQHandler                      0x080001b7   Thumb Code     0  startup_stm32f407xx.o(.text)
    CAN2_SCE_IRQHandler                      0x080001b7   Thumb Code     0  startup_stm32f407xx.o(.text)
    CAN2_TX_IRQHandler                       0x080001b7   Thumb Code     0  startup_stm32f407xx.o(.text)
    DCMI_IRQHandler                          0x080001b7   Thumb Code     0  startup_stm32f407xx.o(.text)
    DMA1_Stream0_IRQHandler                  0x080001b7   Thumb Code     0  startup_stm32f407xx.o(.text)
    DMA1_Stream1_IRQHandler                  0x080001b7   Thumb Code     0  startup_stm32f407xx.o(.text)
    DMA1_Stream2_IRQHandler                  0x080001b7   Thumb Code     0  startup_stm32f407xx.o(.text)
    DMA1_Stream3_IRQHandler                  0x080001b7   Thumb Code     0  startup_stm32f407xx.o(.text)
    DMA1_Stream4_IRQHandler                  0x080001b7   Thumb Code     0  startup_stm32f407xx.o(.text)
    DMA1_Stream6_IRQHandler                  0x080001b7   Thumb Code     0  startup_stm32f407xx.o(.text)
    DMA1_Stream7_IRQHandler                  0x080001b7   Thumb Code     0  startup_stm32f407xx.o(.text)
    DMA2_Stream0_IRQHandler                  0x080001b7   Thumb Code     0  startup_stm32f407xx.o(.text)
    DMA2_Stream1_IRQHandler                  0x080001b7   Thumb Code     0  startup_stm32f407xx.o(.text)
    DMA2_Stream2_IRQHandler                  0x080001b7   Thumb Code     0  startup_stm32f407xx.o(.text)
    DMA2_Stream3_IRQHandler                  0x080001b7   Thumb Code     0  startup_stm32f407xx.o(.text)
    DMA2_Stream4_IRQHandler                  0x080001b7   Thumb Code     0  startup_stm32f407xx.o(.text)
    DMA2_Stream5_IRQHandler                  0x080001b7   Thumb Code     0  startup_stm32f407xx.o(.text)
    DMA2_Stream6_IRQHandler                  0x080001b7   Thumb Code     0  startup_stm32f407xx.o(.text)
    DMA2_Stream7_IRQHandler                  0x080001b7   Thumb Code     0  startup_stm32f407xx.o(.text)
    ETH_IRQHandler                           0x080001b7   Thumb Code     0  startup_stm32f407xx.o(.text)
    ETH_WKUP_IRQHandler                      0x080001b7   Thumb Code     0  startup_stm32f407xx.o(.text)
    EXTI15_10_IRQHandler                     0x080001b7   Thumb Code     0  startup_stm32f407xx.o(.text)
    EXTI1_IRQHandler                         0x080001b7   Thumb Code     0  startup_stm32f407xx.o(.text)
    EXTI2_IRQHandler                         0x080001b7   Thumb Code     0  startup_stm32f407xx.o(.text)
    EXTI3_IRQHandler                         0x080001b7   Thumb Code     0  startup_stm32f407xx.o(.text)
    EXTI4_IRQHandler                         0x080001b7   Thumb Code     0  startup_stm32f407xx.o(.text)
    EXTI9_5_IRQHandler                       0x080001b7   Thumb Code     0  startup_stm32f407xx.o(.text)
    FLASH_IRQHandler                         0x080001b7   Thumb Code     0  startup_stm32f407xx.o(.text)
    FMC_IRQHandler                           0x080001b7   Thumb Code     0  startup_stm32f407xx.o(.text)
    FPU_IRQHandler                           0x080001b7   Thumb Code     0  startup_stm32f407xx.o(.text)
    HASH_RNG_IRQHandler                      0x080001b7   Thumb Code     0  startup_stm32f407xx.o(.text)
    I2C1_ER_IRQHandler                       0x080001b7   Thumb Code     0  startup_stm32f407xx.o(.text)
    I2C1_EV_IRQHandler                       0x080001b7   Thumb Code     0  startup_stm32f407xx.o(.text)
    I2C2_ER_IRQHandler                       0x080001b7   Thumb Code     0  startup_stm32f407xx.o(.text)
    I2C2_EV_IRQHandler                       0x080001b7   Thumb Code     0  startup_stm32f407xx.o(.text)
    I2C3_ER_IRQHandler                       0x080001b7   Thumb Code     0  startup_stm32f407xx.o(.text)
    I2C3_EV_IRQHandler                       0x080001b7   Thumb Code     0  startup_stm32f407xx.o(.text)
    OTG_FS_IRQHandler                        0x080001b7   Thumb Code     0  startup_stm32f407xx.o(.text)
    OTG_FS_WKUP_IRQHandler                   0x080001b7   Thumb Code     0  startup_stm32f407xx.o(.text)
    OTG_HS_EP1_IN_IRQHandler                 0x080001b7   Thumb Code     0  startup_stm32f407xx.o(.text)
    OTG_HS_EP1_OUT_IRQHandler                0x080001b7   Thumb Code     0  startup_stm32f407xx.o(.text)
    OTG_HS_IRQHandler                        0x080001b7   Thumb Code     0  startup_stm32f407xx.o(.text)
    OTG_HS_WKUP_IRQHandler                   0x080001b7   Thumb Code     0  startup_stm32f407xx.o(.text)
    PVD_IRQHandler                           0x080001b7   Thumb Code     0  startup_stm32f407xx.o(.text)
    RCC_IRQHandler                           0x080001b7   Thumb Code     0  startup_stm32f407xx.o(.text)
    RTC_Alarm_IRQHandler                     0x080001b7   Thumb Code     0  startup_stm32f407xx.o(.text)
    RTC_WKUP_IRQHandler                      0x080001b7   Thumb Code     0  startup_stm32f407xx.o(.text)
    SDIO_IRQHandler                          0x080001b7   Thumb Code     0  startup_stm32f407xx.o(.text)
    SPI1_IRQHandler                          0x080001b7   Thumb Code     0  startup_stm32f407xx.o(.text)
    SPI2_IRQHandler                          0x080001b7   Thumb Code     0  startup_stm32f407xx.o(.text)
    SPI3_IRQHandler                          0x080001b7   Thumb Code     0  startup_stm32f407xx.o(.text)
    TAMP_STAMP_IRQHandler                    0x080001b7   Thumb Code     0  startup_stm32f407xx.o(.text)
    TIM1_BRK_TIM9_IRQHandler                 0x080001b7   Thumb Code     0  startup_stm32f407xx.o(.text)
    TIM1_CC_IRQHandler                       0x080001b7   Thumb Code     0  startup_stm32f407xx.o(.text)
    TIM1_TRG_COM_TIM11_IRQHandler            0x080001b7   Thumb Code     0  startup_stm32f407xx.o(.text)
    TIM1_UP_TIM10_IRQHandler                 0x080001b7   Thumb Code     0  startup_stm32f407xx.o(.text)
    TIM2_IRQHandler                          0x080001b7   Thumb Code     0  startup_stm32f407xx.o(.text)
    TIM4_IRQHandler                          0x080001b7   Thumb Code     0  startup_stm32f407xx.o(.text)
    TIM5_IRQHandler                          0x080001b7   Thumb Code     0  startup_stm32f407xx.o(.text)
    TIM6_DAC_IRQHandler                      0x080001b7   Thumb Code     0  startup_stm32f407xx.o(.text)
    TIM7_IRQHandler                          0x080001b7   Thumb Code     0  startup_stm32f407xx.o(.text)
    TIM8_BRK_TIM12_IRQHandler                0x080001b7   Thumb Code     0  startup_stm32f407xx.o(.text)
    TIM8_CC_IRQHandler                       0x080001b7   Thumb Code     0  startup_stm32f407xx.o(.text)
    TIM8_TRG_COM_TIM14_IRQHandler            0x080001b7   Thumb Code     0  startup_stm32f407xx.o(.text)
    TIM8_UP_TIM13_IRQHandler                 0x080001b7   Thumb Code     0  startup_stm32f407xx.o(.text)
    UART4_IRQHandler                         0x080001b7   Thumb Code     0  startup_stm32f407xx.o(.text)
    UART5_IRQHandler                         0x080001b7   Thumb Code     0  startup_stm32f407xx.o(.text)
    USART1_IRQHandler                        0x080001b7   Thumb Code     0  startup_stm32f407xx.o(.text)
    USART2_IRQHandler                        0x080001b7   Thumb Code     0  startup_stm32f407xx.o(.text)
    USART3_IRQHandler                        0x080001b7   Thumb Code     0  startup_stm32f407xx.o(.text)
    USART6_IRQHandler                        0x080001b7   Thumb Code     0  startup_stm32f407xx.o(.text)
    WWDG_IRQHandler                          0x080001b7   Thumb Code     0  startup_stm32f407xx.o(.text)
    __aeabi_memcpy                           0x080001c1   Thumb Code    36  memcpya.o(.text)
    __aeabi_memcpy4                          0x080001c1   Thumb Code     0  memcpya.o(.text)
    __aeabi_memcpy8                          0x080001c1   Thumb Code     0  memcpya.o(.text)
    __aeabi_dadd                             0x080001e5   Thumb Code   322  dadd.o(.text)
    __aeabi_dsub                             0x08000327   Thumb Code     6  dadd.o(.text)
    __aeabi_drsub                            0x0800032d   Thumb Code     6  dadd.o(.text)
    __aeabi_dmul                             0x08000333   Thumb Code   228  dmul.o(.text)
    __aeabi_ddiv                             0x08000417   Thumb Code   222  ddiv.o(.text)
    __aeabi_f2d                              0x080004f5   Thumb Code    38  f2d.o(.text)
    __aeabi_d2f                              0x0800051b   Thumb Code    56  d2f.o(.text)
    __aeabi_uidiv                            0x08000553   Thumb Code     0  uidiv.o(.text)
    __aeabi_uidivmod                         0x08000553   Thumb Code    44  uidiv.o(.text)
    __aeabi_uldivmod                         0x0800057f   Thumb Code    98  uldiv.o(.text)
    __aeabi_llsl                             0x080005e1   Thumb Code    30  llshl.o(.text)
    _ll_shift_l                              0x080005e1   Thumb Code     0  llshl.o(.text)
    __aeabi_lasr                             0x080005ff   Thumb Code    36  llsshr.o(.text)
    _ll_sshift_r                             0x080005ff   Thumb Code     0  llsshr.o(.text)
    __I$use$fp                               0x08000623   Thumb Code     0  iusefp.o(.text)
    _float_round                             0x08000623   Thumb Code    18  fepilogue.o(.text)
    _float_epilogue                          0x08000635   Thumb Code    92  fepilogue.o(.text)
    _double_round                            0x08000691   Thumb Code    30  depilogue.o(.text)
    _double_epilogue                         0x080006af   Thumb Code   156  depilogue.o(.text)
    __ARM_scalbn                             0x0800074b   Thumb Code    46  dscalb.o(.text)
    scalbn                                   0x0800074b   Thumb Code     0  dscalb.o(.text)
    _dsqrt                                   0x08000779   Thumb Code   162  dsqrt.o(.text)
    __aeabi_i2d                              0x0800081b   Thumb Code    34  dflti.o(.text)
    __aeabi_d2ulz                            0x0800083d   Thumb Code    48  dfixul.o(.text)
    __aeabi_cdrcmple                         0x0800086d   Thumb Code    48  cdrcmple.o(.text)
    __scatterload                            0x0800089d   Thumb Code    28  init.o(.text)
    __scatterload_rt2                        0x0800089d   Thumb Code     0  init.o(.text)
    __aeabi_llsr                             0x080008c1   Thumb Code    32  llushr.o(.text)
    _ll_ushift_r                             0x080008c1   Thumb Code     0  llushr.o(.text)
    ACC_Initialize                           0x080008e1   Thumb Code    66  accelerometer.o(i.ACC_Initialize)
    BusFault_Handler                         0x08000923   Thumb Code     4  stm32f4xx_it.o(i.BusFault_Handler)
    DAC_DMAConvCpltCh2                       0x08000939   Thumb Code    18  stm32f4xx_hal_dac_ex.o(i.DAC_DMAConvCpltCh2)
    DAC_DMAErrorCh2                          0x08000965   Thumb Code    26  stm32f4xx_hal_dac_ex.o(i.DAC_DMAErrorCh2)
    DAC_DMAHalfConvCpltCh2                   0x0800098d   Thumb Code    14  stm32f4xx_hal_dac_ex.o(i.DAC_DMAHalfConvCpltCh2)
    DAC_Initialize                           0x0800099d   Thumb Code    82  dac.o(i.DAC_Initialize)
    DAC_Set                                  0x080009fd   Thumb Code   160  dac.o(i.DAC_Set)
    DMA1_Stream5_IRQHandler                  0x08000ac9   Thumb Code    12  stm32f4xx_it.o(i.DMA1_Stream5_IRQHandler)
    DMA_Initialize                           0x08000b0d   Thumb Code   138  dac.o(i.DMA_Initialize)
    DebugMon_Handler                         0x08000bd5   Thumb Code     2  stm32f4xx_it.o(i.DebugMon_Handler)
    EXTI0_IRQHandler                         0x08000bd7   Thumb Code    10  stm32f4xx_it.o(i.EXTI0_IRQHandler)
    Error_Handler                            0x08000be1   Thumb Code   186  error_func.o(i.Error_Handler)
    GPIO_Initialize                          0x08000e8d   Thumb Code   294  gpio.o(i.GPIO_Initialize)
    HAL_DACEx_ConvCpltCallbackCh2            0x08000fc9   Thumb Code     2  stm32f4xx_hal_dac_ex.o(i.HAL_DACEx_ConvCpltCallbackCh2)
    HAL_DACEx_ConvHalfCpltCallbackCh2        0x08000fcb   Thumb Code     2  stm32f4xx_hal_dac_ex.o(i.HAL_DACEx_ConvHalfCpltCallbackCh2)
    HAL_DACEx_ErrorCallbackCh2               0x08000fcd   Thumb Code     2  stm32f4xx_hal_dac_ex.o(i.HAL_DACEx_ErrorCallbackCh2)
    HAL_DAC_ConfigChannel                    0x08000fcf   Thumb Code    90  stm32f4xx_hal_dac.o(i.HAL_DAC_ConfigChannel)
    HAL_DAC_ConvCpltCallbackCh1              0x08001029   Thumb Code     8  stm32f4xx_it.o(i.HAL_DAC_ConvCpltCallbackCh1)
    HAL_DAC_ConvHalfCpltCallbackCh1          0x08001035   Thumb Code     2  stm32f4xx_hal_dac.o(i.HAL_DAC_ConvHalfCpltCallbackCh1)
    HAL_DAC_ErrorCallbackCh1                 0x08001037   Thumb Code     2  stm32f4xx_hal_dac.o(i.HAL_DAC_ErrorCallbackCh1)
    HAL_DAC_GetValue                         0x08001039   Thumb Code    16  stm32f4xx_hal_dac.o(i.HAL_DAC_GetValue)
    HAL_DAC_Init                             0x08001049   Thumb Code    40  stm32f4xx_hal_dac.o(i.HAL_DAC_Init)
    HAL_DAC_MspInit                          0x08001071   Thumb Code     2  stm32f4xx_hal_dac.o(i.HAL_DAC_MspInit)
    HAL_DAC_Start_DMA                        0x08001075   Thumb Code   262  stm32f4xx_hal_dac.o(i.HAL_DAC_Start_DMA)
    HAL_DAC_Stop_DMA                         0x08001195   Thumb Code    74  stm32f4xx_hal_dac.o(i.HAL_DAC_Stop_DMA)
    HAL_DMA_Abort                            0x080011df   Thumb Code    94  stm32f4xx_hal_dma.o(i.HAL_DMA_Abort)
    HAL_DMA_IRQHandler                       0x0800123d   Thumb Code   530  stm32f4xx_hal_dma.o(i.HAL_DMA_IRQHandler)
    HAL_DMA_Init                             0x08001455   Thumb Code   128  stm32f4xx_hal_dma.o(i.HAL_DMA_Init)
    HAL_DMA_Start_IT                         0x080014d9   Thumb Code   106  stm32f4xx_hal_dma.o(i.HAL_DMA_Start_IT)
    HAL_Delay                                0x08001543   Thumb Code    26  stm32f4xx_hal.o(i.HAL_Delay)
    HAL_GPIO_EXTI_Callback                   0x0800155d   Thumb Code    28  stm32f4xx_it.o(i.HAL_GPIO_EXTI_Callback)
    HAL_GPIO_EXTI_IRQHandler                 0x08001581   Thumb Code    24  stm32f4xx_hal_gpio.o(i.HAL_GPIO_EXTI_IRQHandler)
    HAL_GPIO_Init                            0x0800159d   Thumb Code   476  stm32f4xx_hal_gpio.o(i.HAL_GPIO_Init)
    HAL_GPIO_WritePin                        0x080017a9   Thumb Code    12  stm32f4xx_hal_gpio.o(i.HAL_GPIO_WritePin)
    HAL_GetTick                              0x080017b5   Thumb Code     6  stm32f4xx_hal.o(i.HAL_GetTick)
    HAL_IncTick                              0x080017c1   Thumb Code    12  stm32f4xx_hal.o(i.HAL_IncTick)
    HAL_Init                                 0x080017d1   Thumb Code    54  stm32f4xx_hal.o(i.HAL_Init)
    HAL_InitTick                             0x0800180d   Thumb Code    36  stm32f4xx_hal.o(i.HAL_InitTick)
    HAL_MspInit                              0x08001831   Thumb Code    10  stm32f4xx_hal.o(i.HAL_MspInit)
    HAL_NVIC_EnableIRQ                       0x0800183b   Thumb Code    32  stm32f4xx_hal_cortex.o(i.HAL_NVIC_EnableIRQ)
    HAL_NVIC_SetPriority                     0x0800185b   Thumb Code   124  stm32f4xx_hal_cortex.o(i.HAL_NVIC_SetPriority)
    HAL_NVIC_SetPriorityGrouping             0x080018d9   Thumb Code    32  stm32f4xx_hal_cortex.o(i.HAL_NVIC_SetPriorityGrouping)
    HAL_RCC_ClockConfig                      0x08001901   Thumb Code   680  stm32f4xx_hal_rcc.o(i.HAL_RCC_ClockConfig)
    HAL_RCC_GetHCLKFreq                      0x08001bb1   Thumb Code    42  stm32f4xx_hal_rcc.o(i.HAL_RCC_GetHCLKFreq)
    HAL_RCC_GetPCLK1Freq                     0x08001be9   Thumb Code    36  stm32f4xx_hal_rcc.o(i.HAL_RCC_GetPCLK1Freq)
    HAL_RCC_GetPCLK2Freq                     0x08001c15   Thumb Code    36  stm32f4xx_hal_rcc.o(i.HAL_RCC_GetPCLK2Freq)
    HAL_RCC_GetSysClockFreq                  0x08001c41   Thumb Code   168  stm32f4xx_hal_rcc.o(i.HAL_RCC_GetSysClockFreq)
    HAL_RCC_OscConfig                        0x08001cf5   Thumb Code  1032  stm32f4xx_hal_rcc.o(i.HAL_RCC_OscConfig)
    HAL_SPI_DeInit                           0x080020fd   Thumb Code    48  stm32f4xx_hal_spi.o(i.HAL_SPI_DeInit)
    HAL_SPI_Init                             0x0800212d   Thumb Code   136  stm32f4xx_hal_spi.o(i.HAL_SPI_Init)
    HAL_SPI_MspDeInit                        0x080021b5   Thumb Code     2  stm32f4xx_hal_spi.o(i.HAL_SPI_MspDeInit)
    HAL_SPI_MspInit                          0x080021b9   Thumb Code   218  lis3dsh.o(i.HAL_SPI_MspInit)
    HAL_SYSTICK_CLKSourceConfig              0x080022a5   Thumb Code    40  stm32f4xx_hal_cortex.o(i.HAL_SYSTICK_CLKSourceConfig)
    HAL_SYSTICK_Config                       0x080022cd   Thumb Code    52  stm32f4xx_hal_cortex.o(i.HAL_SYSTICK_Config)
    HAL_TIMEx_BreakCallback                  0x08002301   Thumb Code     2  stm32f4xx_hal_tim_ex.o(i.HAL_TIMEx_BreakCallback)
    HAL_TIMEx_CommutationCallback            0x08002303   Thumb Code     2  stm32f4xx_hal_tim_ex.o(i.HAL_TIMEx_CommutationCallback)
    HAL_TIMEx_MasterConfigSynchronization    0x08002305   Thumb Code    98  stm32f4xx_hal_tim_ex.o(i.HAL_TIMEx_MasterConfigSynchronization)
    HAL_TIM_Base_Init                        0x08002367   Thumb Code    52  stm32f4xx_hal_tim.o(i.HAL_TIM_Base_Init)
    HAL_TIM_Base_MspInit                     0x0800239b   Thumb Code     2  stm32f4xx_hal_tim.o(i.HAL_TIM_Base_MspInit)
    HAL_TIM_Base_Start_IT                    0x0800239d   Thumb Code    30  stm32f4xx_hal_tim.o(i.HAL_TIM_Base_Start_IT)
    HAL_TIM_IC_CaptureCallback               0x080023bb   Thumb Code     2  stm32f4xx_hal_tim.o(i.HAL_TIM_IC_CaptureCallback)
    HAL_TIM_IRQHandler                       0x080023bd   Thumb Code   406  stm32f4xx_hal_tim.o(i.HAL_TIM_IRQHandler)
    HAL_TIM_OC_DelayElapsedCallback          0x08002553   Thumb Code     2  stm32f4xx_hal_tim.o(i.HAL_TIM_OC_DelayElapsedCallback)
    HAL_TIM_PWM_PulseFinishedCallback        0x08002555   Thumb Code     2  stm32f4xx_hal_tim.o(i.HAL_TIM_PWM_PulseFinishedCallback)
    HAL_TIM_PeriodElapsedCallback            0x08002559   Thumb Code    24  stm32f4xx_it.o(i.HAL_TIM_PeriodElapsedCallback)
    HAL_TIM_TriggerCallback                  0x0800257d   Thumb Code     2  stm32f4xx_hal_tim.o(i.HAL_TIM_TriggerCallback)
    HAL_UART_Init                            0x0800257f   Thumb Code   110  stm32f4xx_hal_uart.o(i.HAL_UART_Init)
    HAL_UART_MspInit                         0x080025ed   Thumb Code     2  stm32f4xx_hal_uart.o(i.HAL_UART_MspInit)
    HAL_UART_Receive                         0x080025ef   Thumb Code   248  stm32f4xx_hal_uart.o(i.HAL_UART_Receive)
    HAL_UART_Transmit                        0x080026e7   Thumb Code   240  stm32f4xx_hal_uart.o(i.HAL_UART_Transmit)
    HardFault_Handler                        0x080027d7   Thumb Code     4  stm32f4xx_it.o(i.HardFault_Handler)
    ITM_SendChar                             0x080027dd   Thumb Code    42  retarget_io.o(i.ITM_SendChar)
    LIS3DSH_DataReadyInterruptConfig         0x0800280d   Thumb Code    42  lis3dsh.o(i.LIS3DSH_DataReadyInterruptConfig)
    LIS3DSH_Init                             0x08002839   Thumb Code   170  lis3dsh.o(i.LIS3DSH_Init)
    LIS3DSH_Read                             0x08002915   Thumb Code    70  lis3dsh.o(i.LIS3DSH_Read)
    LIS3DSH_ReadACC                          0x08002961   Thumb Code   538  lis3dsh.o(i.LIS3DSH_ReadACC)
    LIS3DSH_TIMEOUT_UserCallback             0x08002c19   Thumb Code     4  lis3dsh.o(i.LIS3DSH_TIMEOUT_UserCallback)
    LIS3DSH_Write                            0x08002c1d   Thumb Code    62  lis3dsh.o(i.LIS3DSH_Write)
    MemManage_Handler                        0x08002c61   Thumb Code     4  stm32f4xx_it.o(i.MemManage_Handler)
    NMI_Handler                              0x08002c65   Thumb Code     2  stm32f4xx_it.o(i.NMI_Handler)
    PendSV_Handler                           0x08002c67   Thumb Code     2  stm32f4xx_it.o(i.PendSV_Handler)
    SPI_ReceiveData                          0x08002c69   Thumb Code    10  lis3dsh.o(i.SPI_ReceiveData)
    SPI_SendData                             0x08002c73   Thumb Code     6  lis3dsh.o(i.SPI_SendData)
    SVC_Handler                              0x08002c79   Thumb Code     2  stm32f4xx_it.o(i.SVC_Handler)
    SysTick_Handler                          0x08002c7b   Thumb Code     8  stm32f4xx_it.o(i.SysTick_Handler)
    SystemInit                               0x08002d3d   Thumb Code    82  system_stm32f4xx.o(i.SystemInit)
    TIM3_IRQHandler                          0x08002da1   Thumb Code    10  stm32f4xx_it.o(i.TIM3_IRQHandler)
    TIM_Base_SetConfig                       0x08002db1   Thumb Code   184  stm32f4xx_hal_tim.o(i.TIM_Base_SetConfig)
    TIM_Initialize                           0x08002e95   Thumb Code   214  timer.o(i.TIM_Initialize)
    UART_Initialize                          0x08002f7d   Thumb Code   112  uart.o(i.UART_Initialize)
    UART_Receive                             0x08002ff9   Thumb Code    94  uart.o(i.UART_Receive)
    UART_Transmit                            0x08003289   Thumb Code   170  uart.o(i.UART_Transmit)
    UART_Transmit_Arr                        0x08003351   Thumb Code    46  uart.o(i.UART_Transmit_Arr)
    UsageFault_Handler                       0x08003479   Thumb Code     4  stm32f4xx_it.o(i.UsageFault_Handler)
    __0printf                                0x0800347d   Thumb Code    22  printfa.o(i.__0printf)
    __1printf                                0x0800347d   Thumb Code     0  printfa.o(i.__0printf)
    __2printf                                0x0800347d   Thumb Code     0  printfa.o(i.__0printf)
    __c89printf                              0x0800347d   Thumb Code     0  printfa.o(i.__0printf)
    printf                                   0x0800347d   Thumb Code     0  printfa.o(i.__0printf)
    __ARM_fpclassify                         0x0800349d   Thumb Code    48  fpclassify.o(i.__ARM_fpclassify)
    __hardfp_atan                            0x08003509   Thumb Code   622  atan.o(i.__hardfp_atan)
    __hardfp_atan2                           0x080037e1   Thumb Code   432  atan2.o(i.__hardfp_atan2)
    __hardfp_pow                             0x080039d1   Thumb Code  3072  pow.o(i.__hardfp_pow)
    __hardfp_sqrt                            0x08004621   Thumb Code   122  sqrt.o(i.__hardfp_sqrt)
    __kernel_poly                            0x0800469b   Thumb Code   248  poly.o(i.__kernel_poly)
    __mathlib_dbl_divzero                    0x08004799   Thumb Code    28  dunder.o(i.__mathlib_dbl_divzero)
    __mathlib_dbl_infnan                     0x080047c9   Thumb Code    20  dunder.o(i.__mathlib_dbl_infnan)
    __mathlib_dbl_infnan2                    0x080047dd   Thumb Code    20  dunder.o(i.__mathlib_dbl_infnan2)
    __mathlib_dbl_invalid                    0x080047f1   Thumb Code    24  dunder.o(i.__mathlib_dbl_invalid)
    __mathlib_dbl_overflow                   0x08004811   Thumb Code    24  dunder.o(i.__mathlib_dbl_overflow)
    __mathlib_dbl_underflow                  0x08004831   Thumb Code    24  dunder.o(i.__mathlib_dbl_underflow)
    __scatterload_copy                       0x08004851   Thumb Code    14  handlers.o(i.__scatterload_copy)
    __scatterload_null                       0x0800485f   Thumb Code     2  handlers.o(i.__scatterload_null)
    __scatterload_zeroinit                   0x08004861   Thumb Code    14  handlers.o(i.__scatterload_zeroinit)
    __set_errno                              0x08004871   Thumb Code     6  errno.o(i.__set_errno)
    atan                                     0x0800512f   Thumb Code    16  atan.o(i.atan)
    cmpACC                                   0x08005141   Thumb Code    16  accelerometer.o(i.cmpACC)
    cmpAngle                                 0x08005155   Thumb Code    28  accelerometer.o(i.cmpAngle)
    complConvert                             0x08005175   Thumb Code    22  uart.o(i.complConvert)
    data16to8_L                              0x0800518b   Thumb Code     6  uart.o(i.data16to8_L)
    data16to8_R                              0x08005191   Thumb Code     6  uart.o(i.data16to8_R)
    dataFormat                               0x08005199   Thumb Code   192  uart.o(i.dataFormat)
    data_pitch                               0x08005271   Thumb Code     8  uart.o(i.data_pitch)
    fabs                                     0x0800527d   Thumb Code    24  fabs.o(i.fabs)
    fputc                                    0x08005295   Thumb Code    26  retarget_io.o(i.fputc)
    getACC                                   0x080052b5   Thumb Code    16  accelerometer.o(i.getACC)
    getAngle                                 0x080052c9   Thumb Code    12  accelerometer.o(i.getAngle)
    main                                     0x080052d9   Thumb Code   376  main.o(i.main)
    parseAxis                                0x08005479   Thumb Code    28  accelerometer.o(i.parseAxis)
    pitch_cmp                                0x08005499   Thumb Code   250  accelerometer.o(i.pitch_cmp)
    rangeConvert                             0x080055ad   Thumb Code    14  accelerometer.o(i.rangeConvert)
    readData                                 0x080055c1   Thumb Code    12  accelerometer.o(i.readData)
    roll_cmp                                 0x080055cd   Thumb Code   250  accelerometer.o(i.roll_cmp)
    sqrt                                     0x080056e1   Thumb Code   110  sqrt.o(i.sqrt)
    APBAHBPrescTable                         0x08005762   Data          16  stm32f4xx_hal_rcc.o(.constdata)
    __mathlib_zero                           0x08005898   Data           8  qnan.o(.constdata)
    Region$$Table$$Base                      0x080058a0   Number         0  anon$$obj.o(Region$$Table)
    Region$$Table$$Limit                     0x080058c0   Number         0  anon$$obj.o(Region$$Table)
    angle_rx                                 0x20000000   Data           8  main.o(.data)
    acc_flag                                 0x20000008   Data           1  main.o(.data)
    button_flag                              0x20000009   Data           1  main.o(.data)
    tx_enable                                0x2000000a   Data           1  main.o(.data)
    tx_count                                 0x2000000c   Data           4  main.o(.data)
    angle                                    0x20000010   Data           4  dac.o(.data)
    dac_flag                                 0x20000014   Data           1  dac.o(.data)
    acc_angle                                0x20000018   Data           8  accelerometer.o(.data)
    LIS3DSHTimeout                           0x20000020   Data           4  lis3dsh.o(.data)
    SystemCoreClock                          0x20000028   Data           4  system_stm32f4xx.o(.data)
    __stdout                                 0x2000002c   Data           4  stdout.o(.data)
    buffer                                   0x20000034   Data        3000  main.o(.bss)
    timer_dac                                0x20000bec   Data          60  timer.o(.bss)
    timer_uart                               0x20000c28   Data          60  timer.o(.bss)
    dac_handle                               0x20000c64   Data          20  dac.o(.bss)
    dma_handle                               0x20000c78   Data          88  dac.o(.bss)
    acc_val                                  0x20000cd0   Data          12  accelerometer.o(.bss)
    acc_read                                 0x20000cdc   Data          12  accelerometer.o(.bss)
    tx_x_u                                   0x20000ce8   Data         250  uart.o(.bss)
    tx_x_l                                   0x20000de2   Data         250  uart.o(.bss)
    tx_y_u                                   0x20000edc   Data         250  uart.o(.bss)
    tx_y_l                                   0x20000fd6   Data         250  uart.o(.bss)
    tx_z_u                                   0x200010d0   Data         250  uart.o(.bss)
    tx_z_l                                   0x200011ca   Data         250  uart.o(.bss)
    rx_pitch                                 0x200012c4   Data         250  uart.o(.bss)
    rx_pitch_cvt                             0x200013c0   Data        1000  uart.o(.bss)
    rx_roll                                  0x200017a8   Data         250  uart.o(.bss)
    uart_handle                              0x200018a4   Data          64  uart.o(.bss)
    SpiHandle                                0x200018e4   Data          88  lis3dsh.o(.bss)
    __initial_sp                             0x20001d40   Data           0  startup_stm32f407xx.o(STACK)



==============================================================================

Memory Map of the image

  Image Entry point : 0x08000189

  Load Region LR_IROM1 (Base: 0x08000000, Size: 0x000058f4, Max: 0x00100000, ABSOLUTE)

    Execution Region ER_IROM1 (Base: 0x08000000, Size: 0x000058c0, Max: 0x00100000, ABSOLUTE)

    Base Addr    Size         Type   Attr      Idx    E Section Name        Object

    0x08000000   0x00000188   Data   RO         5131    RESET               startup_stm32f407xx.o
    0x08000188   0x00000000   Code   RO         5211  * .ARM.Collect$$$$00000000  mc_w.l(entry.o)
    0x08000188   0x00000004   Code   RO         5534    .ARM.Collect$$$$00000001  mc_w.l(entry2.o)
    0x0800018c   0x00000004   Code   RO         5537    .ARM.Collect$$$$00000004  mc_w.l(entry5.o)
    0x08000190   0x00000000   Code   RO         5539    .ARM.Collect$$$$00000008  mc_w.l(entry7b.o)
    0x08000190   0x00000000   Code   RO         5541    .ARM.Collect$$$$0000000A  mc_w.l(entry8b.o)
    0x08000190   0x00000008   Code   RO         5542    .ARM.Collect$$$$0000000B  mc_w.l(entry9a.o)
    0x08000198   0x00000000   Code   RO         5544    .ARM.Collect$$$$0000000D  mc_w.l(entry10a.o)
    0x08000198   0x00000000   Code   RO         5546    .ARM.Collect$$$$0000000F  mc_w.l(entry11a.o)
    0x08000198   0x00000004   Code   RO         5535    .ARM.Collect$$$$00002712  mc_w.l(entry2.o)
    0x0800019c   0x00000024   Code   RO         5132    .text               startup_stm32f407xx.o
    0x080001c0   0x00000024   Code   RO         5220    .text               mc_w.l(memcpya.o)
    0x080001e4   0x0000014e   Code   RO         5485    .text               mf_w.l(dadd.o)
    0x08000332   0x000000e4   Code   RO         5487    .text               mf_w.l(dmul.o)
    0x08000416   0x000000de   Code   RO         5489    .text               mf_w.l(ddiv.o)
    0x080004f4   0x00000026   Code   RO         5491    .text               mf_w.l(f2d.o)
    0x0800051a   0x00000038   Code   RO         5493    .text               mf_w.l(d2f.o)
    0x08000552   0x0000002c   Code   RO         5548    .text               mc_w.l(uidiv.o)
    0x0800057e   0x00000062   Code   RO         5550    .text               mc_w.l(uldiv.o)
    0x080005e0   0x0000001e   Code   RO         5552    .text               mc_w.l(llshl.o)
    0x080005fe   0x00000024   Code   RO         5554    .text               mc_w.l(llsshr.o)
    0x08000622   0x00000000   Code   RO         5563    .text               mc_w.l(iusefp.o)
    0x08000622   0x0000006e   Code   RO         5564    .text               mf_w.l(fepilogue.o)
    0x08000690   0x000000ba   Code   RO         5566    .text               mf_w.l(depilogue.o)
    0x0800074a   0x0000002e   Code   RO         5570    .text               mf_w.l(dscalb.o)
    0x08000778   0x000000a2   Code   RO         5572    .text               mf_w.l(dsqrt.o)
    0x0800081a   0x00000022   Code   RO         5574    .text               mf_w.l(dflti.o)
    0x0800083c   0x00000030   Code   RO         5576    .text               mf_w.l(dfixul.o)
    0x0800086c   0x00000030   Code   RO         5580    .text               mf_w.l(cdrcmple.o)
    0x0800089c   0x00000024   Code   RO         5582    .text               mc_w.l(init.o)
    0x080008c0   0x00000020   Code   RO         5584    .text               mc_w.l(llushr.o)
    0x080008e0   0x00000042   Code   RO          399    i.ACC_Initialize    accelerometer.o
    0x08000922   0x00000004   Code   RO          193    i.BusFault_Handler  stm32f4xx_it.o
    0x08000926   0x00000012   Code   RO         1366    i.DAC_DMAConvCpltCh1  stm32f4xx_hal_dac.o
    0x08000938   0x00000012   Code   RO         1507    i.DAC_DMAConvCpltCh2  stm32f4xx_hal_dac_ex.o
    0x0800094a   0x0000001a   Code   RO         1367    i.DAC_DMAErrorCh1   stm32f4xx_hal_dac.o
    0x08000964   0x0000001a   Code   RO         1508    i.DAC_DMAErrorCh2   stm32f4xx_hal_dac_ex.o
    0x0800097e   0x0000000e   Code   RO         1368    i.DAC_DMAHalfConvCpltCh1  stm32f4xx_hal_dac.o
    0x0800098c   0x0000000e   Code   RO         1509    i.DAC_DMAHalfConvCpltCh2  stm32f4xx_hal_dac_ex.o
    0x0800099a   0x00000002   PAD
    0x0800099c   0x00000060   Code   RO          335    i.DAC_Initialize    dac.o
    0x080009fc   0x000000cc   Code   RO          336    i.DAC_Set           dac.o
    0x08000ac8   0x00000010   Code   RO          194    i.DMA1_Stream5_IRQHandler  stm32f4xx_it.o
    0x08000ad8   0x00000034   Code   RO         1591    i.DMA_CalcBaseAndBitshift  stm32f4xx_hal_dma.o
    0x08000b0c   0x0000009c   Code   RO          337    i.DMA_Initialize    dac.o
    0x08000ba8   0x0000002c   Code   RO         1592    i.DMA_SetConfig     stm32f4xx_hal_dma.o
    0x08000bd4   0x00000002   Code   RO          195    i.DebugMon_Handler  stm32f4xx_it.o
    0x08000bd6   0x0000000a   Code   RO          196    i.EXTI0_IRQHandler  stm32f4xx_it.o
    0x08000be0   0x000002ac   Code   RO          488    i.Error_Handler     error_func.o
    0x08000e8c   0x0000013c   Code   RO          375    i.GPIO_Initialize   gpio.o
    0x08000fc8   0x00000002   Code   RO         1510    i.HAL_DACEx_ConvCpltCallbackCh2  stm32f4xx_hal_dac_ex.o
    0x08000fca   0x00000002   Code   RO         1511    i.HAL_DACEx_ConvHalfCpltCallbackCh2  stm32f4xx_hal_dac_ex.o
    0x08000fcc   0x00000002   Code   RO         1515    i.HAL_DACEx_ErrorCallbackCh2  stm32f4xx_hal_dac_ex.o
    0x08000fce   0x0000005a   Code   RO         1369    i.HAL_DAC_ConfigChannel  stm32f4xx_hal_dac.o
    0x08001028   0x0000000c   Code   RO          197    i.HAL_DAC_ConvCpltCallbackCh1  stm32f4xx_it.o
    0x08001034   0x00000002   Code   RO         1371    i.HAL_DAC_ConvHalfCpltCallbackCh1  stm32f4xx_hal_dac.o
    0x08001036   0x00000002   Code   RO         1374    i.HAL_DAC_ErrorCallbackCh1  stm32f4xx_hal_dac.o
    0x08001038   0x00000010   Code   RO         1377    i.HAL_DAC_GetValue  stm32f4xx_hal_dac.o
    0x08001048   0x00000028   Code   RO         1379    i.HAL_DAC_Init      stm32f4xx_hal_dac.o
    0x08001070   0x00000002   Code   RO         1381    i.HAL_DAC_MspInit   stm32f4xx_hal_dac.o
    0x08001072   0x00000002   PAD
    0x08001074   0x00000120   Code   RO         1384    i.HAL_DAC_Start_DMA  stm32f4xx_hal_dac.o
    0x08001194   0x0000004a   Code   RO         1386    i.HAL_DAC_Stop_DMA  stm32f4xx_hal_dac.o
    0x080011de   0x0000005e   Code   RO         1593    i.HAL_DMA_Abort     stm32f4xx_hal_dma.o
    0x0800123c   0x00000218   Code   RO         1597    i.HAL_DMA_IRQHandler  stm32f4xx_hal_dma.o
    0x08001454   0x00000084   Code   RO         1598    i.HAL_DMA_Init      stm32f4xx_hal_dma.o
    0x080014d8   0x0000006a   Code   RO         1601    i.HAL_DMA_Start_IT  stm32f4xx_hal_dma.o
    0x08001542   0x0000001a   Code   RO          824    i.HAL_Delay         stm32f4xx_hal.o
    0x0800155c   0x00000024   Code   RO          198    i.HAL_GPIO_EXTI_Callback  stm32f4xx_it.o
    0x08001580   0x0000001c   Code   RO         1940    i.HAL_GPIO_EXTI_IRQHandler  stm32f4xx_hal_gpio.o
    0x0800159c   0x0000020c   Code   RO         1941    i.HAL_GPIO_Init     stm32f4xx_hal_gpio.o
    0x080017a8   0x0000000c   Code   RO         1945    i.HAL_GPIO_WritePin  stm32f4xx_hal_gpio.o
    0x080017b4   0x0000000c   Code   RO          830    i.HAL_GetTick       stm32f4xx_hal.o
    0x080017c0   0x00000010   Code   RO          831    i.HAL_IncTick       stm32f4xx_hal.o
    0x080017d0   0x0000003c   Code   RO          832    i.HAL_Init          stm32f4xx_hal.o
    0x0800180c   0x00000024   Code   RO          833    i.HAL_InitTick      stm32f4xx_hal.o
    0x08001830   0x0000000a   Code   RO          835    i.HAL_MspInit       stm32f4xx_hal.o
    0x0800183a   0x00000020   Code   RO         1241    i.HAL_NVIC_EnableIRQ  stm32f4xx_hal_cortex.o
    0x0800185a   0x0000007c   Code   RO         1247    i.HAL_NVIC_SetPriority  stm32f4xx_hal_cortex.o
    0x080018d6   0x00000002   PAD
    0x080018d8   0x00000028   Code   RO         1248    i.HAL_NVIC_SetPriorityGrouping  stm32f4xx_hal_cortex.o
    0x08001900   0x000002b0   Code   RO         2791    i.HAL_RCC_ClockConfig  stm32f4xx_hal_rcc.o
    0x08001bb0   0x00000038   Code   RO         2796    i.HAL_RCC_GetHCLKFreq  stm32f4xx_hal_rcc.o
    0x08001be8   0x0000002c   Code   RO         2798    i.HAL_RCC_GetPCLK1Freq  stm32f4xx_hal_rcc.o
    0x08001c14   0x0000002c   Code   RO         2799    i.HAL_RCC_GetPCLK2Freq  stm32f4xx_hal_rcc.o
    0x08001c40   0x000000b4   Code   RO         2800    i.HAL_RCC_GetSysClockFreq  stm32f4xx_hal_rcc.o
    0x08001cf4   0x00000408   Code   RO         2803    i.HAL_RCC_OscConfig  stm32f4xx_hal_rcc.o
    0x080020fc   0x00000030   Code   RO         3300    i.HAL_SPI_DeInit    stm32f4xx_hal_spi.o
    0x0800212c   0x00000088   Code   RO         3305    i.HAL_SPI_Init      stm32f4xx_hal_spi.o
    0x080021b4   0x00000002   Code   RO         3306    i.HAL_SPI_MspDeInit  stm32f4xx_hal_spi.o
    0x080021b6   0x00000002   PAD
    0x080021b8   0x000000ec   Code   RO          645    i.HAL_SPI_MspInit   lis3dsh.o
    0x080022a4   0x00000028   Code   RO         1250    i.HAL_SYSTICK_CLKSourceConfig  stm32f4xx_hal_cortex.o
    0x080022cc   0x00000034   Code   RO         1252    i.HAL_SYSTICK_Config  stm32f4xx_hal_cortex.o
    0x08002300   0x00000002   Code   RO         4302    i.HAL_TIMEx_BreakCallback  stm32f4xx_hal_tim_ex.o
    0x08002302   0x00000002   Code   RO         4303    i.HAL_TIMEx_CommutationCallback  stm32f4xx_hal_tim_ex.o
    0x08002304   0x00000062   Code   RO         4319    i.HAL_TIMEx_MasterConfigSynchronization  stm32f4xx_hal_tim_ex.o
    0x08002366   0x00000034   Code   RO         3663    i.HAL_TIM_Base_Init  stm32f4xx_hal_tim.o
    0x0800239a   0x00000002   Code   RO         3665    i.HAL_TIM_Base_MspInit  stm32f4xx_hal_tim.o
    0x0800239c   0x0000001e   Code   RO         3668    i.HAL_TIM_Base_Start_IT  stm32f4xx_hal_tim.o
    0x080023ba   0x00000002   Code   RO         3692    i.HAL_TIM_IC_CaptureCallback  stm32f4xx_hal_tim.o
    0x080023bc   0x00000196   Code   RO         3705    i.HAL_TIM_IRQHandler  stm32f4xx_hal_tim.o
    0x08002552   0x00000002   Code   RO         3708    i.HAL_TIM_OC_DelayElapsedCallback  stm32f4xx_hal_tim.o
    0x08002554   0x00000002   Code   RO         3735    i.HAL_TIM_PWM_PulseFinishedCallback  stm32f4xx_hal_tim.o
    0x08002556   0x00000002   PAD
    0x08002558   0x00000024   Code   RO          199    i.HAL_TIM_PeriodElapsedCallback  stm32f4xx_it.o
    0x0800257c   0x00000002   Code   RO         3746    i.HAL_TIM_TriggerCallback  stm32f4xx_hal_tim.o
    0x0800257e   0x0000006e   Code   RO         4557    i.HAL_UART_Init     stm32f4xx_hal_uart.o
    0x080025ec   0x00000002   Code   RO         4559    i.HAL_UART_MspInit  stm32f4xx_hal_uart.o
    0x080025ee   0x000000f8   Code   RO         4560    i.HAL_UART_Receive  stm32f4xx_hal_uart.o
    0x080026e6   0x000000f0   Code   RO         4565    i.HAL_UART_Transmit  stm32f4xx_hal_uart.o
    0x080027d6   0x00000004   Code   RO          200    i.HardFault_Handler  stm32f4xx_it.o
    0x080027da   0x00000002   PAD
    0x080027dc   0x00000030   Code   RO          742    i.ITM_SendChar      retarget_io.o
    0x0800280c   0x0000002a   Code   RO          647    i.LIS3DSH_DataReadyInterruptConfig  lis3dsh.o
    0x08002836   0x00000002   PAD
    0x08002838   0x000000dc   Code   RO          649    i.LIS3DSH_Init      lis3dsh.o
    0x08002914   0x0000004c   Code   RO          651    i.LIS3DSH_Read      lis3dsh.o
    0x08002960   0x00000244   Code   RO          652    i.LIS3DSH_ReadACC   lis3dsh.o
    0x08002ba4   0x00000074   Code   RO          653    i.LIS3DSH_SendByte  lis3dsh.o
    0x08002c18   0x00000004   Code   RO          654    i.LIS3DSH_TIMEOUT_UserCallback  lis3dsh.o
    0x08002c1c   0x00000044   Code   RO          655    i.LIS3DSH_Write     lis3dsh.o
    0x08002c60   0x00000004   Code   RO          201    i.MemManage_Handler  stm32f4xx_it.o
    0x08002c64   0x00000002   Code   RO          202    i.NMI_Handler       stm32f4xx_it.o
    0x08002c66   0x00000002   Code   RO          203    i.PendSV_Handler    stm32f4xx_it.o
    0x08002c68   0x0000000a   Code   RO          656    i.SPI_ReceiveData   lis3dsh.o
    0x08002c72   0x00000006   Code   RO          657    i.SPI_SendData      lis3dsh.o
    0x08002c78   0x00000002   Code   RO          204    i.SVC_Handler       stm32f4xx_it.o
    0x08002c7a   0x00000008   Code   RO          205    i.SysTick_Handler   stm32f4xx_it.o
    0x08002c82   0x00000002   PAD
    0x08002c84   0x000000b8   Code   RO            4    i.SystemClock_Config  main.o
    0x08002d3c   0x00000064   Code   RO         5140    i.SystemInit        system_stm32f4xx.o
    0x08002da0   0x00000010   Code   RO          206    i.TIM3_IRQHandler   stm32f4xx_it.o
    0x08002db0   0x000000e4   Code   RO         3747    i.TIM_Base_SetConfig  stm32f4xx_hal_tim.o
    0x08002e94   0x000000e8   Code   RO          305    i.TIM_Initialize    timer.o
    0x08002f7c   0x0000007c   Code   RO          512    i.UART_Initialize   uart.o
    0x08002ff8   0x0000006c   Code   RO          513    i.UART_Receive      uart.o
    0x08003064   0x00000224   Code   RO         4577    i.UART_SetConfig    stm32f4xx_hal_uart.o
    0x08003288   0x000000c8   Code   RO          514    i.UART_Transmit     uart.o
    0x08003350   0x0000002e   Code   RO          515    i.UART_Transmit_Arr  uart.o
    0x0800337e   0x000000fa   Code   RO         4579    i.UART_WaitOnFlagUntilTimeout  stm32f4xx_hal_uart.o
    0x08003478   0x00000004   Code   RO          207    i.UsageFault_Handler  stm32f4xx_it.o
    0x0800347c   0x00000020   Code   RO         5457    i.__0printf         mc_w.l(printfa.o)
    0x0800349c   0x00000030   Code   RO         5529    i.__ARM_fpclassify  m_wm.l(fpclassify.o)
    0x080034cc   0x00000010   Code   RO         1254    i.__NVIC_GetPriorityGrouping  stm32f4xx_hal_cortex.o
    0x080034dc   0x00000028   Code   RO         1255    i.__NVIC_SetPriority  stm32f4xx_hal_cortex.o
    0x08003504   0x00000004   PAD
    0x08003508   0x000002d8   Code   RO         5495    i.__hardfp_atan     m_wm.l(atan.o)
    0x080037e0   0x000001f0   Code   RO         5173    i.__hardfp_atan2    m_wm.l(atan2.o)
    0x080039d0   0x00000c50   Code   RO         5185    i.__hardfp_pow      m_wm.l(pow.o)
    0x08004620   0x0000007a   Code   RO         5199    i.__hardfp_sqrt     m_wm.l(sqrt.o)
    0x0800469a   0x000000f8   Code   RO         5531    i.__kernel_poly     m_wm.l(poly.o)
    0x08004792   0x00000006   PAD
    0x08004798   0x00000030   Code   RO         5509    i.__mathlib_dbl_divzero  m_wm.l(dunder.o)
    0x080047c8   0x00000014   Code   RO         5510    i.__mathlib_dbl_infnan  m_wm.l(dunder.o)
    0x080047dc   0x00000014   Code   RO         5511    i.__mathlib_dbl_infnan2  m_wm.l(dunder.o)
    0x080047f0   0x00000020   Code   RO         5512    i.__mathlib_dbl_invalid  m_wm.l(dunder.o)
    0x08004810   0x00000020   Code   RO         5513    i.__mathlib_dbl_overflow  m_wm.l(dunder.o)
    0x08004830   0x00000020   Code   RO         5515    i.__mathlib_dbl_underflow  m_wm.l(dunder.o)
    0x08004850   0x0000000e   Code   RO         5588    i.__scatterload_copy  mc_w.l(handlers.o)
    0x0800485e   0x00000002   Code   RO         5589    i.__scatterload_null  mc_w.l(handlers.o)
    0x08004860   0x0000000e   Code   RO         5590    i.__scatterload_zeroinit  mc_w.l(handlers.o)
    0x0800486e   0x00000002   PAD
    0x08004870   0x0000000c   Code   RO         5558    i.__set_errno       mc_w.l(errno.o)
    0x0800487c   0x00000184   Code   RO         5464    i._fp_digits        mc_w.l(printfa.o)
    0x08004a00   0x000006dc   Code   RO         5465    i._printf_core      mc_w.l(printfa.o)
    0x080050dc   0x00000024   Code   RO         5466    i._printf_post_padding  mc_w.l(printfa.o)
    0x08005100   0x0000002e   Code   RO         5467    i._printf_pre_padding  mc_w.l(printfa.o)
    0x0800512e   0x00000010   Code   RO         5497    i.atan              m_wm.l(atan.o)
    0x0800513e   0x00000002   PAD
    0x08005140   0x00000014   Code   RO          400    i.cmpACC            accelerometer.o
    0x08005154   0x00000020   Code   RO          401    i.cmpAngle          accelerometer.o
    0x08005174   0x00000016   Code   RO          516    i.complConvert      uart.o
    0x0800518a   0x00000006   Code   RO          517    i.data16to8_L       uart.o
    0x08005190   0x00000006   Code   RO          518    i.data16to8_R       uart.o
    0x08005196   0x00000002   PAD
    0x08005198   0x000000d8   Code   RO          519    i.dataFormat        uart.o
    0x08005270   0x0000000c   Code   RO          520    i.data_pitch        uart.o
    0x0800527c   0x00000018   Code   RO         5525    i.fabs              m_wm.l(fabs.o)
    0x08005294   0x00000020   Code   RO          747    i.fputc             retarget_io.o
    0x080052b4   0x00000014   Code   RO          402    i.getACC            accelerometer.o
    0x080052c8   0x00000010   Code   RO          403    i.getAngle          accelerometer.o
    0x080052d8   0x000001a0   Code   RO            5    i.main              main.o
    0x08005478   0x00000020   Code   RO          404    i.parseAxis         accelerometer.o
    0x08005498   0x00000114   Code   RO          405    i.pitch_cmp         accelerometer.o
    0x080055ac   0x00000014   Code   RO          406    i.rangeConvert      accelerometer.o
    0x080055c0   0x0000000c   Code   RO          407    i.readData          accelerometer.o
    0x080055cc   0x00000114   Code   RO          408    i.roll_cmp          accelerometer.o
    0x080056e0   0x0000006e   Code   RO         5201    i.sqrt              m_wm.l(sqrt.o)
    0x0800574e   0x0000000c   Code   RO          748    i.stdout_putchar    retarget_io.o
    0x0800575a   0x00000008   Data   RO         1602    .constdata          stm32f4xx_hal_dma.o
    0x08005762   0x00000010   Data   RO         2804    .constdata          stm32f4xx_hal_rcc.o
    0x08005772   0x00000006   PAD
    0x08005778   0x00000088   Data   RO         5188    .constdata          m_wm.l(pow.o)
    0x08005800   0x00000098   Data   RO         5498    .constdata          m_wm.l(atan.o)
    0x08005898   0x00000008   Data   RO         5533    .constdata          m_wm.l(qnan.o)
    0x080058a0   0x00000020   Data   RO         5586    Region$$Table       anon$$obj.o


    Execution Region RW_IRAM1 (Base: 0x20000000, Size: 0x00001d40, Max: 0x00020000, ABSOLUTE)

    Base Addr    Size         Type   Attr      Idx    E Section Name        Object

    0x20000000   0x00000010   Data   RW            7    .data               main.o
    0x20000010   0x00000005   Data   RW          339    .data               dac.o
    0x20000015   0x00000003   PAD
    0x20000018   0x00000008   Data   RW          410    .data               accelerometer.o
    0x20000020   0x00000004   Data   RW          659    .data               lis3dsh.o
    0x20000024   0x00000004   Data   RW          838    .data               stm32f4xx_hal.o
    0x20000028   0x00000004   Data   RW         5142    .data               system_stm32f4xx.o
    0x2000002c   0x00000004   Data   RW         5218    .data               mc_w.l(stdout.o)
    0x20000030   0x00000004   Data   RW         5559    .data               mc_w.l(errno.o)
    0x20000034   0x00000bb8   Zero   RW            6    .bss                main.o
    0x20000bec   0x00000078   Zero   RW          306    .bss                timer.o
    0x20000c64   0x0000006c   Zero   RW          338    .bss                dac.o
    0x20000cd0   0x00000018   Zero   RW          409    .bss                accelerometer.o
    0x20000ce8   0x00000bfc   Zero   RW          522    .bss                uart.o
    0x200018e4   0x00000058   Zero   RW          658    .bss                lis3dsh.o
    0x2000193c   0x00000004   PAD
    0x20001940   0x00000400   Zero   RW         5129    STACK               startup_stm32f407xx.o


==============================================================================

Image component sizes


      Code (inc. data)   RO Data    RW Data    ZI Data      Debug   Object Name

       770         78          0          8         24      13851   accelerometer.o
       456         76          0          5        108       2419   dac.o
       684        498          0          0          0        728   error_func.o
       316         22          0          0          0       1234   gpio.o
      1358        136          0          4         88       7684   lis3dsh.o
       600         48          0         16       3000     379305   main.o
        92         12          0          0          0       3031   retarget_io.o
        36          8        392          0       1024        876   startup_stm32f407xx.o
       160         16          0          4          0       5024   stm32f4xx_hal.o
       344         22          0          0          0      34849   stm32f4xx_hal_cortex.o
       572         26          0          0          0       8364   stm32f4xx_hal_dac.o
        64          0          0          0          0       4373   stm32f4xx_hal_dac_ex.o
       964         16          8          0          0       5471   stm32f4xx_hal_dma.o
       564         52          0          0          0       3231   stm32f4xx_hal_gpio.o
      2044         66         16          0          0       6295   stm32f4xx_hal_rcc.o
       186          0          0          0          0       2536   stm32f4xx_hal_spi.o
       726         44          0          0          0       6694   stm32f4xx_hal_tim.o
       102          0          0          0          0       2526   stm32f4xx_hal_tim_ex.o
      1398         10          0          0          0       5758   stm32f4xx_hal_uart.o
       158         34          0          0          0       7995   stm32f4xx_it.o
       100         18          0          4          0       1289   system_stm32f4xx.o
       232         18          0          0        120       1236   timer.o
       740         84          0          0       3068       6236   uart.o

    ----------------------------------------------------------------------
     12688       1288        454         44       7436     511005   Object Totals
         0          0         32          0          0          0   (incl. Generated)
        22          4          6          3          4          0   (incl. Padding)

    ----------------------------------------------------------------------

      Code (inc. data)   RO Data    RW Data    ZI Data      Debug   Library Member Name

       744        106        152          0          0        352   atan.o
       496         64          0          0          0        192   atan2.o
       184         44          0          0          0        744   dunder.o
        24          0          0          0          0        124   fabs.o
        48          0          0          0          0        124   fpclassify.o
       248          0          0          0          0        152   poly.o
      3152        296        136          0          0        352   pow.o
         0          0          8          0          0          0   qnan.o
       232          0          0          0          0        296   sqrt.o
         0          0          0          0          0          0   entry.o
         0          0          0          0          0          0   entry10a.o
         0          0          0          0          0          0   entry11a.o
         8          4          0          0          0          0   entry2.o
         4          0          0          0          0          0   entry5.o
         0          0          0          0          0          0   entry7b.o
         0          0          0          0          0          0   entry8b.o
         8          4          0          0          0          0   entry9a.o
        12          6          0          4          0         68   errno.o
        30          0          0          0          0          0   handlers.o
        36          8          0          0          0         68   init.o
         0          0          0          0          0          0   iusefp.o
        30          0          0          0          0         68   llshl.o
        36          0          0          0          0         68   llsshr.o
        32          0          0          0          0         68   llushr.o
        36          0          0          0          0         68   memcpya.o
      2258         90          0          0          0        452   printfa.o
         0          0          0          4          0          0   stdout.o
        44          0          0          0          0         80   uidiv.o
        98          0          0          0          0         92   uldiv.o
        48          0          0          0          0         68   cdrcmple.o
        56          0          0          0          0         88   d2f.o
       334          0          0          0          0        148   dadd.o
       222          0          0          0          0        100   ddiv.o
       186          0          0          0          0        176   depilogue.o
        48          0          0          0          0         68   dfixul.o
        34          0          0          0          0         76   dflti.o
       228          0          0          0          0         96   dmul.o
        46          0          0          0          0         80   dscalb.o
       162          0          0          0          0        100   dsqrt.o
        38          0          0          0          0         68   f2d.o
       110          0          0          0          0        168   fepilogue.o

    ----------------------------------------------------------------------
      9282        622        296          8          0       4604   Library Totals
        10          0          0          0          0          0   (incl. Padding)

    ----------------------------------------------------------------------

      Code (inc. data)   RO Data    RW Data    ZI Data      Debug   Library Name

      5128        510        296          0          0       2336   m_wm.l
      2632        112          0          8          0       1032   mc_w.l
      1512          0          0          0          0       1236   mf_w.l

    ----------------------------------------------------------------------
      9282        622        296          8          0       4604   Library Totals

    ----------------------------------------------------------------------

==============================================================================


      Code (inc. data)   RO Data    RW Data    ZI Data      Debug   

     21970       1910        750         52       7436     501969   Grand Totals
     21970       1910        750         52       7436     501969   ELF Image Totals
     21970       1910        750         52          0          0   ROM Totals

==============================================================================

    Total RO  Size (Code + RO Data)                22720 (  22.19kB)
    Total RW  Size (RW Data + ZI Data)              7488 (   7.31kB)
    Total ROM Size (Code + RO Data + RW Data)      22772 (  22.24kB)

==============================================================================

